

================================================================
== Vitis HLS Report for 'computeP2'
================================================================
* Date:           Tue Jun 28 01:00:45 2022

* Version:        2020.2 (Build 3064766 on Wed Nov 18 09:12:47 MST 2020)
* Project:        computeP2
* Solution:       solution2 (Vivado IP Flow Target)
* Product family: zynq
* Target device:  xc7z020-clg484-1


================================================================
== Performance Estimates
================================================================
+ Timing: 
    * Summary: 
    +--------+----------+----------+------------+
    |  Clock |  Target  | Estimated| Uncertainty|
    +--------+----------+----------+------------+
    |ap_clk  |  10.00 ns|  7.186 ns|     2.70 ns|
    +--------+----------+----------+------------+

+ Latency: 
    * Summary: 
    +---------+---------+-----------+-----------+---------+---------+---------+
    |  Latency (cycles) |   Latency (absolute)  |      Interval     | Pipeline|
    |   min   |   max   |    min    |    max    |   min   |   max   |   Type  |
    +---------+---------+-----------+-----------+---------+---------+---------+
    |  1437290|  8347940|  14.373 ms|  83.479 ms|  1437291|  8347941|     none|
    +---------+---------+-----------+-----------+---------+---------+---------+

    + Detail: 
        * Instance: 
        +---------------------------------+----------------------+---------+---------+-----------+----------+-------+-------+---------+
        |                                 |                      |  Latency (cycles) |  Latency (absolute)  |    Interval   | Pipeline|
        |             Instance            |        Module        |   min   |   max   |    min    |    max   |  min  |  max  |   Type  |
        +---------------------------------+----------------------+---------+---------+-----------+----------+-------+-------+---------+
        |grp_add_vectors_1_fu_534         |add_vectors_1         |      901|      901|   9.010 us|  9.010 us|    901|    901|     none|
        |grp_linear_combination_fu_544    |linear_combination    |     2646|    19311|  26.460 us|  0.193 ms|   2646|  19311|     none|
        |grp_linear_combination_2_fu_556  |linear_combination_2  |    19311|    19311|   0.193 ms|  0.193 ms|  19311|  19311|     none|
        |grp_linear_combination_1_fu_567  |linear_combination_1  |    19371|    19371|   0.194 ms|  0.194 ms|  19371|  19371|     none|
        |grp_add_vectors_2_fu_579         |add_vectors_2         |      901|      901|   9.010 us|  9.010 us|    901|    901|     none|
        +---------------------------------+----------------------+---------+---------+-----------+----------+-------+-------+---------+

        * Loop: 
        +-------------------------+---------+---------+----------------+-----------+-----------+-------+----------+
        |                         |  Latency (cycles) |    Iteration   |  Initiation Interval  |  Trip |          |
        |        Loop Name        |   min   |   max   |     Latency    |  achieved |   target  | Count | Pipelined|
        +-------------------------+---------+---------+----------------+-----------+-----------+-------+----------+
        |- LOOP_P1                |   955696|  6555136|  17066 ~ 117056|          -|          -|     56|        no|
        | + LOOP_P12              |    17064|   117054|    2844 ~ 19509|          -|          -|      6|        no|
        |  ++ add_vectors_label1  |      195|      195|              13|          -|          -|     15|        no|
        |- LOOP_P2                |   303520|   303520|            5420|          -|          -|     56|        no|
        | + LOOP_P21              |     5418|     5418|             903|          -|          -|      6|        no|
        |- Loop 3                 |    20160|    20160|               1|          -|          -|  20160|        no|
        |- LOOP_P3                |    41004|    41004|            6834|          -|          -|      6|        no|
        | + LOOP_P31              |     6832|     6832|             122|          -|          -|     56|        no|
        |  ++ LOOP_P31.1          |      120|      120|               2|          -|          -|     60|        no|
        |- LOOP_P4                |   116274|  1427484|  19379 ~ 237914|          -|          -|      6|        no|
        | + LOOP_P4_1             |    19377|   237912|   19377 ~ 39652|          -|          -|  1 ~ 6|        no|
        |  ++ LOOP_P4_1.1         |       60|       60|               1|          -|          -|     60|        no|
        |- LOOP_N                 |      630|      630|               1|          -|          -|    630|        no|
        +-------------------------+---------+---------+----------------+-----------+-----------+-------+----------+



================================================================
== Utilization Estimates
================================================================
* Summary: 
+-----------------+---------+-----+--------+-------+-----+
|       Name      | BRAM_18K| DSP |   FF   |  LUT  | URAM|
+-----------------+---------+-----+--------+-------+-----+
|DSP              |        -|    1|       -|      -|    -|
|Expression       |        -|    -|       0|   1065|    -|
|FIFO             |        -|    -|       -|      -|    -|
|Instance         |        3|    3|    3297|   3763|    -|
|Memory           |       20|    -|      20|     10|    -|
|Multiplexer      |        -|    -|       -|    818|    -|
|Register         |        -|    -|     639|      -|    -|
+-----------------+---------+-----+--------+-------+-----+
|Total            |       23|    4|    3956|   5656|    0|
+-----------------+---------+-----+--------+-------+-----+
|Available        |      280|  220|  106400|  53200|    0|
+-----------------+---------+-----+--------+-------+-----+
|Utilization (%)  |        8|    1|       3|     10|    0|
+-----------------+---------+-----+--------+-------+-----+

+ Detail: 
    * Instance: 
    +---------------------------------+-------------------------+---------+----+-----+-----+-----+
    |             Instance            |          Module         | BRAM_18K| DSP|  FF | LUT | URAM|
    +---------------------------------+-------------------------+---------+----+-----+-----+-----+
    |grp_add_vectors_1_fu_534         |add_vectors_1            |        0|   0|  664|  853|    0|
    |grp_add_vectors_2_fu_579         |add_vectors_2            |        0|   0|  641|  725|    0|
    |grp_linear_combination_fu_544    |linear_combination       |        1|   1|  550|  675|    0|
    |grp_linear_combination_1_fu_567  |linear_combination_1     |        1|   1|  564|  697|    0|
    |grp_linear_combination_2_fu_556  |linear_combination_2     |        1|   1|  550|  681|    0|
    |urem_6ns_6ns_5_10_seq_1_U46      |urem_6ns_6ns_5_10_seq_1  |        0|   0|   82|   33|    0|
    |urem_6ns_6ns_5_10_seq_1_U47      |urem_6ns_6ns_5_10_seq_1  |        0|   0|   82|   33|    0|
    |urem_6ns_6ns_5_10_seq_1_U48      |urem_6ns_6ns_5_10_seq_1  |        0|   0|   82|   33|    0|
    |urem_6ns_6ns_5_10_seq_1_U49      |urem_6ns_6ns_5_10_seq_1  |        0|   0|   82|   33|    0|
    +---------------------------------+-------------------------+---------+----+-----+-----+-----+
    |Total                            |                         |        3|   3| 3297| 3763|    0|
    +---------------------------------+-------------------------+---------+----+-----+-----+-----+

    * DSP: 
    +-----------------------------+-------------------------+-----------+
    |           Instance          |          Module         | Expression|
    +-----------------------------+-------------------------+-----------+
    |mul_mul_15s_13ns_15_4_1_U50  |mul_mul_15s_13ns_15_4_1  |    i0 * i1|
    +-----------------------------+-------------------------+-----------+

    * Memory: 
    +---------+-------+---------+----+----+-----+-------+-----+------+-------------+
    |  Memory | Module| BRAM_18K| FF | LUT| URAM| Words | Bits| Banks| W*Bits*Banks|
    +---------+-------+---------+----+----+-----+-------+-----+------+-------------+
    |temp_U   |temp   |       10|   0|   0|    0|  20160|    5|     1|       100800|
    |tempt_U  |tempt  |       10|   0|   0|    0|  20160|    5|     1|       100800|
    |vec_U    |vec    |        0|  10|   5|    0|     60|    5|     1|          300|
    |vec_1_U  |vec    |        0|  10|   5|    0|     60|    5|     1|          300|
    +---------+-------+---------+----+----+-----+-------+-----+------+-------------+
    |Total    |       |       20|  20|  10|    0|  40440|   20|     4|       202200|
    +---------+-------+---------+----+----+-----+-------+-----+------+-------------+

    * FIFO: 
    N/A

    * Expression: 
    +----------------------------------+----------+----+---+----+------------+------------+
    |           Variable Name          | Operation| DSP| FF| LUT| Bitwidth P0| Bitwidth P1|
    +----------------------------------+----------+----+---+----+------------+------------+
    |add_ln117_fu_776_p2               |         +|   0|  0|  14|           6|           3|
    |add_ln119_2_fu_807_p2             |         +|   0|  0|  20|          15|          15|
    |add_ln119_4_fu_860_p2             |         +|   0|  0|  20|          15|          15|
    |add_ln119_6_fu_885_p2             |         +|   0|  0|  20|          15|          15|
    |add_ln119_fu_782_p2               |         +|   0|  0|  20|          15|          15|
    |add_ln14_fu_587_p2                |         +|   0|  0|  14|           6|           1|
    |add_ln18_fu_673_p2                |         +|   0|  0|  11|           3|           1|
    |add_ln23_fu_715_p2                |         +|   0|  0|  10|           9|           9|
    |add_ln24_fu_721_p2                |         +|   0|  0|  13|          10|          10|
    |add_ln29_1_fu_1098_p2             |         +|   0|  0|  13|          10|           3|
    |add_ln29_fu_969_p2                |         +|   0|  0|  14|           6|           1|
    |add_ln33_fu_1005_p2               |         +|   0|  0|  11|           3|           1|
    |add_ln36_fu_1021_p2               |         +|   0|  0|  13|          10|          10|
    |add_ln37_fu_1092_p2               |         +|   0|  0|  13|          10|           1|
    |add_ln43_fu_1121_p2               |         +|   0|  0|  11|           3|           1|
    |add_ln47_fu_1167_p2               |         +|   0|  0|  14|           6|           1|
    |add_ln50_1_fu_1248_p2             |         +|   0|  0|  10|          10|          10|
    |add_ln50_fu_1183_p2               |         +|   0|  0|  13|          10|          10|
    |add_ln55_1_fu_1334_p2             |         +|   0|  0|  11|           3|           1|
    |add_ln55_2_fu_1318_p2             |         +|   0|  0|  20|          15|          12|
    |add_ln55_fu_1385_p2               |         +|   0|  0|  11|           3|           2|
    |add_ln59_fu_1485_p2               |         +|   0|  0|  71|          64|           1|
    |add_ln69_fu_1479_p2               |         +|   0|  0|  71|          64|           1|
    |add_ln80_fu_1502_p2               |         +|   0|  0|  12|          11|           2|
    |add_ptr483_sum_fu_1309_p2         |         +|   0|  0|  20|          15|          15|
    |add_ptr534_sum_fu_1299_p2         |         +|   0|  0|  20|          15|          15|
    |counter_1_fu_1395_p2              |         +|   0|  0|  14|           6|           6|
    |empty_47_fu_1104_p2               |         +|   0|  0|  20|          15|           1|
    |empty_52_fu_1283_p2               |         +|   0|  0|  14|           6|           1|
    |empty_58_fu_1462_p2               |         +|   0|  0|  14|           6|           1|
    |p1_counter_2_fu_756_p2            |         +|   0|  0|  12|          12|          12|
    |tmp_1_fu_839_p2                   |         +|   0|  0|  14|           6|           6|
    |tmp_2_fu_913_p2                   |         +|   0|  0|  14|           6|           6|
    |tmp_3_fu_927_p2                   |         +|   0|  0|  14|           6|           6|
    |tmp_fu_825_p2                     |         +|   0|  0|  14|           6|           6|
    |empty_40_fu_657_p2                |         -|   0|  0|  13|          10|          10|
    |empty_44_fu_999_p2                |         -|   0|  0|  13|          10|          10|
    |empty_50_fu_1161_p2               |         -|   0|  0|  13|          10|          10|
    |empty_55_fu_1360_p2               |         -|   0|  0|  14|           9|           9|
    |mul_fu_627_p2                     |         -|   0|  0|  24|          17|          17|
    |sub_ln23_1_fu_709_p2              |         -|   0|  0|  10|           9|           9|
    |sub_ln23_fu_663_p2                |         -|   0|  0|  14|           5|           6|
    |sub_ln24_fu_750_p2                |         -|   0|  0|  20|          15|          15|
    |sub_ln36_1_fu_1085_p2             |         -|   0|  0|  24|          17|          17|
    |sub_ln36_fu_1050_p2               |         -|   0|  0|  20|          15|          15|
    |sub_ln50_1_fu_1242_p2             |         -|   0|  0|  10|          10|          10|
    |sub_ln50_2_fu_1277_p2             |         -|   0|  0|  20|          15|          15|
    |sub_ln50_fu_1212_p2               |         -|   0|  0|  20|          15|          15|
    |sub_ln62_1_fu_1425_p2             |         -|   0|  0|  12|          11|          11|
    |sub_ln62_fu_1456_p2               |         -|   0|  0|  14|           9|           9|
    |ap_block_state35_on_subcall_done  |       and|   0|  0|   2|           1|           1|
    |exitcond2_fu_1473_p2              |      icmp|   0|  0|  10|           6|           4|
    |exitcond426_fu_1293_p2            |      icmp|   0|  0|  10|           6|           4|
    |exitcond5511_fu_1115_p2           |      icmp|   0|  0|  12|          15|          15|
    |icmp_ln117_fu_770_p2              |      icmp|   0|  0|  10|           6|           4|
    |icmp_ln14_fu_597_p2               |      icmp|   0|  0|  10|           6|           5|
    |icmp_ln18_fu_683_p2               |      icmp|   0|  0|   8|           3|           3|
    |icmp_ln29_fu_963_p2               |      icmp|   0|  0|  10|           6|           5|
    |icmp_ln33_fu_1015_p2              |      icmp|   0|  0|   8|           3|           3|
    |icmp_ln43_fu_1131_p2              |      icmp|   0|  0|   8|           3|           3|
    |icmp_ln47_fu_1177_p2              |      icmp|   0|  0|  10|           6|           5|
    |icmp_ln55_fu_1328_p2              |      icmp|   0|  0|   8|           3|           3|
    |icmp_ln59_fu_1370_p2              |      icmp|   0|  0|  29|          64|           3|
    |icmp_ln64_fu_1380_p2              |      icmp|   0|  0|  29|          64|          64|
    |icmp_ln80_fu_1496_p2              |      icmp|   0|  0|  11|          11|          11|
    |or_ln117_1_fu_845_p2              |        or|   0|  0|   6|           6|           2|
    |or_ln117_2_fu_870_p2              |        or|   0|  0|   6|           6|           2|
    |or_ln117_fu_792_p2                |        or|   0|  0|   6|           6|           1|
    |or_ln80_fu_1508_p2                |        or|   0|  0|  11|          11|           1|
    +----------------------------------+----------+----+---+----+------------+------------+
    |Total                             |          |   0|  0|1065|         830|         533|
    +----------------------------------+----------+----+---+----+------------+------------+

    * Multiplexer: 
    +----------------------+-----+-----------+-----+-----------+
    |         Name         | LUT | Input Size| Bits| Total Bits|
    +----------------------+-----+-----------+-----+-----------+
    |P1_address0           |   14|          3|   17|         51|
    |P1_ce0                |   14|          3|    1|          3|
    |P1_ce1                |    9|          2|    1|          2|
    |P2_address0           |   20|          4|   11|         44|
    |P2_ce0                |   20|          4|    1|          4|
    |P2_d0                 |   20|          4|    8|         32|
    |P2_we0                |   20|          4|    1|          4|
    |ap_NS_fsm             |  164|         37|    1|         37|
    |counter_2_reg_492     |    9|          2|   64|        128|
    |counter_reg_468       |    9|          2|    6|         12|
    |empty_46_reg_401      |    9|          2|   15|         30|
    |empty_57_reg_512      |    9|          2|    6|         12|
    |i_4_reg_369           |    9|          2|    6|         12|
    |i_5_reg_412           |    9|          2|    3|          6|
    |i_6_reg_345           |    9|          2|    6|         12|
    |i_7_reg_523           |    9|          2|   11|         22|
    |i_9_reg_457           |    9|          2|    3|          6|
    |i_reg_311             |    9|          2|    6|         12|
    |j_1_reg_380           |    9|          2|    3|          6|
    |j_3_reg_423           |    9|          2|    6|         12|
    |j_4_reg_502           |    9|          2|   64|        128|
    |j_reg_334             |    9|          2|    3|          6|
    |loop_index_reg_434    |    9|          2|    6|         12|
    |oil_space_address0    |   20|          4|    9|         36|
    |oil_space_ce0         |   20|          4|    1|          4|
    |p1_counter_1_reg_357  |    9|          2|   10|         20|
    |p1_counter_3_reg_391  |    9|          2|   10|         20|
    |p1_counter_reg_322    |    9|          2|   12|         24|
    |phi_ln59_reg_445      |    9|          2|    3|          6|
    |phi_mul_reg_480       |    9|          2|   15|         30|
    |temp_address0         |   37|          7|   15|        105|
    |temp_address1         |   25|          5|   15|         75|
    |temp_ce0              |   14|          3|    1|          3|
    |temp_d0               |   20|          4|    5|         20|
    |temp_d1               |   14|          3|    5|         15|
    |temp_we0              |   14|          3|    1|          3|
    |tempt_address0        |   25|          5|   15|         75|
    |tempt_ce0             |   20|          4|    1|          4|
    |tempt_d0              |   14|          3|    5|         15|
    |vec_1_address0        |   20|          4|    6|         24|
    |vec_1_ce0             |   20|          4|    1|          4|
    |vec_1_ce1             |    9|          2|    1|          2|
    |vec_1_d0              |   14|          3|    5|         15|
    |vec_1_we0             |   14|          3|    1|          3|
    |vec_address0          |   20|          4|    6|         24|
    |vec_address1          |   14|          3|    6|         18|
    |vec_ce0               |   14|          3|    1|          3|
    |vec_we0               |    9|          2|    1|          2|
    +----------------------+-----+-----------+-----+-----------+
    |Total                 |  818|        174|  400|       1143|
    +----------------------+-----+-----------+-----+-----------+

    * Register: 
    +----------------------------------------------+----+----+-----+-----------+
    |                     Name                     | FF | LUT| Bits| Const Bits|
    +----------------------------------------------+----+----+-----+-----------+
    |add_ln117_reg_1588                            |   6|   0|    6|          0|
    |add_ln14_reg_1526                             |   6|   0|    6|          0|
    |add_ln18_reg_1559                             |   3|   0|    3|          0|
    |add_ln23_reg_1567                             |   9|   0|    9|          0|
    |add_ln29_reg_1656                             |   6|   0|    6|          0|
    |add_ln33_reg_1666                             |   3|   0|    3|          0|
    |add_ln37_reg_1684                             |  10|   0|   10|          0|
    |add_ln43_reg_1702                             |   3|   0|    3|          0|
    |add_ln47_reg_1720                             |   6|   0|    6|          0|
    |add_ln55_1_reg_1770                           |   3|   0|    3|          0|
    |add_ln55_2_reg_1756                           |  15|   0|   15|          0|
    |add_ptr483_sum_reg_1751                       |  15|   0|   15|          0|
    |ap_CS_fsm                                     |  36|   0|   36|          0|
    |counter_2_reg_492                             |  64|   0|   64|          0|
    |counter_reg_468                               |   6|   0|    6|          0|
    |empty_40_reg_1544                             |   9|   0|   10|          1|
    |empty_44_reg_1661                             |   9|   0|   10|          1|
    |empty_46_reg_401                              |  15|   0|   15|          0|
    |empty_50_reg_1715                             |   7|   0|   10|          3|
    |empty_52_reg_1738                             |   6|   0|    6|          0|
    |empty_55_reg_1775                             |   6|   0|    9|          3|
    |empty_57_reg_512                              |   6|   0|    6|          0|
    |grp_add_vectors_1_fu_534_ap_start_reg         |   1|   0|    1|          0|
    |grp_add_vectors_2_fu_579_ap_start_reg         |   1|   0|    1|          0|
    |grp_linear_combination_1_fu_567_ap_start_reg  |   1|   0|    1|          0|
    |grp_linear_combination_2_fu_556_ap_start_reg  |   1|   0|    1|          0|
    |grp_linear_combination_fu_544_ap_start_reg    |   1|   0|    1|          0|
    |i_4_reg_369                                   |   6|   0|    6|          0|
    |i_5_reg_412                                   |   3|   0|    3|          0|
    |i_6_reg_345                                   |   6|   0|    6|          0|
    |i_7_reg_523                                   |  11|   0|   11|          0|
    |i_9_reg_457                                   |   3|   0|    3|          0|
    |i_reg_311                                     |   6|   0|    6|          0|
    |icmp_ln64_reg_1793                            |   1|   0|    1|          0|
    |j_1_reg_380                                   |   3|   0|    3|          0|
    |j_3_reg_423                                   |   6|   0|    6|          0|
    |j_4_reg_502                                   |  64|   0|   64|          0|
    |j_reg_334                                     |   3|   0|    3|          0|
    |loop_index_reg_434                            |   6|   0|    6|          0|
    |mul_ln62_reg_1807                             |  15|   0|   15|          0|
    |mul_reg_1539                                  |  15|   0|   17|          2|
    |p1_counter_1_reg_357                          |  10|   0|   10|          0|
    |p1_counter_3_reg_391                          |  10|   0|   10|          0|
    |p1_counter_reg_322                            |  12|   0|   12|          0|
    |phi_ln59_reg_445                              |   3|   0|    3|          0|
    |phi_mul_reg_480                               |  15|   0|   15|          0|
    |sub_ln23_reg_1549                             |   6|   0|    6|          0|
    |sub_ln24_reg_1572                             |  13|   0|   15|          2|
    |sub_ln36_1_reg_1679                           |  15|   0|   17|          2|
    |sub_ln36_reg_1674                             |  13|   0|   15|          2|
    |sub_ln50_2_reg_1733                           |  13|   0|   15|          2|
    |sub_ln50_reg_1728                             |  13|   0|   15|          2|
    |sub_ln62_1_reg_1812                           |   9|   0|   11|          2|
    |sub_ln62_reg_1818                             |   6|   0|    9|          3|
    |temp_addr_1_reg_1593                          |  15|   0|   15|          0|
    |temp_addr_2_reg_1603                          |  14|   0|   15|          1|
    |temp_addr_3_reg_1623                          |  15|   0|   15|          0|
    |temp_addr_4_reg_1633                          |  13|   0|   15|          2|
    |tmp_1_reg_1618                                |   6|   0|    6|          0|
    |tmp_2_reg_1643                                |   6|   0|    6|          0|
    |tmp_3_reg_1648                                |   6|   0|    6|          0|
    |tmp_reg_1613                                  |   6|   0|    6|          0|
    |zext_ln14_reg_1531                            |   6|   0|    9|          3|
    |zext_ln18_reg_1554                            |   6|   0|   12|          6|
    |zext_ln43_reg_1707                            |   3|   0|   10|          7|
    |zext_ln55_reg_1761                            |   3|   0|   64|         61|
    +----------------------------------------------+----+----+-----+-----------+
    |Total                                         | 639|   0|  744|        105|
    +----------------------------------------------+----+----+-----+-----------+



================================================================
== Interface
================================================================
* Summary: 
+--------------------+-----+-----+------------+--------------+--------------+
|      RTL Ports     | Dir | Bits|  Protocol  | Source Object|    C Type    |
+--------------------+-----+-----+------------+--------------+--------------+
|ap_clk              |   in|    1|  ap_ctrl_hs|     computeP2|  return value|
|ap_rst              |   in|    1|  ap_ctrl_hs|     computeP2|  return value|
|ap_start            |   in|    1|  ap_ctrl_hs|     computeP2|  return value|
|ap_done             |  out|    1|  ap_ctrl_hs|     computeP2|  return value|
|ap_idle             |  out|    1|  ap_ctrl_hs|     computeP2|  return value|
|ap_ready            |  out|    1|  ap_ctrl_hs|     computeP2|  return value|
|oil_space_address0  |  out|    9|   ap_memory|     oil_space|         array|
|oil_space_ce0       |  out|    1|   ap_memory|     oil_space|         array|
|oil_space_q0        |   in|    8|   ap_memory|     oil_space|         array|
|P1_address0         |  out|   17|   ap_memory|            P1|         array|
|P1_ce0              |  out|    1|   ap_memory|            P1|         array|
|P1_q0               |   in|    8|   ap_memory|            P1|         array|
|P1_address1         |  out|   17|   ap_memory|            P1|         array|
|P1_ce1              |  out|    1|   ap_memory|            P1|         array|
|P1_q1               |   in|    8|   ap_memory|            P1|         array|
|P2_address0         |  out|   11|   ap_memory|            P2|         array|
|P2_ce0              |  out|    1|   ap_memory|            P2|         array|
|P2_we0              |  out|    1|   ap_memory|            P2|         array|
|P2_d0               |  out|    8|   ap_memory|            P2|         array|
|P2_q0               |   in|    8|   ap_memory|            P2|         array|
|P2_address1         |  out|   11|   ap_memory|            P2|         array|
|P2_ce1              |  out|    1|   ap_memory|            P2|         array|
|P2_we1              |  out|    1|   ap_memory|            P2|         array|
|P2_d1               |  out|    8|   ap_memory|            P2|         array|
+--------------------+-----+-----+------------+--------------+--------------+

