#-----------------------------------------------------------
# Vivado v2020.2 (64-bit)
# SW Build 3064766 on Wed Nov 18 09:12:47 MST 2020
# IP Build 3064653 on Wed Nov 18 14:17:31 MST 2020
# Start of session at: Wed May 17 00:46:48 2023
# Process ID: 689856
# Current directory: /home/osm/Documents/SECT-MAYO/MAYO/vivado/MAYO_KeyGen_v2/MAYO_KeyGen_v2.runs/Mayo_sign_with_zynq_mayo_bram_arbiter2_a_2_synth_1
# Command line: vivado -log Mayo_sign_with_zynq_mayo_bram_arbiter2_a_2.vds -product Vivado -mode batch -messageDb vivado.pb -notrace -source Mayo_sign_with_zynq_mayo_bram_arbiter2_a_2.tcl
# Log file: /home/osm/Documents/SECT-MAYO/MAYO/vivado/MAYO_KeyGen_v2/MAYO_KeyGen_v2.runs/Mayo_sign_with_zynq_mayo_bram_arbiter2_a_2_synth_1/Mayo_sign_with_zynq_mayo_bram_arbiter2_a_2.vds
# Journal file: /home/osm/Documents/SECT-MAYO/MAYO/vivado/MAYO_KeyGen_v2/MAYO_KeyGen_v2.runs/Mayo_sign_with_zynq_mayo_bram_arbiter2_a_2_synth_1/vivado.jou
#-----------------------------------------------------------
source Mayo_sign_with_zynq_mayo_bram_arbiter2_a_2.tcl -notrace
