Archive member included to satisfy reference by file (symbol)

/usr/lib/gcc/arm-none-eabi/10.3.1/../../../arm-none-eabi/lib/thumb/v7e-m/nofp/libg_nano.a(lib_a-atexit.o)
                              /usr/lib/gcc/arm-none-eabi/10.3.1/../../../arm-none-eabi/lib/thumb/v7e-m/nofp/crt0.o (atexit)
/usr/lib/gcc/arm-none-eabi/10.3.1/../../../arm-none-eabi/lib/thumb/v7e-m/nofp/libg_nano.a(lib_a-errno.o)
                              objdir-CWLITEARM/stm32f3_sysmem.o (__errno)
/usr/lib/gcc/arm-none-eabi/10.3.1/../../../arm-none-eabi/lib/thumb/v7e-m/nofp/libg_nano.a(lib_a-exit.o)
                              /usr/lib/gcc/arm-none-eabi/10.3.1/../../../arm-none-eabi/lib/thumb/v7e-m/nofp/crt0.o (exit)
/usr/lib/gcc/arm-none-eabi/10.3.1/../../../arm-none-eabi/lib/thumb/v7e-m/nofp/libg_nano.a(lib_a-fini.o)
                              /usr/lib/gcc/arm-none-eabi/10.3.1/../../../arm-none-eabi/lib/thumb/v7e-m/nofp/crt0.o (__libc_fini_array)
/usr/lib/gcc/arm-none-eabi/10.3.1/../../../arm-none-eabi/lib/thumb/v7e-m/nofp/libg_nano.a(lib_a-impure.o)
                              /usr/lib/gcc/arm-none-eabi/10.3.1/../../../arm-none-eabi/lib/thumb/v7e-m/nofp/libg_nano.a(lib_a-exit.o) (_global_impure_ptr)
/usr/lib/gcc/arm-none-eabi/10.3.1/../../../arm-none-eabi/lib/thumb/v7e-m/nofp/libg_nano.a(lib_a-init.o)
                              /usr/lib/gcc/arm-none-eabi/10.3.1/../../../arm-none-eabi/lib/thumb/v7e-m/nofp/crt0.o (__libc_init_array)
/usr/lib/gcc/arm-none-eabi/10.3.1/../../../arm-none-eabi/lib/thumb/v7e-m/nofp/libg_nano.a(lib_a-memset.o)
                              /usr/lib/gcc/arm-none-eabi/10.3.1/../../../arm-none-eabi/lib/thumb/v7e-m/nofp/crt0.o (memset)
/usr/lib/gcc/arm-none-eabi/10.3.1/../../../arm-none-eabi/lib/thumb/v7e-m/nofp/libg_nano.a(lib_a-__atexit.o)
                              /usr/lib/gcc/arm-none-eabi/10.3.1/../../../arm-none-eabi/lib/thumb/v7e-m/nofp/libg_nano.a(lib_a-atexit.o) (__register_exitproc)
/usr/lib/gcc/arm-none-eabi/10.3.1/../../../arm-none-eabi/lib/thumb/v7e-m/nofp/libg_nano.a(lib_a-__call_atexit.o)
                              /usr/lib/gcc/arm-none-eabi/10.3.1/../../../arm-none-eabi/lib/thumb/v7e-m/nofp/libg_nano.a(lib_a-__atexit.o) (__call_exitprocs)
/usr/lib/gcc/arm-none-eabi/10.3.1/../../../arm-none-eabi/lib/thumb/v7e-m/nofp/libnosys.a(_exit.o)
                              /usr/lib/gcc/arm-none-eabi/10.3.1/../../../arm-none-eabi/lib/thumb/v7e-m/nofp/libg_nano.a(lib_a-exit.o) (_exit)

Discarded input sections

 .text          0x0000000000000000        0x0 /usr/lib/gcc/arm-none-eabi/10.3.1/thumb/v7e-m/nofp/crti.o
 .data          0x0000000000000000        0x0 /usr/lib/gcc/arm-none-eabi/10.3.1/thumb/v7e-m/nofp/crti.o
 .bss           0x0000000000000000        0x0 /usr/lib/gcc/arm-none-eabi/10.3.1/thumb/v7e-m/nofp/crti.o
 .data          0x0000000000000000        0x4 /usr/lib/gcc/arm-none-eabi/10.3.1/thumb/v7e-m/nofp/crtbegin.o
 .rodata        0x0000000000000000       0x24 /usr/lib/gcc/arm-none-eabi/10.3.1/thumb/v7e-m/nofp/crtbegin.o
 .text          0x0000000000000000       0x70 /usr/lib/gcc/arm-none-eabi/10.3.1/../../../arm-none-eabi/lib/thumb/v7e-m/nofp/crt0.o
 .data          0x0000000000000000        0x0 /usr/lib/gcc/arm-none-eabi/10.3.1/../../../arm-none-eabi/lib/thumb/v7e-m/nofp/crt0.o
 .bss           0x0000000000000000        0x0 /usr/lib/gcc/arm-none-eabi/10.3.1/../../../arm-none-eabi/lib/thumb/v7e-m/nofp/crt0.o
 .ARM.extab     0x0000000000000000        0x0 /usr/lib/gcc/arm-none-eabi/10.3.1/../../../arm-none-eabi/lib/thumb/v7e-m/nofp/crt0.o
 .ARM.exidx     0x0000000000000000       0x10 /usr/lib/gcc/arm-none-eabi/10.3.1/../../../arm-none-eabi/lib/thumb/v7e-m/nofp/crt0.o
 .debug_line    0x0000000000000000       0x87 /usr/lib/gcc/arm-none-eabi/10.3.1/../../../arm-none-eabi/lib/thumb/v7e-m/nofp/crt0.o
 .debug_info    0x0000000000000000       0x26 /usr/lib/gcc/arm-none-eabi/10.3.1/../../../arm-none-eabi/lib/thumb/v7e-m/nofp/crt0.o
 .debug_abbrev  0x0000000000000000       0x14 /usr/lib/gcc/arm-none-eabi/10.3.1/../../../arm-none-eabi/lib/thumb/v7e-m/nofp/crt0.o
 .debug_aranges
                0x0000000000000000       0x20 /usr/lib/gcc/arm-none-eabi/10.3.1/../../../arm-none-eabi/lib/thumb/v7e-m/nofp/crt0.o
 .debug_str     0x0000000000000000       0x95 /usr/lib/gcc/arm-none-eabi/10.3.1/../../../arm-none-eabi/lib/thumb/v7e-m/nofp/crt0.o
 .ARM.attributes
                0x0000000000000000       0x1c /usr/lib/gcc/arm-none-eabi/10.3.1/../../../arm-none-eabi/lib/thumb/v7e-m/nofp/crt0.o
 .text          0x0000000000000000        0x0 objdir-CWLITEARM/MAYO.o
 .bss           0x0000000000000000        0x4 objdir-CWLITEARM/MAYO.o
 .text.add_vectors
                0x0000000000000000       0x64 objdir-CWLITEARM/MAYO.o
 .text          0x0000000000000000        0x0 objdir-CWLITEARM/simpleserial.o
 .data          0x0000000000000000       0x10 objdir-CWLITEARM/simpleserial.o
 .bss           0x0000000000000000      0x104 objdir-CWLITEARM/simpleserial.o
 .text.ss_crc   0x0000000000000000       0x6c objdir-CWLITEARM/simpleserial.o
 .text.check_version
                0x0000000000000000       0x18 objdir-CWLITEARM/simpleserial.o
 .text.ss_num_commands
                0x0000000000000000       0x30 objdir-CWLITEARM/simpleserial.o
 .text.ss_get_commands
                0x0000000000000000       0xc0 objdir-CWLITEARM/simpleserial.o
 .text.hex_decode
                0x0000000000000000      0x130 objdir-CWLITEARM/simpleserial.o
 .text.simpleserial_init
                0x0000000000000000       0x34 objdir-CWLITEARM/simpleserial.o
 .text.simpleserial_addcmd
                0x0000000000000000       0x24 objdir-CWLITEARM/simpleserial.o
 .text.simpleserial_addcmd_flags
                0x0000000000000000       0x88 objdir-CWLITEARM/simpleserial.o
 .text.simpleserial_get
                0x0000000000000000      0x1c4 objdir-CWLITEARM/simpleserial.o
 .text.simpleserial_put
                0x0000000000000000       0x6c objdir-CWLITEARM/simpleserial.o
 .debug_info    0x0000000000000000      0x590 objdir-CWLITEARM/simpleserial.o
 .debug_abbrev  0x0000000000000000      0x1fe objdir-CWLITEARM/simpleserial.o
 .debug_loc     0x0000000000000000      0x330 objdir-CWLITEARM/simpleserial.o
 .debug_aranges
                0x0000000000000000       0x68 objdir-CWLITEARM/simpleserial.o
 .debug_ranges  0x0000000000000000       0x88 objdir-CWLITEARM/simpleserial.o
 .debug_line    0x0000000000000000      0x410 objdir-CWLITEARM/simpleserial.o
 .debug_str     0x0000000000000000      0x2d7 objdir-CWLITEARM/simpleserial.o
 .comment       0x0000000000000000       0x34 objdir-CWLITEARM/simpleserial.o
 .debug_frame   0x0000000000000000      0x184 objdir-CWLITEARM/simpleserial.o
 .ARM.attributes
                0x0000000000000000       0x2e objdir-CWLITEARM/simpleserial.o
 .text          0x0000000000000000        0x0 objdir-CWLITEARM/stm32f3_hal.o
 .data          0x0000000000000000        0x0 objdir-CWLITEARM/stm32f3_hal.o
 .text.change_err_led
                0x0000000000000000       0x34 objdir-CWLITEARM/stm32f3_hal.o
 .text.change_ok_led
                0x0000000000000000       0x34 objdir-CWLITEARM/stm32f3_hal.o
 .text          0x0000000000000000        0x0 objdir-CWLITEARM/stm32f3_hal_lowlevel.o
 .data          0x0000000000000000        0x4 objdir-CWLITEARM/stm32f3_hal_lowlevel.o
 .text.NVIC_GetPriorityGrouping
                0x0000000000000000       0x1c objdir-CWLITEARM/stm32f3_hal_lowlevel.o
 .text.NVIC_SetPriority
                0x0000000000000000       0x54 objdir-CWLITEARM/stm32f3_hal_lowlevel.o
 .text.NVIC_EncodePriority
                0x0000000000000000       0x64 objdir-CWLITEARM/stm32f3_hal_lowlevel.o
 .text.HAL_NVIC_SetPriority
                0x0000000000000000       0x38 objdir-CWLITEARM/stm32f3_hal_lowlevel.o
 .text.HAL_InitTick
                0x0000000000000000       0x20 objdir-CWLITEARM/stm32f3_hal_lowlevel.o
 .text.HAL_IncTick
                0x0000000000000000        0xc objdir-CWLITEARM/stm32f3_hal_lowlevel.o
 .text          0x0000000000000000        0x0 objdir-CWLITEARM/stm32f3_sysmem.o
 .data          0x0000000000000000        0x0 objdir-CWLITEARM/stm32f3_sysmem.o
 .bss           0x0000000000000000        0x4 objdir-CWLITEARM/stm32f3_sysmem.o
 .text._sbrk    0x0000000000000000       0x58 objdir-CWLITEARM/stm32f3_sysmem.o
 .debug_info    0x0000000000000000       0xf4 objdir-CWLITEARM/stm32f3_sysmem.o
 .debug_abbrev  0x0000000000000000       0xa9 objdir-CWLITEARM/stm32f3_sysmem.o
 .debug_loc     0x0000000000000000       0x50 objdir-CWLITEARM/stm32f3_sysmem.o
 .debug_aranges
                0x0000000000000000       0x20 objdir-CWLITEARM/stm32f3_sysmem.o
 .debug_ranges  0x0000000000000000       0x10 objdir-CWLITEARM/stm32f3_sysmem.o
 .debug_line    0x0000000000000000       0x9d objdir-CWLITEARM/stm32f3_sysmem.o
 .debug_str     0x0000000000000000      0x1e7 objdir-CWLITEARM/stm32f3_sysmem.o
 .comment       0x0000000000000000       0x34 objdir-CWLITEARM/stm32f3_sysmem.o
 .debug_frame   0x0000000000000000       0x34 objdir-CWLITEARM/stm32f3_sysmem.o
 .ARM.attributes
                0x0000000000000000       0x2e objdir-CWLITEARM/stm32f3_sysmem.o
 .text          0x0000000000000000       0x14 objdir-CWLITEARM/stm32f3_startup.o
 .data          0x0000000000000000        0x0 objdir-CWLITEARM/stm32f3_startup.o
 .bss           0x0000000000000000        0x0 objdir-CWLITEARM/stm32f3_startup.o
 .text          0x0000000000000000        0xc /usr/lib/gcc/arm-none-eabi/10.3.1/../../../arm-none-eabi/lib/thumb/v7e-m/nofp/libg_nano.a(lib_a-atexit.o)
 .data          0x0000000000000000        0x0 /usr/lib/gcc/arm-none-eabi/10.3.1/../../../arm-none-eabi/lib/thumb/v7e-m/nofp/libg_nano.a(lib_a-atexit.o)
 .bss           0x0000000000000000        0x0 /usr/lib/gcc/arm-none-eabi/10.3.1/../../../arm-none-eabi/lib/thumb/v7e-m/nofp/libg_nano.a(lib_a-atexit.o)
 .debug_info    0x0000000000000000      0x100 /usr/lib/gcc/arm-none-eabi/10.3.1/../../../arm-none-eabi/lib/thumb/v7e-m/nofp/libg_nano.a(lib_a-atexit.o)
 .debug_abbrev  0x0000000000000000       0xb7 /usr/lib/gcc/arm-none-eabi/10.3.1/../../../arm-none-eabi/lib/thumb/v7e-m/nofp/libg_nano.a(lib_a-atexit.o)
 .debug_loc     0x0000000000000000       0x32 /usr/lib/gcc/arm-none-eabi/10.3.1/../../../arm-none-eabi/lib/thumb/v7e-m/nofp/libg_nano.a(lib_a-atexit.o)
 .debug_aranges
                0x0000000000000000       0x20 /usr/lib/gcc/arm-none-eabi/10.3.1/../../../arm-none-eabi/lib/thumb/v7e-m/nofp/libg_nano.a(lib_a-atexit.o)
 .debug_line    0x0000000000000000       0xc0 /usr/lib/gcc/arm-none-eabi/10.3.1/../../../arm-none-eabi/lib/thumb/v7e-m/nofp/libg_nano.a(lib_a-atexit.o)
 .debug_str     0x0000000000000000      0x1e3 /usr/lib/gcc/arm-none-eabi/10.3.1/../../../arm-none-eabi/lib/thumb/v7e-m/nofp/libg_nano.a(lib_a-atexit.o)
 .comment       0x0000000000000000       0x34 /usr/lib/gcc/arm-none-eabi/10.3.1/../../../arm-none-eabi/lib/thumb/v7e-m/nofp/libg_nano.a(lib_a-atexit.o)
 .debug_frame   0x0000000000000000       0x20 /usr/lib/gcc/arm-none-eabi/10.3.1/../../../arm-none-eabi/lib/thumb/v7e-m/nofp/libg_nano.a(lib_a-atexit.o)
 .ARM.attributes
                0x0000000000000000       0x2e /usr/lib/gcc/arm-none-eabi/10.3.1/../../../arm-none-eabi/lib/thumb/v7e-m/nofp/libg_nano.a(lib_a-atexit.o)
 .text          0x0000000000000000        0xc /usr/lib/gcc/arm-none-eabi/10.3.1/../../../arm-none-eabi/lib/thumb/v7e-m/nofp/libg_nano.a(lib_a-errno.o)
 .data          0x0000000000000000        0x0 /usr/lib/gcc/arm-none-eabi/10.3.1/../../../arm-none-eabi/lib/thumb/v7e-m/nofp/libg_nano.a(lib_a-errno.o)
 .bss           0x0000000000000000        0x0 /usr/lib/gcc/arm-none-eabi/10.3.1/../../../arm-none-eabi/lib/thumb/v7e-m/nofp/libg_nano.a(lib_a-errno.o)
 .debug_info    0x0000000000000000      0x7ae /usr/lib/gcc/arm-none-eabi/10.3.1/../../../arm-none-eabi/lib/thumb/v7e-m/nofp/libg_nano.a(lib_a-errno.o)
 .debug_abbrev  0x0000000000000000      0x157 /usr/lib/gcc/arm-none-eabi/10.3.1/../../../arm-none-eabi/lib/thumb/v7e-m/nofp/libg_nano.a(lib_a-errno.o)
 .debug_aranges
                0x0000000000000000       0x20 /usr/lib/gcc/arm-none-eabi/10.3.1/../../../arm-none-eabi/lib/thumb/v7e-m/nofp/libg_nano.a(lib_a-errno.o)
 .debug_line    0x0000000000000000      0x109 /usr/lib/gcc/arm-none-eabi/10.3.1/../../../arm-none-eabi/lib/thumb/v7e-m/nofp/libg_nano.a(lib_a-errno.o)
 .debug_str     0x0000000000000000      0x501 /usr/lib/gcc/arm-none-eabi/10.3.1/../../../arm-none-eabi/lib/thumb/v7e-m/nofp/libg_nano.a(lib_a-errno.o)
 .comment       0x0000000000000000       0x34 /usr/lib/gcc/arm-none-eabi/10.3.1/../../../arm-none-eabi/lib/thumb/v7e-m/nofp/libg_nano.a(lib_a-errno.o)
 .debug_frame   0x0000000000000000       0x20 /usr/lib/gcc/arm-none-eabi/10.3.1/../../../arm-none-eabi/lib/thumb/v7e-m/nofp/libg_nano.a(lib_a-errno.o)
 .ARM.attributes
                0x0000000000000000       0x2e /usr/lib/gcc/arm-none-eabi/10.3.1/../../../arm-none-eabi/lib/thumb/v7e-m/nofp/libg_nano.a(lib_a-errno.o)
 .text          0x0000000000000000       0x28 /usr/lib/gcc/arm-none-eabi/10.3.1/../../../arm-none-eabi/lib/thumb/v7e-m/nofp/libg_nano.a(lib_a-exit.o)
 .data          0x0000000000000000        0x0 /usr/lib/gcc/arm-none-eabi/10.3.1/../../../arm-none-eabi/lib/thumb/v7e-m/nofp/libg_nano.a(lib_a-exit.o)
 .bss           0x0000000000000000        0x0 /usr/lib/gcc/arm-none-eabi/10.3.1/../../../arm-none-eabi/lib/thumb/v7e-m/nofp/libg_nano.a(lib_a-exit.o)
 .debug_info    0x0000000000000000      0x81a /usr/lib/gcc/arm-none-eabi/10.3.1/../../../arm-none-eabi/lib/thumb/v7e-m/nofp/libg_nano.a(lib_a-exit.o)
 .debug_abbrev  0x0000000000000000      0x1ba /usr/lib/gcc/arm-none-eabi/10.3.1/../../../arm-none-eabi/lib/thumb/v7e-m/nofp/libg_nano.a(lib_a-exit.o)
 .debug_loc     0x0000000000000000       0x22 /usr/lib/gcc/arm-none-eabi/10.3.1/../../../arm-none-eabi/lib/thumb/v7e-m/nofp/libg_nano.a(lib_a-exit.o)
 .debug_aranges
                0x0000000000000000       0x20 /usr/lib/gcc/arm-none-eabi/10.3.1/../../../arm-none-eabi/lib/thumb/v7e-m/nofp/libg_nano.a(lib_a-exit.o)
 .debug_line    0x0000000000000000      0x16d /usr/lib/gcc/arm-none-eabi/10.3.1/../../../arm-none-eabi/lib/thumb/v7e-m/nofp/libg_nano.a(lib_a-exit.o)
 .debug_str     0x0000000000000000      0x522 /usr/lib/gcc/arm-none-eabi/10.3.1/../../../arm-none-eabi/lib/thumb/v7e-m/nofp/libg_nano.a(lib_a-exit.o)
 .comment       0x0000000000000000       0x34 /usr/lib/gcc/arm-none-eabi/10.3.1/../../../arm-none-eabi/lib/thumb/v7e-m/nofp/libg_nano.a(lib_a-exit.o)
 .debug_frame   0x0000000000000000       0x28 /usr/lib/gcc/arm-none-eabi/10.3.1/../../../arm-none-eabi/lib/thumb/v7e-m/nofp/libg_nano.a(lib_a-exit.o)
 .ARM.attributes
                0x0000000000000000       0x2e /usr/lib/gcc/arm-none-eabi/10.3.1/../../../arm-none-eabi/lib/thumb/v7e-m/nofp/libg_nano.a(lib_a-exit.o)
 .text          0x0000000000000000       0x2c /usr/lib/gcc/arm-none-eabi/10.3.1/../../../arm-none-eabi/lib/thumb/v7e-m/nofp/libg_nano.a(lib_a-fini.o)
 .data          0x0000000000000000        0x0 /usr/lib/gcc/arm-none-eabi/10.3.1/../../../arm-none-eabi/lib/thumb/v7e-m/nofp/libg_nano.a(lib_a-fini.o)
 .bss           0x0000000000000000        0x0 /usr/lib/gcc/arm-none-eabi/10.3.1/../../../arm-none-eabi/lib/thumb/v7e-m/nofp/libg_nano.a(lib_a-fini.o)
 .debug_info    0x0000000000000000      0x102 /usr/lib/gcc/arm-none-eabi/10.3.1/../../../arm-none-eabi/lib/thumb/v7e-m/nofp/libg_nano.a(lib_a-fini.o)
 .debug_abbrev  0x0000000000000000       0xcf /usr/lib/gcc/arm-none-eabi/10.3.1/../../../arm-none-eabi/lib/thumb/v7e-m/nofp/libg_nano.a(lib_a-fini.o)
 .debug_loc     0x0000000000000000       0x68 /usr/lib/gcc/arm-none-eabi/10.3.1/../../../arm-none-eabi/lib/thumb/v7e-m/nofp/libg_nano.a(lib_a-fini.o)
 .debug_aranges
                0x0000000000000000       0x20 /usr/lib/gcc/arm-none-eabi/10.3.1/../../../arm-none-eabi/lib/thumb/v7e-m/nofp/libg_nano.a(lib_a-fini.o)
 .debug_line    0x0000000000000000       0xed /usr/lib/gcc/arm-none-eabi/10.3.1/../../../arm-none-eabi/lib/thumb/v7e-m/nofp/libg_nano.a(lib_a-fini.o)
 .debug_str     0x0000000000000000      0x1db /usr/lib/gcc/arm-none-eabi/10.3.1/../../../arm-none-eabi/lib/thumb/v7e-m/nofp/libg_nano.a(lib_a-fini.o)
 .comment       0x0000000000000000       0x34 /usr/lib/gcc/arm-none-eabi/10.3.1/../../../arm-none-eabi/lib/thumb/v7e-m/nofp/libg_nano.a(lib_a-fini.o)
 .debug_frame   0x0000000000000000       0x34 /usr/lib/gcc/arm-none-eabi/10.3.1/../../../arm-none-eabi/lib/thumb/v7e-m/nofp/libg_nano.a(lib_a-fini.o)
 .ARM.attributes
                0x0000000000000000       0x2e /usr/lib/gcc/arm-none-eabi/10.3.1/../../../arm-none-eabi/lib/thumb/v7e-m/nofp/libg_nano.a(lib_a-fini.o)
 .text          0x0000000000000000        0x0 /usr/lib/gcc/arm-none-eabi/10.3.1/../../../arm-none-eabi/lib/thumb/v7e-m/nofp/libg_nano.a(lib_a-impure.o)
 .data          0x0000000000000000       0x64 /usr/lib/gcc/arm-none-eabi/10.3.1/../../../arm-none-eabi/lib/thumb/v7e-m/nofp/libg_nano.a(lib_a-impure.o)
 .bss           0x0000000000000000        0x0 /usr/lib/gcc/arm-none-eabi/10.3.1/../../../arm-none-eabi/lib/thumb/v7e-m/nofp/libg_nano.a(lib_a-impure.o)
 .rodata        0x0000000000000000        0x4 /usr/lib/gcc/arm-none-eabi/10.3.1/../../../arm-none-eabi/lib/thumb/v7e-m/nofp/libg_nano.a(lib_a-impure.o)
 .debug_info    0x0000000000000000      0x863 /usr/lib/gcc/arm-none-eabi/10.3.1/../../../arm-none-eabi/lib/thumb/v7e-m/nofp/libg_nano.a(lib_a-impure.o)
 .debug_abbrev  0x0000000000000000      0x151 /usr/lib/gcc/arm-none-eabi/10.3.1/../../../arm-none-eabi/lib/thumb/v7e-m/nofp/libg_nano.a(lib_a-impure.o)
 .debug_aranges
                0x0000000000000000       0x18 /usr/lib/gcc/arm-none-eabi/10.3.1/../../../arm-none-eabi/lib/thumb/v7e-m/nofp/libg_nano.a(lib_a-impure.o)
 .debug_line    0x0000000000000000       0xe4 /usr/lib/gcc/arm-none-eabi/10.3.1/../../../arm-none-eabi/lib/thumb/v7e-m/nofp/libg_nano.a(lib_a-impure.o)
 .debug_str     0x0000000000000000      0x558 /usr/lib/gcc/arm-none-eabi/10.3.1/../../../arm-none-eabi/lib/thumb/v7e-m/nofp/libg_nano.a(lib_a-impure.o)
 .comment       0x0000000000000000       0x34 /usr/lib/gcc/arm-none-eabi/10.3.1/../../../arm-none-eabi/lib/thumb/v7e-m/nofp/libg_nano.a(lib_a-impure.o)
 .ARM.attributes
                0x0000000000000000       0x2e /usr/lib/gcc/arm-none-eabi/10.3.1/../../../arm-none-eabi/lib/thumb/v7e-m/nofp/libg_nano.a(lib_a-impure.o)
 .data          0x0000000000000000        0x0 /usr/lib/gcc/arm-none-eabi/10.3.1/../../../arm-none-eabi/lib/thumb/v7e-m/nofp/libg_nano.a(lib_a-init.o)
 .bss           0x0000000000000000        0x0 /usr/lib/gcc/arm-none-eabi/10.3.1/../../../arm-none-eabi/lib/thumb/v7e-m/nofp/libg_nano.a(lib_a-init.o)
 .data          0x0000000000000000        0x0 /usr/lib/gcc/arm-none-eabi/10.3.1/../../../arm-none-eabi/lib/thumb/v7e-m/nofp/libg_nano.a(lib_a-memset.o)
 .bss           0x0000000000000000        0x0 /usr/lib/gcc/arm-none-eabi/10.3.1/../../../arm-none-eabi/lib/thumb/v7e-m/nofp/libg_nano.a(lib_a-memset.o)
 .text          0x0000000000000000       0xac /usr/lib/gcc/arm-none-eabi/10.3.1/../../../arm-none-eabi/lib/thumb/v7e-m/nofp/libg_nano.a(lib_a-__atexit.o)
 .data          0x0000000000000000        0x4 /usr/lib/gcc/arm-none-eabi/10.3.1/../../../arm-none-eabi/lib/thumb/v7e-m/nofp/libg_nano.a(lib_a-__atexit.o)
 .bss           0x0000000000000000       0x8c /usr/lib/gcc/arm-none-eabi/10.3.1/../../../arm-none-eabi/lib/thumb/v7e-m/nofp/libg_nano.a(lib_a-__atexit.o)
 .debug_info    0x0000000000000000      0x269 /usr/lib/gcc/arm-none-eabi/10.3.1/../../../arm-none-eabi/lib/thumb/v7e-m/nofp/libg_nano.a(lib_a-__atexit.o)
 .debug_abbrev  0x0000000000000000      0x1bd /usr/lib/gcc/arm-none-eabi/10.3.1/../../../arm-none-eabi/lib/thumb/v7e-m/nofp/libg_nano.a(lib_a-__atexit.o)
 .debug_loc     0x0000000000000000      0x1c4 /usr/lib/gcc/arm-none-eabi/10.3.1/../../../arm-none-eabi/lib/thumb/v7e-m/nofp/libg_nano.a(lib_a-__atexit.o)
 .debug_aranges
                0x0000000000000000       0x20 /usr/lib/gcc/arm-none-eabi/10.3.1/../../../arm-none-eabi/lib/thumb/v7e-m/nofp/libg_nano.a(lib_a-__atexit.o)
 .debug_line    0x0000000000000000      0x1ec /usr/lib/gcc/arm-none-eabi/10.3.1/../../../arm-none-eabi/lib/thumb/v7e-m/nofp/libg_nano.a(lib_a-__atexit.o)
 .debug_str     0x0000000000000000      0x291 /usr/lib/gcc/arm-none-eabi/10.3.1/../../../arm-none-eabi/lib/thumb/v7e-m/nofp/libg_nano.a(lib_a-__atexit.o)
 .comment       0x0000000000000000       0x34 /usr/lib/gcc/arm-none-eabi/10.3.1/../../../arm-none-eabi/lib/thumb/v7e-m/nofp/libg_nano.a(lib_a-__atexit.o)
 .debug_frame   0x0000000000000000       0x38 /usr/lib/gcc/arm-none-eabi/10.3.1/../../../arm-none-eabi/lib/thumb/v7e-m/nofp/libg_nano.a(lib_a-__atexit.o)
 .ARM.attributes
                0x0000000000000000       0x2e /usr/lib/gcc/arm-none-eabi/10.3.1/../../../arm-none-eabi/lib/thumb/v7e-m/nofp/libg_nano.a(lib_a-__atexit.o)
 .text          0x0000000000000000       0xc0 /usr/lib/gcc/arm-none-eabi/10.3.1/../../../arm-none-eabi/lib/thumb/v7e-m/nofp/libg_nano.a(lib_a-__call_atexit.o)
 .data          0x0000000000000000        0x0 /usr/lib/gcc/arm-none-eabi/10.3.1/../../../arm-none-eabi/lib/thumb/v7e-m/nofp/libg_nano.a(lib_a-__call_atexit.o)
 .bss           0x0000000000000000        0x4 /usr/lib/gcc/arm-none-eabi/10.3.1/../../../arm-none-eabi/lib/thumb/v7e-m/nofp/libg_nano.a(lib_a-__call_atexit.o)
 .debug_info    0x0000000000000000      0x249 /usr/lib/gcc/arm-none-eabi/10.3.1/../../../arm-none-eabi/lib/thumb/v7e-m/nofp/libg_nano.a(lib_a-__call_atexit.o)
 .debug_abbrev  0x0000000000000000      0x179 /usr/lib/gcc/arm-none-eabi/10.3.1/../../../arm-none-eabi/lib/thumb/v7e-m/nofp/libg_nano.a(lib_a-__call_atexit.o)
 .debug_loc     0x0000000000000000      0x17d /usr/lib/gcc/arm-none-eabi/10.3.1/../../../arm-none-eabi/lib/thumb/v7e-m/nofp/libg_nano.a(lib_a-__call_atexit.o)
 .debug_aranges
                0x0000000000000000       0x20 /usr/lib/gcc/arm-none-eabi/10.3.1/../../../arm-none-eabi/lib/thumb/v7e-m/nofp/libg_nano.a(lib_a-__call_atexit.o)
 .debug_ranges  0x0000000000000000       0x30 /usr/lib/gcc/arm-none-eabi/10.3.1/../../../arm-none-eabi/lib/thumb/v7e-m/nofp/libg_nano.a(lib_a-__call_atexit.o)
 .debug_line    0x0000000000000000      0x1f5 /usr/lib/gcc/arm-none-eabi/10.3.1/../../../arm-none-eabi/lib/thumb/v7e-m/nofp/libg_nano.a(lib_a-__call_atexit.o)
 .debug_str     0x0000000000000000      0x255 /usr/lib/gcc/arm-none-eabi/10.3.1/../../../arm-none-eabi/lib/thumb/v7e-m/nofp/libg_nano.a(lib_a-__call_atexit.o)
 .comment       0x0000000000000000       0x34 /usr/lib/gcc/arm-none-eabi/10.3.1/../../../arm-none-eabi/lib/thumb/v7e-m/nofp/libg_nano.a(lib_a-__call_atexit.o)
 .debug_frame   0x0000000000000000       0x40 /usr/lib/gcc/arm-none-eabi/10.3.1/../../../arm-none-eabi/lib/thumb/v7e-m/nofp/libg_nano.a(lib_a-__call_atexit.o)
 .ARM.attributes
                0x0000000000000000       0x2e /usr/lib/gcc/arm-none-eabi/10.3.1/../../../arm-none-eabi/lib/thumb/v7e-m/nofp/libg_nano.a(lib_a-__call_atexit.o)
 .text          0x0000000000000000        0x4 /usr/lib/gcc/arm-none-eabi/10.3.1/../../../arm-none-eabi/lib/thumb/v7e-m/nofp/libnosys.a(_exit.o)
 .data          0x0000000000000000        0x0 /usr/lib/gcc/arm-none-eabi/10.3.1/../../../arm-none-eabi/lib/thumb/v7e-m/nofp/libnosys.a(_exit.o)
 .bss           0x0000000000000000        0x0 /usr/lib/gcc/arm-none-eabi/10.3.1/../../../arm-none-eabi/lib/thumb/v7e-m/nofp/libnosys.a(_exit.o)
 .debug_info    0x0000000000000000       0xa3 /usr/lib/gcc/arm-none-eabi/10.3.1/../../../arm-none-eabi/lib/thumb/v7e-m/nofp/libnosys.a(_exit.o)
 .debug_abbrev  0x0000000000000000       0x6a /usr/lib/gcc/arm-none-eabi/10.3.1/../../../arm-none-eabi/lib/thumb/v7e-m/nofp/libnosys.a(_exit.o)
 .debug_loc     0x0000000000000000       0x15 /usr/lib/gcc/arm-none-eabi/10.3.1/../../../arm-none-eabi/lib/thumb/v7e-m/nofp/libnosys.a(_exit.o)
 .debug_aranges
                0x0000000000000000       0x20 /usr/lib/gcc/arm-none-eabi/10.3.1/../../../arm-none-eabi/lib/thumb/v7e-m/nofp/libnosys.a(_exit.o)
 .debug_line    0x0000000000000000       0x75 /usr/lib/gcc/arm-none-eabi/10.3.1/../../../arm-none-eabi/lib/thumb/v7e-m/nofp/libnosys.a(_exit.o)
 .debug_str     0x0000000000000000      0x17b /usr/lib/gcc/arm-none-eabi/10.3.1/../../../arm-none-eabi/lib/thumb/v7e-m/nofp/libnosys.a(_exit.o)
 .comment       0x0000000000000000       0x34 /usr/lib/gcc/arm-none-eabi/10.3.1/../../../arm-none-eabi/lib/thumb/v7e-m/nofp/libnosys.a(_exit.o)
 .debug_frame   0x0000000000000000       0x20 /usr/lib/gcc/arm-none-eabi/10.3.1/../../../arm-none-eabi/lib/thumb/v7e-m/nofp/libnosys.a(_exit.o)
 .ARM.attributes
                0x0000000000000000       0x2e /usr/lib/gcc/arm-none-eabi/10.3.1/../../../arm-none-eabi/lib/thumb/v7e-m/nofp/libnosys.a(_exit.o)
 .text          0x0000000000000000        0x0 /usr/lib/gcc/arm-none-eabi/10.3.1/thumb/v7e-m/nofp/crtend.o
 .data          0x0000000000000000        0x0 /usr/lib/gcc/arm-none-eabi/10.3.1/thumb/v7e-m/nofp/crtend.o
 .bss           0x0000000000000000        0x0 /usr/lib/gcc/arm-none-eabi/10.3.1/thumb/v7e-m/nofp/crtend.o
 .rodata        0x0000000000000000       0x24 /usr/lib/gcc/arm-none-eabi/10.3.1/thumb/v7e-m/nofp/crtend.o
 .eh_frame      0x0000000000000000        0x4 /usr/lib/gcc/arm-none-eabi/10.3.1/thumb/v7e-m/nofp/crtend.o
 .text          0x0000000000000000        0x0 /usr/lib/gcc/arm-none-eabi/10.3.1/thumb/v7e-m/nofp/crtn.o
 .data          0x0000000000000000        0x0 /usr/lib/gcc/arm-none-eabi/10.3.1/thumb/v7e-m/nofp/crtn.o
 .bss           0x0000000000000000        0x0 /usr/lib/gcc/arm-none-eabi/10.3.1/thumb/v7e-m/nofp/crtn.o

Memory Configuration

Name             Origin             Length             Attributes
RAM              0x0000000020000000 0x000000000000a000 xrw
ROM              0x0000000008000000 0x0000000000040000 xr
*default*        0x0000000000000000 0xffffffffffffffff

Linker script and memory map

LOAD /usr/lib/gcc/arm-none-eabi/10.3.1/thumb/v7e-m/nofp/crti.o
LOAD /usr/lib/gcc/arm-none-eabi/10.3.1/thumb/v7e-m/nofp/crtbegin.o
LOAD /usr/lib/gcc/arm-none-eabi/10.3.1/../../../arm-none-eabi/lib/thumb/v7e-m/nofp/crt0.o
LOAD objdir-CWLITEARM/MAYO.o
LOAD objdir-CWLITEARM/simpleserial.o
LOAD objdir-CWLITEARM/stm32f3_hal.o
LOAD objdir-CWLITEARM/stm32f3_hal_lowlevel.o
LOAD objdir-CWLITEARM/stm32f3_sysmem.o
LOAD objdir-CWLITEARM/stm32f3_startup.o
LOAD /usr/lib/gcc/arm-none-eabi/10.3.1/../../../arm-none-eabi/lib/thumb/v7e-m/nofp/libm.a
LOAD /usr/lib/gcc/arm-none-eabi/10.3.1/../../../arm-none-eabi/lib/thumb/v7e-m/nofp/libm.a
START GROUP
LOAD /usr/lib/gcc/arm-none-eabi/10.3.1/thumb/v7e-m/nofp/libgcc.a
LOAD /usr/lib/gcc/arm-none-eabi/10.3.1/../../../arm-none-eabi/lib/thumb/v7e-m/nofp/libg_nano.a
LOAD /usr/lib/gcc/arm-none-eabi/10.3.1/../../../arm-none-eabi/lib/thumb/v7e-m/nofp/libc_nano.a
END GROUP
START GROUP
LOAD /usr/lib/gcc/arm-none-eabi/10.3.1/thumb/v7e-m/nofp/libgcc.a
LOAD /usr/lib/gcc/arm-none-eabi/10.3.1/../../../arm-none-eabi/lib/thumb/v7e-m/nofp/libc_nano.a
LOAD /usr/lib/gcc/arm-none-eabi/10.3.1/../../../arm-none-eabi/lib/thumb/v7e-m/nofp/libnosys.a
END GROUP
START GROUP
LOAD /usr/lib/gcc/arm-none-eabi/10.3.1/thumb/v7e-m/nofp/libgcc.a
LOAD /usr/lib/gcc/arm-none-eabi/10.3.1/../../../arm-none-eabi/lib/thumb/v7e-m/nofp/libc_nano.a
LOAD /usr/lib/gcc/arm-none-eabi/10.3.1/../../../arm-none-eabi/lib/thumb/v7e-m/nofp/libnosys.a
END GROUP
LOAD /usr/lib/gcc/arm-none-eabi/10.3.1/thumb/v7e-m/nofp/crtend.o
LOAD /usr/lib/gcc/arm-none-eabi/10.3.1/thumb/v7e-m/nofp/crtn.o
                0x000000002000a000                _estack = 0x2000a000
                0x0000000000000000                _Min_Heap_Size = 0x0
                0x0000000000000400                _Min_Stack_Size = 0x400

.isr_vector     0x0000000008000000      0x188
                0x0000000008000000                . = ALIGN (0x4)
 *(.isr_vector)
 .isr_vector    0x0000000008000000      0x188 objdir-CWLITEARM/stm32f3_startup.o
                0x0000000008000000                g_pfnVectors
                0x0000000008000188                . = ALIGN (0x4)

.text           0x0000000008000188     0x2518
                0x0000000008000188                . = ALIGN (0x4)
 *(.text)
 .text          0x0000000008000188       0x88 /usr/lib/gcc/arm-none-eabi/10.3.1/thumb/v7e-m/nofp/crtbegin.o
 .text          0x0000000008000210       0x48 /usr/lib/gcc/arm-none-eabi/10.3.1/../../../arm-none-eabi/lib/thumb/v7e-m/nofp/libg_nano.a(lib_a-init.o)
                0x0000000008000210                __libc_init_array
 .text          0x0000000008000258       0xa4 /usr/lib/gcc/arm-none-eabi/10.3.1/../../../arm-none-eabi/lib/thumb/v7e-m/nofp/libg_nano.a(lib_a-memset.o)
                0x0000000008000258                memset
 *(.text*)
 .text.putString
                0x00000000080002fc       0x36 objdir-CWLITEARM/MAYO.o
                0x00000000080002fc                putString
 *fill*         0x0000000008000332        0x2 
 .text._linear_combination
                0x0000000008000334      0x16c objdir-CWLITEARM/MAYO.o
                0x0000000008000334                _linear_combination
 .text.mayo_trace
                0x00000000080004a0       0x44 objdir-CWLITEARM/MAYO.o
                0x00000000080004a0                mayo_trace
 .text.main     0x00000000080004e4       0x48 objdir-CWLITEARM/MAYO.o
                0x00000000080004e4                main
 .text.platform_init
                0x000000000800052c       0xa4 objdir-CWLITEARM/stm32f3_hal.o
                0x000000000800052c                platform_init
 .text.init_uart
                0x00000000080005d0       0xa0 objdir-CWLITEARM/stm32f3_hal.o
                0x00000000080005d0                init_uart
 .text.trigger_setup
                0x0000000008000670       0x58 objdir-CWLITEARM/stm32f3_hal.o
                0x0000000008000670                trigger_setup
 .text.trigger_high
                0x00000000080006c8       0x16 objdir-CWLITEARM/stm32f3_hal.o
                0x00000000080006c8                trigger_high
 .text.trigger_low
                0x00000000080006de       0x16 objdir-CWLITEARM/stm32f3_hal.o
                0x00000000080006de                trigger_low
 .text.getch    0x00000000080006f4       0x3c objdir-CWLITEARM/stm32f3_hal.o
                0x00000000080006f4                getch
 .text.putch    0x0000000008000730       0x2c objdir-CWLITEARM/stm32f3_hal.o
                0x0000000008000730                putch
 .text.HAL_GetTick
                0x000000000800075c       0x1c objdir-CWLITEARM/stm32f3_hal_lowlevel.o
                0x000000000800075c                HAL_GetTick
 .text.HAL_RCC_GetSysClockFreq
                0x0000000008000778       0x10 objdir-CWLITEARM/stm32f3_hal_lowlevel.o
                0x0000000008000778                HAL_RCC_GetSysClockFreq
 .text.HAL_RCC_GetPCLK1Freq
                0x0000000008000788       0x10 objdir-CWLITEARM/stm32f3_hal_lowlevel.o
                0x0000000008000788                HAL_RCC_GetPCLK1Freq
 .text.HAL_RCC_OscConfig
                0x0000000008000798     0x102c objdir-CWLITEARM/stm32f3_hal_lowlevel.o
                0x0000000008000798                HAL_RCC_OscConfig
 .text.HAL_RCC_ClockConfig
                0x00000000080017c4      0x304 objdir-CWLITEARM/stm32f3_hal_lowlevel.o
                0x00000000080017c4                HAL_RCC_ClockConfig
 .text.HAL_RCC_GetPCLK2Freq
                0x0000000008001ac8       0x10 objdir-CWLITEARM/stm32f3_hal_lowlevel.o
                0x0000000008001ac8                HAL_RCC_GetPCLK2Freq
 .text.HAL_GPIO_Init
                0x0000000008001ad8      0x2fc objdir-CWLITEARM/stm32f3_hal_lowlevel.o
                0x0000000008001ad8                HAL_GPIO_Init
 .text.HAL_GPIO_WritePin
                0x0000000008001dd4       0x2e objdir-CWLITEARM/stm32f3_hal_lowlevel.o
                0x0000000008001dd4                HAL_GPIO_WritePin
 *fill*         0x0000000008001e02        0x2 
 .text.UART_SetConfig
                0x0000000008001e04      0x400 objdir-CWLITEARM/stm32f3_hal_lowlevel.o
                0x0000000008001e04                UART_SetConfig
 .text.UART_CheckIdleState
                0x0000000008002204       0x92 objdir-CWLITEARM/stm32f3_hal_lowlevel.o
                0x0000000008002204                UART_CheckIdleState
 .text.HAL_UART_Init
                0x0000000008002296       0x8e objdir-CWLITEARM/stm32f3_hal_lowlevel.o
                0x0000000008002296                HAL_UART_Init
 .text.UART_WaitOnFlagUntilTimeout
                0x0000000008002324       0x94 objdir-CWLITEARM/stm32f3_hal_lowlevel.o
                0x0000000008002324                UART_WaitOnFlagUntilTimeout
 .text.HAL_UART_Transmit
                0x00000000080023b8      0x11a objdir-CWLITEARM/stm32f3_hal_lowlevel.o
                0x00000000080023b8                HAL_UART_Transmit
 .text.HAL_UART_Receive
                0x00000000080024d2      0x16a objdir-CWLITEARM/stm32f3_hal_lowlevel.o
                0x00000000080024d2                HAL_UART_Receive
 .text.Reset_Handler
                0x000000000800263c       0x48 objdir-CWLITEARM/stm32f3_startup.o
                0x000000000800263c                Reset_Handler
 .text.Default_Handler
                0x0000000008002684        0x2 objdir-CWLITEARM/stm32f3_startup.o
                0x0000000008002684                DebugMon_Handler
                0x0000000008002684                HardFault_Handler
                0x0000000008002684                SysTick_Handler
                0x0000000008002684                PendSV_Handler
                0x0000000008002684                NMI_Handler
                0x0000000008002684                UsageFault_Handler
                0x0000000008002684                Default_Handler
                0x0000000008002684                MemManage_Handler
                0x0000000008002684                SVC_Handler
                0x0000000008002684                BusFault_Handler
 *(.glue_7)
 .glue_7        0x0000000008002686        0x0 linker stubs
 *(.glue_7t)
 .glue_7t       0x0000000008002686        0x0 linker stubs
 *(.eh_frame)
 *fill*         0x0000000008002686        0x2 
 .eh_frame      0x0000000008002688        0x0 /usr/lib/gcc/arm-none-eabi/10.3.1/thumb/v7e-m/nofp/crtbegin.o
 *(.init)
 .init          0x0000000008002688        0x4 /usr/lib/gcc/arm-none-eabi/10.3.1/thumb/v7e-m/nofp/crti.o
                0x0000000008002688                _init
 .init          0x000000000800268c        0x8 /usr/lib/gcc/arm-none-eabi/10.3.1/thumb/v7e-m/nofp/crtn.o
 *(.fini)
 .fini          0x0000000008002694        0x4 /usr/lib/gcc/arm-none-eabi/10.3.1/thumb/v7e-m/nofp/crti.o
                0x0000000008002694                _fini
 .fini          0x0000000008002698        0x8 /usr/lib/gcc/arm-none-eabi/10.3.1/thumb/v7e-m/nofp/crtn.o
                0x00000000080026a0                . = ALIGN (0x4)
                0x00000000080026a0                _etext = .

.vfp11_veneer   0x00000000080026a0        0x0
 .vfp11_veneer  0x00000000080026a0        0x0 linker stubs

.v4_bx          0x00000000080026a0        0x0
 .v4_bx         0x00000000080026a0        0x0 linker stubs

.iplt           0x00000000080026a0        0x0
 .iplt          0x00000000080026a0        0x0 /usr/lib/gcc/arm-none-eabi/10.3.1/thumb/v7e-m/nofp/crtbegin.o

.rodata         0x00000000080026a0       0x1c
                0x00000000080026a0                . = ALIGN (0x4)
 *(.rodata)
 .rodata        0x00000000080026a0       0x1b objdir-CWLITEARM/MAYO.o
 *(.rodata*)
                0x00000000080026bc                . = ALIGN (0x4)
 *fill*         0x00000000080026bb        0x1 

.rel.dyn        0x00000000080026bc        0x0
 .rel.iplt      0x00000000080026bc        0x0 /usr/lib/gcc/arm-none-eabi/10.3.1/thumb/v7e-m/nofp/crtbegin.o

.ARM.extab      0x00000000080026bc        0x0
                0x00000000080026bc                . = ALIGN (0x4)
 *(.ARM.extab* .gnu.linkonce.armextab.*)
                0x00000000080026bc                . = ALIGN (0x4)

.ARM            0x00000000080026bc        0x0
                0x00000000080026bc                . = ALIGN (0x4)
                0x00000000080026bc                __exidx_start = .
 *(.ARM.exidx*)
                0x00000000080026bc                __exidx_end = .
                0x00000000080026bc                . = ALIGN (0x4)

.preinit_array  0x00000000080026bc        0x0
                0x00000000080026bc                . = ALIGN (0x4)
                0x00000000080026bc                PROVIDE (__preinit_array_start = .)
 *(.preinit_array*)
                0x00000000080026bc                PROVIDE (__preinit_array_end = .)
                0x00000000080026bc                . = ALIGN (0x4)

.init_array     0x00000000080026bc        0x4
                0x00000000080026bc                . = ALIGN (0x4)
                0x00000000080026bc                PROVIDE (__init_array_start = .)
 *(SORT_BY_NAME(.init_array.*))
 *(.init_array*)
 .init_array    0x00000000080026bc        0x4 /usr/lib/gcc/arm-none-eabi/10.3.1/thumb/v7e-m/nofp/crtbegin.o
                0x00000000080026c0                PROVIDE (__init_array_end = .)
                0x00000000080026c0                . = ALIGN (0x4)

.fini_array     0x00000000080026c0        0x4
                0x00000000080026c0                . = ALIGN (0x4)
                0x00000000080026c0                PROVIDE (__fini_array_start = .)
 *(SORT_BY_NAME(.fini_array.*))
 *(.fini_array*)
 .fini_array    0x00000000080026c0        0x4 /usr/lib/gcc/arm-none-eabi/10.3.1/thumb/v7e-m/nofp/crtbegin.o
                0x00000000080026c4                PROVIDE (__fini_array_end = .)
                0x00000000080026c4                . = ALIGN (0x4)
                0x00000000080026c4                _sidata = LOADADDR (.data)

.data           0x0000000020000000      0xec0 load address 0x00000000080026c4
                0x0000000020000000                . = ALIGN (0x4)
                0x0000000020000000                _sdata = .
 *(.data)
 .data          0x0000000020000000      0xec0 objdir-CWLITEARM/MAYO.o
                0x0000000020000000                P1
                0x0000000020000e88                oilspace
 *(.data*)
                0x0000000020000ec0                . = ALIGN (0x4)
                0x0000000020000ec0                _edata = .

.tm_clone_table
                0x0000000020000ec0        0x0 load address 0x0000000008003584
 .tm_clone_table
                0x0000000020000ec0        0x0 /usr/lib/gcc/arm-none-eabi/10.3.1/thumb/v7e-m/nofp/crtbegin.o
 .tm_clone_table
                0x0000000020000ec0        0x0 /usr/lib/gcc/arm-none-eabi/10.3.1/thumb/v7e-m/nofp/crtend.o

.igot.plt       0x0000000020000ec0        0x0 load address 0x0000000008003584
 .igot.plt      0x0000000020000ec0        0x0 /usr/lib/gcc/arm-none-eabi/10.3.1/thumb/v7e-m/nofp/crtbegin.o
                0x0000000020000ec0                . = ALIGN (0x4)

.bss            0x0000000020000ec0       0x94 load address 0x0000000008003584
                0x0000000020000ec0                _sbss = .
                0x0000000020000ec0                __bss_start__ = _sbss
 *(.bss)
 .bss           0x0000000020000ec0       0x1c /usr/lib/gcc/arm-none-eabi/10.3.1/thumb/v7e-m/nofp/crtbegin.o
 .bss           0x0000000020000edc       0x70 objdir-CWLITEARM/stm32f3_hal.o
                0x0000000020000edc                UartHandle
 .bss           0x0000000020000f4c        0x8 objdir-CWLITEARM/stm32f3_hal_lowlevel.o
                0x0000000020000f4c                hal_sys_tick
                0x0000000020000f50                uwTick
 *(.bss*)
 *(COMMON)
                0x0000000020000f54                . = ALIGN (0x4)
                0x0000000020000f54                _ebss = .
                0x0000000020000f54                __bss_end__ = _ebss

._user_heap_stack
                0x0000000020000f54      0x404 load address 0x0000000008003584
                0x0000000020000f58                . = ALIGN (0x8)
 *fill*         0x0000000020000f54        0x4 
                0x0000000020000f58                PROVIDE (end = .)
                [!provide]                        PROVIDE (_end = .)
                0x0000000020000f58                . = (. + _Min_Heap_Size)
                0x0000000020001358                . = (. + _Min_Stack_Size)
 *fill*         0x0000000020000f58      0x400 
                0x0000000020001358                . = ALIGN (0x8)

/DISCARD/
 libc.a(*)
 libm.a(*)
 libgcc.a(*)

.ARM.attributes
                0x0000000000000000       0x2a
 *(.ARM.attributes)
 .ARM.attributes
                0x0000000000000000       0x1e /usr/lib/gcc/arm-none-eabi/10.3.1/thumb/v7e-m/nofp/crti.o
 .ARM.attributes
                0x000000000000001e       0x2e /usr/lib/gcc/arm-none-eabi/10.3.1/thumb/v7e-m/nofp/crtbegin.o
 .ARM.attributes
                0x000000000000004c       0x2e objdir-CWLITEARM/MAYO.o
 .ARM.attributes
                0x000000000000007a       0x2e objdir-CWLITEARM/stm32f3_hal.o
 .ARM.attributes
                0x00000000000000a8       0x2e objdir-CWLITEARM/stm32f3_hal_lowlevel.o
 .ARM.attributes
                0x00000000000000d6       0x21 objdir-CWLITEARM/stm32f3_startup.o
 .ARM.attributes
                0x00000000000000f7       0x2e /usr/lib/gcc/arm-none-eabi/10.3.1/../../../arm-none-eabi/lib/thumb/v7e-m/nofp/libg_nano.a(lib_a-init.o)
 .ARM.attributes
                0x0000000000000125       0x2e /usr/lib/gcc/arm-none-eabi/10.3.1/../../../arm-none-eabi/lib/thumb/v7e-m/nofp/libg_nano.a(lib_a-memset.o)
 .ARM.attributes
                0x0000000000000153       0x2e /usr/lib/gcc/arm-none-eabi/10.3.1/thumb/v7e-m/nofp/crtend.o
 .ARM.attributes
                0x0000000000000181       0x1e /usr/lib/gcc/arm-none-eabi/10.3.1/thumb/v7e-m/nofp/crtn.o
OUTPUT(MAYO-CWLITEARM.elf elf32-littlearm)
LOAD linker stubs
LOAD /usr/lib/gcc/arm-none-eabi/10.3.1/../../../arm-none-eabi/lib/thumb/v7e-m/nofp/libc.a
LOAD /usr/lib/gcc/arm-none-eabi/10.3.1/../../../arm-none-eabi/lib/thumb/v7e-m/nofp/libm.a
LOAD /usr/lib/gcc/arm-none-eabi/10.3.1/thumb/v7e-m/nofp/libgcc.a

.comment        0x0000000000000000       0x33
 .comment       0x0000000000000000       0x33 /usr/lib/gcc/arm-none-eabi/10.3.1/thumb/v7e-m/nofp/crtbegin.o
                                         0x34 (size before relaxing)
 .comment       0x0000000000000033       0x34 objdir-CWLITEARM/MAYO.o
 .comment       0x0000000000000033       0x34 objdir-CWLITEARM/stm32f3_hal.o
 .comment       0x0000000000000033       0x34 objdir-CWLITEARM/stm32f3_hal_lowlevel.o
 .comment       0x0000000000000033       0x34 /usr/lib/gcc/arm-none-eabi/10.3.1/../../../arm-none-eabi/lib/thumb/v7e-m/nofp/libg_nano.a(lib_a-init.o)
 .comment       0x0000000000000033       0x34 /usr/lib/gcc/arm-none-eabi/10.3.1/../../../arm-none-eabi/lib/thumb/v7e-m/nofp/libg_nano.a(lib_a-memset.o)
 .comment       0x0000000000000033       0x34 /usr/lib/gcc/arm-none-eabi/10.3.1/thumb/v7e-m/nofp/crtend.o

.debug_info     0x0000000000000000     0x3595
 .debug_info    0x0000000000000000      0x32d objdir-CWLITEARM/MAYO.o
 .debug_info    0x000000000000032d      0xc3d objdir-CWLITEARM/stm32f3_hal.o
 .debug_info    0x0000000000000f6a     0x23da objdir-CWLITEARM/stm32f3_hal_lowlevel.o
 .debug_info    0x0000000000003344      0x11a /usr/lib/gcc/arm-none-eabi/10.3.1/../../../arm-none-eabi/lib/thumb/v7e-m/nofp/libg_nano.a(lib_a-init.o)
 .debug_info    0x000000000000345e      0x137 /usr/lib/gcc/arm-none-eabi/10.3.1/../../../arm-none-eabi/lib/thumb/v7e-m/nofp/libg_nano.a(lib_a-memset.o)

.debug_abbrev   0x0000000000000000      0x862
 .debug_abbrev  0x0000000000000000      0x170 objdir-CWLITEARM/MAYO.o
 .debug_abbrev  0x0000000000000170      0x1e3 objdir-CWLITEARM/stm32f3_hal.o
 .debug_abbrev  0x0000000000000353      0x38f objdir-CWLITEARM/stm32f3_hal_lowlevel.o
 .debug_abbrev  0x00000000000006e2       0xcc /usr/lib/gcc/arm-none-eabi/10.3.1/../../../arm-none-eabi/lib/thumb/v7e-m/nofp/libg_nano.a(lib_a-init.o)
 .debug_abbrev  0x00000000000007ae       0xb4 /usr/lib/gcc/arm-none-eabi/10.3.1/../../../arm-none-eabi/lib/thumb/v7e-m/nofp/libg_nano.a(lib_a-memset.o)

.debug_loc      0x0000000000000000      0xd48
 .debug_loc     0x0000000000000000      0x1a0 objdir-CWLITEARM/MAYO.o
 .debug_loc     0x00000000000001a0      0x28a objdir-CWLITEARM/stm32f3_hal.o
 .debug_loc     0x000000000000042a      0x638 objdir-CWLITEARM/stm32f3_hal_lowlevel.o
 .debug_loc     0x0000000000000a62       0xba /usr/lib/gcc/arm-none-eabi/10.3.1/../../../arm-none-eabi/lib/thumb/v7e-m/nofp/libg_nano.a(lib_a-init.o)
 .debug_loc     0x0000000000000b1c      0x22c /usr/lib/gcc/arm-none-eabi/10.3.1/../../../arm-none-eabi/lib/thumb/v7e-m/nofp/libg_nano.a(lib_a-memset.o)

.debug_aranges  0x0000000000000000      0x198
 .debug_aranges
                0x0000000000000000       0x40 objdir-CWLITEARM/MAYO.o
 .debug_aranges
                0x0000000000000040       0x60 objdir-CWLITEARM/stm32f3_hal.o
 .debug_aranges
                0x00000000000000a0       0xb8 objdir-CWLITEARM/stm32f3_hal_lowlevel.o
 .debug_aranges
                0x0000000000000158       0x20 /usr/lib/gcc/arm-none-eabi/10.3.1/../../../arm-none-eabi/lib/thumb/v7e-m/nofp/libg_nano.a(lib_a-init.o)
 .debug_aranges
                0x0000000000000178       0x20 /usr/lib/gcc/arm-none-eabi/10.3.1/../../../arm-none-eabi/lib/thumb/v7e-m/nofp/libg_nano.a(lib_a-memset.o)

.debug_ranges   0x0000000000000000      0x128
 .debug_ranges  0x0000000000000000       0x30 objdir-CWLITEARM/MAYO.o
 .debug_ranges  0x0000000000000030       0x50 objdir-CWLITEARM/stm32f3_hal.o
 .debug_ranges  0x0000000000000080       0xa8 objdir-CWLITEARM/stm32f3_hal_lowlevel.o

.debug_line     0x0000000000000000     0x19ee
 .debug_line    0x0000000000000000      0x211 objdir-CWLITEARM/MAYO.o
 .debug_line    0x0000000000000211      0x262 objdir-CWLITEARM/stm32f3_hal.o
 .debug_line    0x0000000000000473     0x1284 objdir-CWLITEARM/stm32f3_hal_lowlevel.o
 .debug_line    0x00000000000016f7      0x138 /usr/lib/gcc/arm-none-eabi/10.3.1/../../../arm-none-eabi/lib/thumb/v7e-m/nofp/libg_nano.a(lib_a-init.o)
 .debug_line    0x000000000000182f      0x1bf /usr/lib/gcc/arm-none-eabi/10.3.1/../../../arm-none-eabi/lib/thumb/v7e-m/nofp/libg_nano.a(lib_a-memset.o)

.debug_str      0x0000000000000000     0x13fe
 .debug_str     0x0000000000000000      0x1f5 objdir-CWLITEARM/MAYO.o
                                        0x23e (size before relaxing)
 .debug_str     0x00000000000001f5      0x6b9 objdir-CWLITEARM/stm32f3_hal.o
                                        0x89a (size before relaxing)
 .debug_str     0x00000000000008ae      0x92c objdir-CWLITEARM/stm32f3_hal_lowlevel.o
                                       0x116c (size before relaxing)
 .debug_str     0x00000000000011da      0x176 /usr/lib/gcc/arm-none-eabi/10.3.1/../../../arm-none-eabi/lib/thumb/v7e-m/nofp/libg_nano.a(lib_a-init.o)
                                        0x205 (size before relaxing)
 .debug_str     0x0000000000001350       0xae /usr/lib/gcc/arm-none-eabi/10.3.1/../../../arm-none-eabi/lib/thumb/v7e-m/nofp/libg_nano.a(lib_a-memset.o)
                                        0x1ba (size before relaxing)

.debug_frame    0x0000000000000000      0x560
 .debug_frame   0x0000000000000000       0xd0 objdir-CWLITEARM/MAYO.o
 .debug_frame   0x00000000000000d0      0x144 objdir-CWLITEARM/stm32f3_hal.o
 .debug_frame   0x0000000000000214      0x2f4 objdir-CWLITEARM/stm32f3_hal_lowlevel.o
 .debug_frame   0x0000000000000508       0x2c /usr/lib/gcc/arm-none-eabi/10.3.1/../../../arm-none-eabi/lib/thumb/v7e-m/nofp/libg_nano.a(lib_a-init.o)
 .debug_frame   0x0000000000000534       0x2c /usr/lib/gcc/arm-none-eabi/10.3.1/../../../arm-none-eabi/lib/thumb/v7e-m/nofp/libg_nano.a(lib_a-memset.o)

.stab           0x0000000000000000      0x144
 .stab          0x0000000000000000      0x144 objdir-CWLITEARM/stm32f3_startup.o

.stabstr        0x0000000000000000       0x34
 .stabstr       0x0000000000000000       0x34 objdir-CWLITEARM/stm32f3_startup.o

Cross Reference Table

Symbol                                            File
BusFault_Handler                                  objdir-CWLITEARM/stm32f3_startup.o
DebugMon_Handler                                  objdir-CWLITEARM/stm32f3_startup.o
Default_Handler                                   objdir-CWLITEARM/stm32f3_startup.o
HAL_GPIO_Init                                     objdir-CWLITEARM/stm32f3_hal_lowlevel.o
                                                  objdir-CWLITEARM/stm32f3_hal.o
HAL_GPIO_WritePin                                 objdir-CWLITEARM/stm32f3_hal_lowlevel.o
                                                  objdir-CWLITEARM/stm32f3_hal.o
HAL_GetTick                                       objdir-CWLITEARM/stm32f3_hal_lowlevel.o
HAL_IncTick                                       objdir-CWLITEARM/stm32f3_hal_lowlevel.o
HAL_InitTick                                      objdir-CWLITEARM/stm32f3_hal_lowlevel.o
HAL_NVIC_SetPriority                              objdir-CWLITEARM/stm32f3_hal_lowlevel.o
HAL_RCC_ClockConfig                               objdir-CWLITEARM/stm32f3_hal_lowlevel.o
                                                  objdir-CWLITEARM/stm32f3_hal.o
HAL_RCC_GetPCLK1Freq                              objdir-CWLITEARM/stm32f3_hal_lowlevel.o
HAL_RCC_GetPCLK2Freq                              objdir-CWLITEARM/stm32f3_hal_lowlevel.o
HAL_RCC_GetSysClockFreq                           objdir-CWLITEARM/stm32f3_hal_lowlevel.o
HAL_RCC_OscConfig                                 objdir-CWLITEARM/stm32f3_hal_lowlevel.o
                                                  objdir-CWLITEARM/stm32f3_hal.o
HAL_UART_Init                                     objdir-CWLITEARM/stm32f3_hal_lowlevel.o
                                                  objdir-CWLITEARM/stm32f3_hal.o
HAL_UART_Receive                                  objdir-CWLITEARM/stm32f3_hal_lowlevel.o
                                                  objdir-CWLITEARM/stm32f3_hal.o
HAL_UART_Transmit                                 objdir-CWLITEARM/stm32f3_hal_lowlevel.o
                                                  objdir-CWLITEARM/stm32f3_hal.o
HardFault_Handler                                 objdir-CWLITEARM/stm32f3_startup.o
MemManage_Handler                                 objdir-CWLITEARM/stm32f3_startup.o
NMI_Handler                                       objdir-CWLITEARM/stm32f3_startup.o
P1                                                objdir-CWLITEARM/MAYO.o
PendSV_Handler                                    objdir-CWLITEARM/stm32f3_startup.o
Reset_Handler                                     objdir-CWLITEARM/stm32f3_startup.o
SVC_Handler                                       objdir-CWLITEARM/stm32f3_startup.o
SysTick_Handler                                   objdir-CWLITEARM/stm32f3_startup.o
SystemCoreClock                                   objdir-CWLITEARM/stm32f3_hal_lowlevel.o
SystemInit                                        objdir-CWLITEARM/stm32f3_startup.o
UART_CheckIdleState                               objdir-CWLITEARM/stm32f3_hal_lowlevel.o
UART_SetConfig                                    objdir-CWLITEARM/stm32f3_hal_lowlevel.o
UART_WaitOnFlagUntilTimeout                       objdir-CWLITEARM/stm32f3_hal_lowlevel.o
UartHandle                                        objdir-CWLITEARM/stm32f3_hal.o
UsageFault_Handler                                objdir-CWLITEARM/stm32f3_startup.o
_ITM_deregisterTMCloneTable                       /usr/lib/gcc/arm-none-eabi/10.3.1/thumb/v7e-m/nofp/crtbegin.o
_ITM_registerTMCloneTable                         /usr/lib/gcc/arm-none-eabi/10.3.1/thumb/v7e-m/nofp/crtbegin.o
__TMC_END__                                       /usr/lib/gcc/arm-none-eabi/10.3.1/thumb/v7e-m/nofp/crtend.o
                                                  /usr/lib/gcc/arm-none-eabi/10.3.1/thumb/v7e-m/nofp/crtbegin.o
__atexit_dummy                                    /usr/lib/gcc/arm-none-eabi/10.3.1/../../../arm-none-eabi/lib/thumb/v7e-m/nofp/libg_nano.a(lib_a-__atexit.o)
__bss_end__                                       /usr/lib/gcc/arm-none-eabi/10.3.1/../../../arm-none-eabi/lib/thumb/v7e-m/nofp/crt0.o
__bss_start__                                     /usr/lib/gcc/arm-none-eabi/10.3.1/../../../arm-none-eabi/lib/thumb/v7e-m/nofp/crt0.o
__call_exitprocs                                  /usr/lib/gcc/arm-none-eabi/10.3.1/../../../arm-none-eabi/lib/thumb/v7e-m/nofp/libg_nano.a(lib_a-__call_atexit.o)
                                                  /usr/lib/gcc/arm-none-eabi/10.3.1/../../../arm-none-eabi/lib/thumb/v7e-m/nofp/libg_nano.a(lib_a-__atexit.o)
                                                  /usr/lib/gcc/arm-none-eabi/10.3.1/../../../arm-none-eabi/lib/thumb/v7e-m/nofp/libg_nano.a(lib_a-exit.o)
__deregister_frame_info                           /usr/lib/gcc/arm-none-eabi/10.3.1/thumb/v7e-m/nofp/crtbegin.o
__dso_handle                                      /usr/lib/gcc/arm-none-eabi/10.3.1/thumb/v7e-m/nofp/crtbegin.o
__errno                                           /usr/lib/gcc/arm-none-eabi/10.3.1/../../../arm-none-eabi/lib/thumb/v7e-m/nofp/libg_nano.a(lib_a-errno.o)
                                                  objdir-CWLITEARM/stm32f3_sysmem.o
__fini_array_end                                  /usr/lib/gcc/arm-none-eabi/10.3.1/../../../arm-none-eabi/lib/thumb/v7e-m/nofp/libg_nano.a(lib_a-fini.o)
__fini_array_start                                /usr/lib/gcc/arm-none-eabi/10.3.1/../../../arm-none-eabi/lib/thumb/v7e-m/nofp/libg_nano.a(lib_a-fini.o)
__init_array_end                                  /usr/lib/gcc/arm-none-eabi/10.3.1/../../../arm-none-eabi/lib/thumb/v7e-m/nofp/libg_nano.a(lib_a-init.o)
__init_array_start                                /usr/lib/gcc/arm-none-eabi/10.3.1/../../../arm-none-eabi/lib/thumb/v7e-m/nofp/libg_nano.a(lib_a-init.o)
__libc_fini_array                                 /usr/lib/gcc/arm-none-eabi/10.3.1/../../../arm-none-eabi/lib/thumb/v7e-m/nofp/libg_nano.a(lib_a-fini.o)
                                                  /usr/lib/gcc/arm-none-eabi/10.3.1/../../../arm-none-eabi/lib/thumb/v7e-m/nofp/crt0.o
__libc_init_array                                 /usr/lib/gcc/arm-none-eabi/10.3.1/../../../arm-none-eabi/lib/thumb/v7e-m/nofp/libg_nano.a(lib_a-init.o)
                                                  objdir-CWLITEARM/stm32f3_startup.o
                                                  /usr/lib/gcc/arm-none-eabi/10.3.1/../../../arm-none-eabi/lib/thumb/v7e-m/nofp/crt0.o
__on_exit_args                                    /usr/lib/gcc/arm-none-eabi/10.3.1/../../../arm-none-eabi/lib/thumb/v7e-m/nofp/libg_nano.a(lib_a-__atexit.o)
__preinit_array_end                               /usr/lib/gcc/arm-none-eabi/10.3.1/../../../arm-none-eabi/lib/thumb/v7e-m/nofp/libg_nano.a(lib_a-init.o)
__preinit_array_start                             /usr/lib/gcc/arm-none-eabi/10.3.1/../../../arm-none-eabi/lib/thumb/v7e-m/nofp/libg_nano.a(lib_a-init.o)
__register_exitproc                               /usr/lib/gcc/arm-none-eabi/10.3.1/../../../arm-none-eabi/lib/thumb/v7e-m/nofp/libg_nano.a(lib_a-__atexit.o)
                                                  /usr/lib/gcc/arm-none-eabi/10.3.1/../../../arm-none-eabi/lib/thumb/v7e-m/nofp/libg_nano.a(lib_a-atexit.o)
__register_frame_info                             /usr/lib/gcc/arm-none-eabi/10.3.1/thumb/v7e-m/nofp/crtbegin.o
__sf_fake_stderr                                  /usr/lib/gcc/arm-none-eabi/10.3.1/../../../arm-none-eabi/lib/thumb/v7e-m/nofp/libg_nano.a(lib_a-impure.o)
__sf_fake_stdin                                   /usr/lib/gcc/arm-none-eabi/10.3.1/../../../arm-none-eabi/lib/thumb/v7e-m/nofp/libg_nano.a(lib_a-impure.o)
__sf_fake_stdout                                  /usr/lib/gcc/arm-none-eabi/10.3.1/../../../arm-none-eabi/lib/thumb/v7e-m/nofp/libg_nano.a(lib_a-impure.o)
__stack                                           /usr/lib/gcc/arm-none-eabi/10.3.1/../../../arm-none-eabi/lib/thumb/v7e-m/nofp/crt0.o
_ebss                                             objdir-CWLITEARM/stm32f3_startup.o
_edata                                            objdir-CWLITEARM/stm32f3_startup.o
_estack                                           objdir-CWLITEARM/stm32f3_startup.o
_exit                                             /usr/lib/gcc/arm-none-eabi/10.3.1/../../../arm-none-eabi/lib/thumb/v7e-m/nofp/libnosys.a(_exit.o)
                                                  /usr/lib/gcc/arm-none-eabi/10.3.1/../../../arm-none-eabi/lib/thumb/v7e-m/nofp/libg_nano.a(lib_a-exit.o)
_fini                                             /usr/lib/gcc/arm-none-eabi/10.3.1/thumb/v7e-m/nofp/crti.o
                                                  /usr/lib/gcc/arm-none-eabi/10.3.1/../../../arm-none-eabi/lib/thumb/v7e-m/nofp/libg_nano.a(lib_a-fini.o)
_global_atexit                                    /usr/lib/gcc/arm-none-eabi/10.3.1/../../../arm-none-eabi/lib/thumb/v7e-m/nofp/libg_nano.a(lib_a-__call_atexit.o)
                                                  /usr/lib/gcc/arm-none-eabi/10.3.1/../../../arm-none-eabi/lib/thumb/v7e-m/nofp/libg_nano.a(lib_a-__atexit.o)
_global_impure_ptr                                /usr/lib/gcc/arm-none-eabi/10.3.1/../../../arm-none-eabi/lib/thumb/v7e-m/nofp/libg_nano.a(lib_a-impure.o)
                                                  /usr/lib/gcc/arm-none-eabi/10.3.1/../../../arm-none-eabi/lib/thumb/v7e-m/nofp/libg_nano.a(lib_a-exit.o)
_impure_ptr                                       /usr/lib/gcc/arm-none-eabi/10.3.1/../../../arm-none-eabi/lib/thumb/v7e-m/nofp/libg_nano.a(lib_a-impure.o)
                                                  /usr/lib/gcc/arm-none-eabi/10.3.1/../../../arm-none-eabi/lib/thumb/v7e-m/nofp/libg_nano.a(lib_a-errno.o)
_init                                             /usr/lib/gcc/arm-none-eabi/10.3.1/thumb/v7e-m/nofp/crti.o
                                                  /usr/lib/gcc/arm-none-eabi/10.3.1/../../../arm-none-eabi/lib/thumb/v7e-m/nofp/libg_nano.a(lib_a-init.o)
_linear_combination                               objdir-CWLITEARM/MAYO.o
_mainCRTStartup                                   /usr/lib/gcc/arm-none-eabi/10.3.1/../../../arm-none-eabi/lib/thumb/v7e-m/nofp/crt0.o
_sbrk                                             objdir-CWLITEARM/stm32f3_sysmem.o
_sbss                                             objdir-CWLITEARM/stm32f3_startup.o
_sdata                                            objdir-CWLITEARM/stm32f3_startup.o
_sidata                                           objdir-CWLITEARM/stm32f3_startup.o
_stack_init                                       /usr/lib/gcc/arm-none-eabi/10.3.1/../../../arm-none-eabi/lib/thumb/v7e-m/nofp/crt0.o
_start                                            /usr/lib/gcc/arm-none-eabi/10.3.1/../../../arm-none-eabi/lib/thumb/v7e-m/nofp/crt0.o
add_vectors                                       objdir-CWLITEARM/MAYO.o
atexit                                            /usr/lib/gcc/arm-none-eabi/10.3.1/../../../arm-none-eabi/lib/thumb/v7e-m/nofp/libg_nano.a(lib_a-atexit.o)
                                                  /usr/lib/gcc/arm-none-eabi/10.3.1/../../../arm-none-eabi/lib/thumb/v7e-m/nofp/crt0.o
change_err_led                                    objdir-CWLITEARM/stm32f3_hal.o
change_ok_led                                     objdir-CWLITEARM/stm32f3_hal.o
check_version                                     objdir-CWLITEARM/simpleserial.o
end                                               objdir-CWLITEARM/stm32f3_sysmem.o
exit                                              /usr/lib/gcc/arm-none-eabi/10.3.1/../../../arm-none-eabi/lib/thumb/v7e-m/nofp/libg_nano.a(lib_a-exit.o)
                                                  /usr/lib/gcc/arm-none-eabi/10.3.1/../../../arm-none-eabi/lib/thumb/v7e-m/nofp/crt0.o
g_pfnVectors                                      objdir-CWLITEARM/stm32f3_startup.o
getch                                             objdir-CWLITEARM/stm32f3_hal.o
                                                  objdir-CWLITEARM/simpleserial.o
                                                  objdir-CWLITEARM/MAYO.o
hal_sys_tick                                      objdir-CWLITEARM/stm32f3_hal_lowlevel.o
hardware_init_hook                                /usr/lib/gcc/arm-none-eabi/10.3.1/../../../arm-none-eabi/lib/thumb/v7e-m/nofp/crt0.o
hex_decode                                        objdir-CWLITEARM/simpleserial.o
init_uart                                         objdir-CWLITEARM/stm32f3_hal.o
                                                  objdir-CWLITEARM/MAYO.o
main                                              objdir-CWLITEARM/MAYO.o
                                                  objdir-CWLITEARM/stm32f3_startup.o
                                                  /usr/lib/gcc/arm-none-eabi/10.3.1/../../../arm-none-eabi/lib/thumb/v7e-m/nofp/crt0.o
malloc                                            /usr/lib/gcc/arm-none-eabi/10.3.1/../../../arm-none-eabi/lib/thumb/v7e-m/nofp/libg_nano.a(lib_a-__atexit.o)
mayo_trace                                        objdir-CWLITEARM/MAYO.o
memset                                            /usr/lib/gcc/arm-none-eabi/10.3.1/../../../arm-none-eabi/lib/thumb/v7e-m/nofp/libg_nano.a(lib_a-memset.o)
                                                  objdir-CWLITEARM/MAYO.o
                                                  /usr/lib/gcc/arm-none-eabi/10.3.1/../../../arm-none-eabi/lib/thumb/v7e-m/nofp/crt0.o
oilspace                                          objdir-CWLITEARM/MAYO.o
platform_init                                     objdir-CWLITEARM/stm32f3_hal.o
                                                  objdir-CWLITEARM/MAYO.o
putString                                         objdir-CWLITEARM/MAYO.o
putch                                             objdir-CWLITEARM/stm32f3_hal.o
                                                  objdir-CWLITEARM/simpleserial.o
                                                  objdir-CWLITEARM/MAYO.o
simpleserial_addcmd                               objdir-CWLITEARM/simpleserial.o
simpleserial_addcmd_flags                         objdir-CWLITEARM/simpleserial.o
simpleserial_get                                  objdir-CWLITEARM/simpleserial.o
simpleserial_init                                 objdir-CWLITEARM/simpleserial.o
simpleserial_put                                  objdir-CWLITEARM/simpleserial.o
software_init_hook                                /usr/lib/gcc/arm-none-eabi/10.3.1/../../../arm-none-eabi/lib/thumb/v7e-m/nofp/crt0.o
ss_crc                                            objdir-CWLITEARM/simpleserial.o
ss_get_commands                                   objdir-CWLITEARM/simpleserial.o
ss_num_commands                                   objdir-CWLITEARM/simpleserial.o
trigger                                           objdir-CWLITEARM/MAYO.o
trigger_high                                      objdir-CWLITEARM/stm32f3_hal.o
                                                  objdir-CWLITEARM/MAYO.o
trigger_low                                       objdir-CWLITEARM/stm32f3_hal.o
                                                  objdir-CWLITEARM/MAYO.o
trigger_setup                                     objdir-CWLITEARM/stm32f3_hal.o
                                                  objdir-CWLITEARM/MAYO.o
uwTick                                            objdir-CWLITEARM/stm32f3_hal_lowlevel.o
