

================================================================
== Vitis HLS Report for 'linear_combination'
================================================================
* Date:           Wed May 11 12:58:24 2022

* Version:        2020.2 (Build 3064766 on Wed Nov 18 09:12:47 MST 2020)
* Project:        computeP2
* Solution:       solution2 (Vivado IP Flow Target)
* Product family: zynq
* Target device:  xc7z020-clg484-1


================================================================
== Performance Estimates
================================================================
+ Timing: 
    * Summary: 
    +--------+----------+----------+------------+
    |  Clock |  Target  | Estimated| Uncertainty|
    +--------+----------+----------+------------+
    |ap_clk  |  10.00 ns|  6.878 ns|     2.70 ns|
    +--------+----------+----------+------------+

+ Latency: 
    * Summary: 
    +---------+---------+----------+----------+-----+-------+---------+
    |  Latency (cycles) |  Latency (absolute) |   Interval  | Pipeline|
    |   min   |   max   |    min   |    max   | min |  max  |   Type  |
    +---------+---------+----------+----------+-----+-------+---------+
    |      485|    12595|  4.850 us|  0.126 ms|  485|  12595|     none|
    +---------+---------+----------+----------+-----+-------+---------+

    + Detail: 
        * Instance: 
        N/A

        * Loop: 
        +--------------+---------+---------+----------+-----------+-----------+--------+----------+
        |              |  Latency (cycles) | Iteration|  Initiation Interval  |  Trip  |          |
        |   Loop Name  |   min   |   max   |  Latency |  achieved |   target  |  Count | Pipelined|
        +--------------+---------+---------+----------+-----------+-----------+--------+----------+
        |- Loop 1      |       60|       60|         1|          -|          -|      60|        no|
        |- LOOP_LC1    |      182|    10192|       182|          -|          -|  1 ~ 56|        no|
        | + LOOP_LC12  |      180|      180|         3|          -|          -|      60|        no|
        |- LOOP_LC2    |      240|     2340|    4 ~ 39|          -|          -|      60|        no|
        +--------------+---------+---------+----------+-----------+-----------+--------+----------+

============================================================
+ Verbose Summary: Synthesis Manager
============================================================
InlineROM: 1
ExposeGlobal: 0
============================================================
+ Verbose Summary: CDFG Model
============================================================
IsTopModel: 0
ResetActiveHigh: 1
IsCombinational: 0
IsDatapathOnly: 0
HasWiredReturn: 1
HasMFsm: 0
HasVarLatency: 1
IsPipeline: 0
IsRtlPipelined: 0
IsInstanceOverlapped: 0
IsDontTouch: 0
HasImplIP: 0
IsGatedGlobalClock: 0


============================================================
+ Verbose Summary: Schedule
============================================================
* Number of FSM states : 45
* Pipeline : 0
* Dataflow Pipeline: 0

* FSM state transitions: 
1 --> 2 
2 --> 2 3 
3 --> 4 7 
4 --> 5 3 
5 --> 6 
6 --> 4 
7 --> 8 
8 --> 9 
9 --> 10 45 
10 --> 11 
11 --> 12 
12 --> 13 
13 --> 14 
14 --> 15 
15 --> 16 
16 --> 17 
17 --> 18 
18 --> 19 
19 --> 20 
20 --> 21 
21 --> 22 
22 --> 23 
23 --> 24 
24 --> 25 
25 --> 26 
26 --> 27 
27 --> 28 
28 --> 29 
29 --> 30 
30 --> 31 
31 --> 32 
32 --> 33 
33 --> 34 
34 --> 35 
35 --> 36 
36 --> 37 
37 --> 38 
38 --> 39 
39 --> 40 
40 --> 41 
41 --> 42 
42 --> 43 
43 --> 44 
44 --> 45 
45 --> 7 

* FSM state operations: 

State 1 <SV = 0> <Delay = 3.25>
ST_1 : Operation 46 [1/1] (0.00ns)   --->   "%len_read = read i6 @_ssdm_op_Read.ap_auto.i6, i6 %len"   --->   Operation 46 'read' 'len_read' <Predicate = true> <Delay = 0.00>
ST_1 : Operation 47 [1/1] (0.00ns)   --->   "%coeffs_read_3 = read i8 @_ssdm_op_Read.ap_auto.i8, i8 %coeffs_read"   --->   Operation 47 'read' 'coeffs_read_3' <Predicate = true> <Delay = 0.00>
ST_1 : Operation 48 [1/1] (0.00ns)   --->   "%vecs_read_1 = read i8 @_ssdm_op_Read.ap_auto.i8, i8 %vecs_read"   --->   Operation 48 'read' 'vecs_read_1' <Predicate = true> <Delay = 0.00>
ST_1 : Operation 49 [1/1] (3.25ns)   --->   "%accumulators = alloca i64 1" [computeP2/c/computeP2.cpp:100]   --->   Operation 49 'alloca' 'accumulators' <Predicate = true> <Delay = 3.25> <CoreInst = "RAM">   --->   Core 82 'RAM' <Latency = 1> <II = 1> <Delay = 3.25> <Storage> <Opcode : 'load' 'store'> <Ports = 2> <Width = 32> <Depth = 60> <RAM>
ST_1 : Operation 50 [1/1] (1.58ns)   --->   "%br_ln100 = br void %memset.loop" [computeP2/c/computeP2.cpp:100]   --->   Operation 50 'br' 'br_ln100' <Predicate = true> <Delay = 1.58>

State 2 <SV = 1> <Delay = 4.68>
ST_2 : Operation 51 [1/1] (0.00ns)   --->   "%empty = phi i6 0, void, i6 %empty_38, void %memset.loop.split"   --->   Operation 51 'phi' 'empty' <Predicate = true> <Delay = 0.00>
ST_2 : Operation 52 [1/1] (1.82ns)   --->   "%empty_38 = add i6 %empty, i6 1"   --->   Operation 52 'add' 'empty_38' <Predicate = true> <Delay = 1.82> <CoreInst = "Adder">   --->   Core 1 'Adder' <Latency = 0> <II = 1> <Delay = 1.78> <FuncUnit> <Opcode : 'add' 'sub'> <InPorts = 2> <OutPorts = 1>
ST_2 : Operation 53 [1/1] (0.00ns)   --->   "%p_cast = zext i6 %empty"   --->   Operation 53 'zext' 'p_cast' <Predicate = true> <Delay = 0.00>
ST_2 : Operation 54 [1/1] (1.42ns)   --->   "%exitcond136 = icmp_eq  i6 %empty, i6 60"   --->   Operation 54 'icmp' 'exitcond136' <Predicate = true> <Delay = 1.42> <CoreInst = "Cmp">   --->   Core 9 'Cmp' <Latency = 0> <II = 1> <Delay = 2.47> <FuncUnit> <Opcode : 'icmp'> <InPorts = 2> <OutPorts = 1>
ST_2 : Operation 55 [1/1] (0.00ns)   --->   "%empty_39 = speclooptripcount i32 @_ssdm_op_SpecLoopTripCount, i64 60, i64 60, i64 60"   --->   Operation 55 'speclooptripcount' 'empty_39' <Predicate = true> <Delay = 0.00>
ST_2 : Operation 56 [1/1] (0.00ns)   --->   "%br_ln0 = br i1 %exitcond136, void %memset.loop.split, void %split"   --->   Operation 56 'br' 'br_ln0' <Predicate = true> <Delay = 0.00>
ST_2 : Operation 57 [1/1] (0.00ns)   --->   "%accumulators_addr = getelementptr i32 %accumulators, i64 0, i64 %p_cast"   --->   Operation 57 'getelementptr' 'accumulators_addr' <Predicate = (!exitcond136)> <Delay = 0.00>
ST_2 : Operation 58 [1/1] (3.25ns)   --->   "%store_ln0 = store i32 0, i6 %accumulators_addr"   --->   Operation 58 'store' 'store_ln0' <Predicate = (!exitcond136)> <Delay = 3.25> <CoreInst = "RAM">   --->   Core 82 'RAM' <Latency = 1> <II = 1> <Delay = 3.25> <Storage> <Opcode : 'load' 'store'> <Ports = 2> <Width = 32> <Depth = 60> <RAM>
ST_2 : Operation 59 [1/1] (0.00ns)   --->   "%br_ln0 = br void %memset.loop"   --->   Operation 59 'br' 'br_ln0' <Predicate = (!exitcond136)> <Delay = 0.00>
ST_2 : Operation 60 [1/1] (0.00ns)   --->   "%zext_ln108 = zext i8 %coeffs_read_3" [computeP2/c/computeP2.cpp:108]   --->   Operation 60 'zext' 'zext_ln108' <Predicate = (exitcond136)> <Delay = 0.00>
ST_2 : Operation 61 [1/1] (0.00ns)   --->   "%zext_ln108_5 = zext i8 %vecs_read_1" [computeP2/c/computeP2.cpp:108]   --->   Operation 61 'zext' 'zext_ln108_5' <Predicate = (exitcond136)> <Delay = 0.00>
ST_2 : Operation 62 [1/1] (4.17ns)   --->   "%mul_ln108 = mul i16 %zext_ln108_5, i16 %zext_ln108" [computeP2/c/computeP2.cpp:108]   --->   Operation 62 'mul' 'mul_ln108' <Predicate = (exitcond136)> <Delay = 4.17> <CoreInst = "Multiplier">   --->   Core 3 'Multiplier' <Latency = 0> <II = 1> <Delay = 4.17> <FuncUnit> <Opcode : 'mul'> <InPorts = 2> <OutPorts = 1>
ST_2 : Operation 63 [1/1] (0.00ns)   --->   "%zext_ln102 = zext i16 %mul_ln108" [computeP2/c/computeP2.cpp:102]   --->   Operation 63 'zext' 'zext_ln102' <Predicate = (exitcond136)> <Delay = 0.00>
ST_2 : Operation 64 [1/1] (1.58ns)   --->   "%br_ln102 = br void" [computeP2/c/computeP2.cpp:102]   --->   Operation 64 'br' 'br_ln102' <Predicate = (exitcond136)> <Delay = 1.58>

State 3 <SV = 2> <Delay = 1.82>
ST_3 : Operation 65 [1/1] (0.00ns)   --->   "%i = phi i6 %add_ln102, void, i6 0, void %split" [computeP2/c/computeP2.cpp:102]   --->   Operation 65 'phi' 'i' <Predicate = true> <Delay = 0.00>
ST_3 : Operation 66 [1/1] (1.82ns)   --->   "%add_ln102 = add i6 %i, i6 1" [computeP2/c/computeP2.cpp:102]   --->   Operation 66 'add' 'add_ln102' <Predicate = true> <Delay = 1.82> <CoreInst = "Adder">   --->   Core 1 'Adder' <Latency = 0> <II = 1> <Delay = 1.78> <FuncUnit> <Opcode : 'add' 'sub'> <InPorts = 2> <OutPorts = 1>
ST_3 : Operation 67 [1/1] (1.42ns)   --->   "%icmp_ln102 = icmp_eq  i6 %i, i6 %len_read" [computeP2/c/computeP2.cpp:102]   --->   Operation 67 'icmp' 'icmp_ln102' <Predicate = true> <Delay = 1.42> <CoreInst = "Cmp">   --->   Core 9 'Cmp' <Latency = 0> <II = 1> <Delay = 2.47> <FuncUnit> <Opcode : 'icmp'> <InPorts = 2> <OutPorts = 1>
ST_3 : Operation 68 [1/1] (0.00ns)   --->   "%empty_40 = speclooptripcount i32 @_ssdm_op_SpecLoopTripCount, i64 1, i64 56, i64 0"   --->   Operation 68 'speclooptripcount' 'empty_40' <Predicate = true> <Delay = 0.00>
ST_3 : Operation 69 [1/1] (0.00ns)   --->   "%br_ln102 = br i1 %icmp_ln102, void %.split4, void %._crit_edge.loopexit.preheader" [computeP2/c/computeP2.cpp:102]   --->   Operation 69 'br' 'br_ln102' <Predicate = true> <Delay = 0.00>
ST_3 : Operation 70 [1/1] (0.00ns)   --->   "%specloopname_ln102 = specloopname void @_ssdm_op_SpecLoopName, void @empty_7" [computeP2/c/computeP2.cpp:102]   --->   Operation 70 'specloopname' 'specloopname_ln102' <Predicate = (!icmp_ln102)> <Delay = 0.00>
ST_3 : Operation 71 [1/1] (1.58ns)   --->   "%br_ln106 = br void" [computeP2/c/computeP2.cpp:106]   --->   Operation 71 'br' 'br_ln106' <Predicate = (!icmp_ln102)> <Delay = 1.58>
ST_3 : Operation 72 [1/1] (1.58ns)   --->   "%br_ln112 = br void %._crit_edge.loopexit" [computeP2/c/computeP2.cpp:112]   --->   Operation 72 'br' 'br_ln112' <Predicate = (icmp_ln102)> <Delay = 1.58>

State 4 <SV = 3> <Delay = 3.25>
ST_4 : Operation 73 [1/1] (0.00ns)   --->   "%j = phi i6 %add_ln106, void %.split2, i6 0, void %.split4" [computeP2/c/computeP2.cpp:106]   --->   Operation 73 'phi' 'j' <Predicate = true> <Delay = 0.00>
ST_4 : Operation 74 [1/1] (1.82ns)   --->   "%add_ln106 = add i6 %j, i6 1" [computeP2/c/computeP2.cpp:106]   --->   Operation 74 'add' 'add_ln106' <Predicate = true> <Delay = 1.82> <CoreInst = "Adder">   --->   Core 1 'Adder' <Latency = 0> <II = 1> <Delay = 1.78> <FuncUnit> <Opcode : 'add' 'sub'> <InPorts = 2> <OutPorts = 1>
ST_4 : Operation 75 [1/1] (0.00ns)   --->   "%zext_ln106 = zext i6 %j" [computeP2/c/computeP2.cpp:106]   --->   Operation 75 'zext' 'zext_ln106' <Predicate = true> <Delay = 0.00>
ST_4 : Operation 76 [1/1] (1.42ns)   --->   "%icmp_ln106 = icmp_eq  i6 %j, i6 60" [computeP2/c/computeP2.cpp:106]   --->   Operation 76 'icmp' 'icmp_ln106' <Predicate = true> <Delay = 1.42> <CoreInst = "Cmp">   --->   Core 9 'Cmp' <Latency = 0> <II = 1> <Delay = 2.47> <FuncUnit> <Opcode : 'icmp'> <InPorts = 2> <OutPorts = 1>
ST_4 : Operation 77 [1/1] (0.00ns)   --->   "%empty_41 = speclooptripcount i32 @_ssdm_op_SpecLoopTripCount, i64 60, i64 60, i64 60"   --->   Operation 77 'speclooptripcount' 'empty_41' <Predicate = true> <Delay = 0.00>
ST_4 : Operation 78 [1/1] (0.00ns)   --->   "%br_ln106 = br i1 %icmp_ln106, void %.split2, void" [computeP2/c/computeP2.cpp:106]   --->   Operation 78 'br' 'br_ln106' <Predicate = true> <Delay = 0.00>
ST_4 : Operation 79 [1/1] (0.00ns)   --->   "%accumulators_addr_6 = getelementptr i32 %accumulators, i64 0, i64 %zext_ln106" [computeP2/c/computeP2.cpp:108]   --->   Operation 79 'getelementptr' 'accumulators_addr_6' <Predicate = (!icmp_ln106)> <Delay = 0.00>
ST_4 : Operation 80 [2/2] (3.25ns)   --->   "%accumulators_load = load i6 %accumulators_addr_6" [computeP2/c/computeP2.cpp:108]   --->   Operation 80 'load' 'accumulators_load' <Predicate = (!icmp_ln106)> <Delay = 3.25> <CoreInst = "RAM">   --->   Core 82 'RAM' <Latency = 1> <II = 1> <Delay = 3.25> <Storage> <Opcode : 'load' 'store'> <Ports = 2> <Width = 32> <Depth = 60> <RAM>
ST_4 : Operation 81 [1/1] (0.00ns)   --->   "%br_ln0 = br void"   --->   Operation 81 'br' 'br_ln0' <Predicate = (icmp_ln106)> <Delay = 0.00>

State 5 <SV = 4> <Delay = 5.80>
ST_5 : Operation 82 [1/2] (3.25ns)   --->   "%accumulators_load = load i6 %accumulators_addr_6" [computeP2/c/computeP2.cpp:108]   --->   Operation 82 'load' 'accumulators_load' <Predicate = true> <Delay = 3.25> <CoreInst = "RAM">   --->   Core 82 'RAM' <Latency = 1> <II = 1> <Delay = 3.25> <Storage> <Opcode : 'load' 'store'> <Ports = 2> <Width = 32> <Depth = 60> <RAM>
ST_5 : Operation 83 [1/1] (2.55ns)   --->   "%add_ln108 = add i32 %accumulators_load, i32 %zext_ln102" [computeP2/c/computeP2.cpp:108]   --->   Operation 83 'add' 'add_ln108' <Predicate = true> <Delay = 2.55> <CoreInst = "Adder">   --->   Core 1 'Adder' <Latency = 0> <II = 1> <Delay = 1.78> <FuncUnit> <Opcode : 'add' 'sub'> <InPorts = 2> <OutPorts = 1>

State 6 <SV = 5> <Delay = 3.25>
ST_6 : Operation 84 [1/1] (0.00ns)   --->   "%specloopname_ln106 = specloopname void @_ssdm_op_SpecLoopName, void @empty_6" [computeP2/c/computeP2.cpp:106]   --->   Operation 84 'specloopname' 'specloopname_ln106' <Predicate = true> <Delay = 0.00>
ST_6 : Operation 85 [1/1] (3.25ns)   --->   "%store_ln108 = store i32 %add_ln108, i6 %accumulators_addr_6" [computeP2/c/computeP2.cpp:108]   --->   Operation 85 'store' 'store_ln108' <Predicate = true> <Delay = 3.25> <CoreInst = "RAM">   --->   Core 82 'RAM' <Latency = 1> <II = 1> <Delay = 3.25> <Storage> <Opcode : 'load' 'store'> <Ports = 2> <Width = 32> <Depth = 60> <RAM>
ST_6 : Operation 86 [1/1] (0.00ns)   --->   "%br_ln0 = br void"   --->   Operation 86 'br' 'br_ln0' <Predicate = true> <Delay = 0.00>

State 7 <SV = 3> <Delay = 3.25>
ST_7 : Operation 87 [1/1] (0.00ns)   --->   "%i_3 = phi i6 %add_ln112, void %generic_remquo<33, 33>.exit, i6 0, void %._crit_edge.loopexit.preheader" [computeP2/c/computeP2.cpp:112]   --->   Operation 87 'phi' 'i_3' <Predicate = true> <Delay = 0.00>
ST_7 : Operation 88 [1/1] (1.82ns)   --->   "%add_ln112 = add i6 %i_3, i6 1" [computeP2/c/computeP2.cpp:112]   --->   Operation 88 'add' 'add_ln112' <Predicate = true> <Delay = 1.82> <CoreInst = "Adder">   --->   Core 1 'Adder' <Latency = 0> <II = 1> <Delay = 1.78> <FuncUnit> <Opcode : 'add' 'sub'> <InPorts = 2> <OutPorts = 1>
ST_7 : Operation 89 [1/1] (0.00ns)   --->   "%zext_ln112 = zext i6 %i_3" [computeP2/c/computeP2.cpp:112]   --->   Operation 89 'zext' 'zext_ln112' <Predicate = true> <Delay = 0.00>
ST_7 : Operation 90 [1/1] (1.42ns)   --->   "%icmp_ln112 = icmp_eq  i6 %i_3, i6 60" [computeP2/c/computeP2.cpp:112]   --->   Operation 90 'icmp' 'icmp_ln112' <Predicate = true> <Delay = 1.42> <CoreInst = "Cmp">   --->   Core 9 'Cmp' <Latency = 0> <II = 1> <Delay = 2.47> <FuncUnit> <Opcode : 'icmp'> <InPorts = 2> <OutPorts = 1>
ST_7 : Operation 91 [1/1] (0.00ns)   --->   "%empty_42 = speclooptripcount i32 @_ssdm_op_SpecLoopTripCount, i64 60, i64 60, i64 60"   --->   Operation 91 'speclooptripcount' 'empty_42' <Predicate = true> <Delay = 0.00>
ST_7 : Operation 92 [1/1] (0.00ns)   --->   "%br_ln112 = br i1 %icmp_ln112, void %.split, void" [computeP2/c/computeP2.cpp:112]   --->   Operation 92 'br' 'br_ln112' <Predicate = true> <Delay = 0.00>
ST_7 : Operation 93 [1/1] (0.00ns)   --->   "%accumulators_addr_5 = getelementptr i32 %accumulators, i64 0, i64 %zext_ln112" [computeP2/c/computeP2.cpp:116]   --->   Operation 93 'getelementptr' 'accumulators_addr_5' <Predicate = (!icmp_ln112)> <Delay = 0.00>
ST_7 : Operation 94 [2/2] (3.25ns)   --->   "%tmp = load i6 %accumulators_addr_5" [computeP2/c/computeP2.cpp:116]   --->   Operation 94 'load' 'tmp' <Predicate = (!icmp_ln112)> <Delay = 3.25> <CoreInst = "RAM">   --->   Core 82 'RAM' <Latency = 1> <II = 1> <Delay = 3.25> <Storage> <Opcode : 'load' 'store'> <Ports = 2> <Width = 32> <Depth = 60> <RAM>
ST_7 : Operation 95 [1/1] (0.00ns)   --->   "%ret_ln118 = ret" [computeP2/c/computeP2.cpp:118]   --->   Operation 95 'ret' 'ret_ln118' <Predicate = (icmp_ln112)> <Delay = 0.00>

State 8 <SV = 4> <Delay = 3.25>
ST_8 : Operation 96 [1/2] (3.25ns)   --->   "%tmp = load i6 %accumulators_addr_5" [computeP2/c/computeP2.cpp:116]   --->   Operation 96 'load' 'tmp' <Predicate = true> <Delay = 3.25> <CoreInst = "RAM">   --->   Core 82 'RAM' <Latency = 1> <II = 1> <Delay = 3.25> <Storage> <Opcode : 'load' 'store'> <Ports = 2> <Width = 32> <Depth = 60> <RAM>

State 9 <SV = 5> <Delay = 5.03>
ST_9 : Operation 97 [1/1] (0.00ns)   --->   "%specloopname_ln112 = specloopname void @_ssdm_op_SpecLoopName, void @empty_5" [computeP2/c/computeP2.cpp:112]   --->   Operation 97 'specloopname' 'specloopname_ln112' <Predicate = true> <Delay = 0.00>
ST_9 : Operation 98 [1/1] (2.47ns)   --->   "%empty_43 = icmp_eq  i32 %tmp, i32 31" [computeP2/c/computeP2.cpp:116]   --->   Operation 98 'icmp' 'empty_43' <Predicate = true> <Delay = 2.47> <CoreInst = "Cmp">   --->   Core 9 'Cmp' <Latency = 0> <II = 1> <Delay = 2.47> <FuncUnit> <Opcode : 'icmp'> <InPorts = 2> <OutPorts = 1>
ST_9 : Operation 99 [1/1] (2.47ns)   --->   "%empty_44 = icmp_eq  i32 %tmp, i32 0" [computeP2/c/computeP2.cpp:116]   --->   Operation 99 'icmp' 'empty_44' <Predicate = true> <Delay = 2.47> <CoreInst = "Cmp">   --->   Core 9 'Cmp' <Latency = 0> <II = 1> <Delay = 2.47> <FuncUnit> <Opcode : 'icmp'> <InPorts = 2> <OutPorts = 1>
ST_9 : Operation 100 [1/1] (0.97ns)   --->   "%empty_45 = or i1 %empty_44, i1 %empty_43" [computeP2/c/computeP2.cpp:116]   --->   Operation 100 'or' 'empty_45' <Predicate = true> <Delay = 0.97> <CoreInst = "LogicGate">   --->   Core 74 'LogicGate' <Latency = 0> <II = 1> <Delay = 0.78> <FuncUnit> <Opcode : 'and' 'or' 'xor'> <InPorts = 2> <OutPorts = 1>
ST_9 : Operation 101 [1/1] (1.58ns)   --->   "%br_ln116 = br i1 %empty_45, void %_ZN8ap_fixedILi33ELi33EL9ap_q_mode5EL9ap_o_mode3ELi0EEC2Ei.exit.i, void %generic_remquo<33, 33>.exit" [computeP2/c/computeP2.cpp:116]   --->   Operation 101 'br' 'br_ln116' <Predicate = true> <Delay = 1.58>
ST_9 : Operation 102 [36/36] (4.13ns)   --->   "%rem_V = urem i32 %tmp, i32 31"   --->   Operation 102 'urem' 'rem_V' <Predicate = (!empty_45)> <Delay = 4.13> <CoreInst = "DivnS_SEQ">   --->   Core 7 'DivnS_SEQ' <Latency = 35> <II = 32> <Delay = 4.13> <FuncUnit> <Opcode : 'sdiv' 'srem' 'udiv' 'urem'> <InPorts = 2> <OutPorts = 1>

State 10 <SV = 6> <Delay = 4.13>
ST_10 : Operation 103 [35/36] (4.13ns)   --->   "%rem_V = urem i32 %tmp, i32 31"   --->   Operation 103 'urem' 'rem_V' <Predicate = true> <Delay = 4.13> <CoreInst = "DivnS_SEQ">   --->   Core 7 'DivnS_SEQ' <Latency = 35> <II = 32> <Delay = 4.13> <FuncUnit> <Opcode : 'sdiv' 'srem' 'udiv' 'urem'> <InPorts = 2> <OutPorts = 1>

State 11 <SV = 7> <Delay = 4.13>
ST_11 : Operation 104 [34/36] (4.13ns)   --->   "%rem_V = urem i32 %tmp, i32 31"   --->   Operation 104 'urem' 'rem_V' <Predicate = true> <Delay = 4.13> <CoreInst = "DivnS_SEQ">   --->   Core 7 'DivnS_SEQ' <Latency = 35> <II = 32> <Delay = 4.13> <FuncUnit> <Opcode : 'sdiv' 'srem' 'udiv' 'urem'> <InPorts = 2> <OutPorts = 1>

State 12 <SV = 8> <Delay = 4.13>
ST_12 : Operation 105 [33/36] (4.13ns)   --->   "%rem_V = urem i32 %tmp, i32 31"   --->   Operation 105 'urem' 'rem_V' <Predicate = true> <Delay = 4.13> <CoreInst = "DivnS_SEQ">   --->   Core 7 'DivnS_SEQ' <Latency = 35> <II = 32> <Delay = 4.13> <FuncUnit> <Opcode : 'sdiv' 'srem' 'udiv' 'urem'> <InPorts = 2> <OutPorts = 1>

State 13 <SV = 9> <Delay = 4.13>
ST_13 : Operation 106 [32/36] (4.13ns)   --->   "%rem_V = urem i32 %tmp, i32 31"   --->   Operation 106 'urem' 'rem_V' <Predicate = true> <Delay = 4.13> <CoreInst = "DivnS_SEQ">   --->   Core 7 'DivnS_SEQ' <Latency = 35> <II = 32> <Delay = 4.13> <FuncUnit> <Opcode : 'sdiv' 'srem' 'udiv' 'urem'> <InPorts = 2> <OutPorts = 1>

State 14 <SV = 10> <Delay = 4.13>
ST_14 : Operation 107 [31/36] (4.13ns)   --->   "%rem_V = urem i32 %tmp, i32 31"   --->   Operation 107 'urem' 'rem_V' <Predicate = true> <Delay = 4.13> <CoreInst = "DivnS_SEQ">   --->   Core 7 'DivnS_SEQ' <Latency = 35> <II = 32> <Delay = 4.13> <FuncUnit> <Opcode : 'sdiv' 'srem' 'udiv' 'urem'> <InPorts = 2> <OutPorts = 1>

State 15 <SV = 11> <Delay = 4.13>
ST_15 : Operation 108 [30/36] (4.13ns)   --->   "%rem_V = urem i32 %tmp, i32 31"   --->   Operation 108 'urem' 'rem_V' <Predicate = true> <Delay = 4.13> <CoreInst = "DivnS_SEQ">   --->   Core 7 'DivnS_SEQ' <Latency = 35> <II = 32> <Delay = 4.13> <FuncUnit> <Opcode : 'sdiv' 'srem' 'udiv' 'urem'> <InPorts = 2> <OutPorts = 1>

State 16 <SV = 12> <Delay = 4.13>
ST_16 : Operation 109 [29/36] (4.13ns)   --->   "%rem_V = urem i32 %tmp, i32 31"   --->   Operation 109 'urem' 'rem_V' <Predicate = true> <Delay = 4.13> <CoreInst = "DivnS_SEQ">   --->   Core 7 'DivnS_SEQ' <Latency = 35> <II = 32> <Delay = 4.13> <FuncUnit> <Opcode : 'sdiv' 'srem' 'udiv' 'urem'> <InPorts = 2> <OutPorts = 1>

State 17 <SV = 13> <Delay = 4.13>
ST_17 : Operation 110 [28/36] (4.13ns)   --->   "%rem_V = urem i32 %tmp, i32 31"   --->   Operation 110 'urem' 'rem_V' <Predicate = true> <Delay = 4.13> <CoreInst = "DivnS_SEQ">   --->   Core 7 'DivnS_SEQ' <Latency = 35> <II = 32> <Delay = 4.13> <FuncUnit> <Opcode : 'sdiv' 'srem' 'udiv' 'urem'> <InPorts = 2> <OutPorts = 1>

State 18 <SV = 14> <Delay = 4.13>
ST_18 : Operation 111 [27/36] (4.13ns)   --->   "%rem_V = urem i32 %tmp, i32 31"   --->   Operation 111 'urem' 'rem_V' <Predicate = true> <Delay = 4.13> <CoreInst = "DivnS_SEQ">   --->   Core 7 'DivnS_SEQ' <Latency = 35> <II = 32> <Delay = 4.13> <FuncUnit> <Opcode : 'sdiv' 'srem' 'udiv' 'urem'> <InPorts = 2> <OutPorts = 1>

State 19 <SV = 15> <Delay = 4.13>
ST_19 : Operation 112 [26/36] (4.13ns)   --->   "%rem_V = urem i32 %tmp, i32 31"   --->   Operation 112 'urem' 'rem_V' <Predicate = true> <Delay = 4.13> <CoreInst = "DivnS_SEQ">   --->   Core 7 'DivnS_SEQ' <Latency = 35> <II = 32> <Delay = 4.13> <FuncUnit> <Opcode : 'sdiv' 'srem' 'udiv' 'urem'> <InPorts = 2> <OutPorts = 1>

State 20 <SV = 16> <Delay = 4.13>
ST_20 : Operation 113 [25/36] (4.13ns)   --->   "%rem_V = urem i32 %tmp, i32 31"   --->   Operation 113 'urem' 'rem_V' <Predicate = true> <Delay = 4.13> <CoreInst = "DivnS_SEQ">   --->   Core 7 'DivnS_SEQ' <Latency = 35> <II = 32> <Delay = 4.13> <FuncUnit> <Opcode : 'sdiv' 'srem' 'udiv' 'urem'> <InPorts = 2> <OutPorts = 1>

State 21 <SV = 17> <Delay = 4.13>
ST_21 : Operation 114 [24/36] (4.13ns)   --->   "%rem_V = urem i32 %tmp, i32 31"   --->   Operation 114 'urem' 'rem_V' <Predicate = true> <Delay = 4.13> <CoreInst = "DivnS_SEQ">   --->   Core 7 'DivnS_SEQ' <Latency = 35> <II = 32> <Delay = 4.13> <FuncUnit> <Opcode : 'sdiv' 'srem' 'udiv' 'urem'> <InPorts = 2> <OutPorts = 1>

State 22 <SV = 18> <Delay = 4.13>
ST_22 : Operation 115 [23/36] (4.13ns)   --->   "%rem_V = urem i32 %tmp, i32 31"   --->   Operation 115 'urem' 'rem_V' <Predicate = true> <Delay = 4.13> <CoreInst = "DivnS_SEQ">   --->   Core 7 'DivnS_SEQ' <Latency = 35> <II = 32> <Delay = 4.13> <FuncUnit> <Opcode : 'sdiv' 'srem' 'udiv' 'urem'> <InPorts = 2> <OutPorts = 1>

State 23 <SV = 19> <Delay = 4.13>
ST_23 : Operation 116 [22/36] (4.13ns)   --->   "%rem_V = urem i32 %tmp, i32 31"   --->   Operation 116 'urem' 'rem_V' <Predicate = true> <Delay = 4.13> <CoreInst = "DivnS_SEQ">   --->   Core 7 'DivnS_SEQ' <Latency = 35> <II = 32> <Delay = 4.13> <FuncUnit> <Opcode : 'sdiv' 'srem' 'udiv' 'urem'> <InPorts = 2> <OutPorts = 1>

State 24 <SV = 20> <Delay = 4.13>
ST_24 : Operation 117 [21/36] (4.13ns)   --->   "%rem_V = urem i32 %tmp, i32 31"   --->   Operation 117 'urem' 'rem_V' <Predicate = true> <Delay = 4.13> <CoreInst = "DivnS_SEQ">   --->   Core 7 'DivnS_SEQ' <Latency = 35> <II = 32> <Delay = 4.13> <FuncUnit> <Opcode : 'sdiv' 'srem' 'udiv' 'urem'> <InPorts = 2> <OutPorts = 1>

State 25 <SV = 21> <Delay = 4.13>
ST_25 : Operation 118 [20/36] (4.13ns)   --->   "%rem_V = urem i32 %tmp, i32 31"   --->   Operation 118 'urem' 'rem_V' <Predicate = true> <Delay = 4.13> <CoreInst = "DivnS_SEQ">   --->   Core 7 'DivnS_SEQ' <Latency = 35> <II = 32> <Delay = 4.13> <FuncUnit> <Opcode : 'sdiv' 'srem' 'udiv' 'urem'> <InPorts = 2> <OutPorts = 1>

State 26 <SV = 22> <Delay = 4.13>
ST_26 : Operation 119 [19/36] (4.13ns)   --->   "%rem_V = urem i32 %tmp, i32 31"   --->   Operation 119 'urem' 'rem_V' <Predicate = true> <Delay = 4.13> <CoreInst = "DivnS_SEQ">   --->   Core 7 'DivnS_SEQ' <Latency = 35> <II = 32> <Delay = 4.13> <FuncUnit> <Opcode : 'sdiv' 'srem' 'udiv' 'urem'> <InPorts = 2> <OutPorts = 1>

State 27 <SV = 23> <Delay = 4.13>
ST_27 : Operation 120 [18/36] (4.13ns)   --->   "%rem_V = urem i32 %tmp, i32 31"   --->   Operation 120 'urem' 'rem_V' <Predicate = true> <Delay = 4.13> <CoreInst = "DivnS_SEQ">   --->   Core 7 'DivnS_SEQ' <Latency = 35> <II = 32> <Delay = 4.13> <FuncUnit> <Opcode : 'sdiv' 'srem' 'udiv' 'urem'> <InPorts = 2> <OutPorts = 1>

State 28 <SV = 24> <Delay = 4.13>
ST_28 : Operation 121 [17/36] (4.13ns)   --->   "%rem_V = urem i32 %tmp, i32 31"   --->   Operation 121 'urem' 'rem_V' <Predicate = true> <Delay = 4.13> <CoreInst = "DivnS_SEQ">   --->   Core 7 'DivnS_SEQ' <Latency = 35> <II = 32> <Delay = 4.13> <FuncUnit> <Opcode : 'sdiv' 'srem' 'udiv' 'urem'> <InPorts = 2> <OutPorts = 1>

State 29 <SV = 25> <Delay = 4.13>
ST_29 : Operation 122 [16/36] (4.13ns)   --->   "%rem_V = urem i32 %tmp, i32 31"   --->   Operation 122 'urem' 'rem_V' <Predicate = true> <Delay = 4.13> <CoreInst = "DivnS_SEQ">   --->   Core 7 'DivnS_SEQ' <Latency = 35> <II = 32> <Delay = 4.13> <FuncUnit> <Opcode : 'sdiv' 'srem' 'udiv' 'urem'> <InPorts = 2> <OutPorts = 1>

State 30 <SV = 26> <Delay = 4.13>
ST_30 : Operation 123 [15/36] (4.13ns)   --->   "%rem_V = urem i32 %tmp, i32 31"   --->   Operation 123 'urem' 'rem_V' <Predicate = true> <Delay = 4.13> <CoreInst = "DivnS_SEQ">   --->   Core 7 'DivnS_SEQ' <Latency = 35> <II = 32> <Delay = 4.13> <FuncUnit> <Opcode : 'sdiv' 'srem' 'udiv' 'urem'> <InPorts = 2> <OutPorts = 1>

State 31 <SV = 27> <Delay = 4.13>
ST_31 : Operation 124 [14/36] (4.13ns)   --->   "%rem_V = urem i32 %tmp, i32 31"   --->   Operation 124 'urem' 'rem_V' <Predicate = true> <Delay = 4.13> <CoreInst = "DivnS_SEQ">   --->   Core 7 'DivnS_SEQ' <Latency = 35> <II = 32> <Delay = 4.13> <FuncUnit> <Opcode : 'sdiv' 'srem' 'udiv' 'urem'> <InPorts = 2> <OutPorts = 1>

State 32 <SV = 28> <Delay = 4.13>
ST_32 : Operation 125 [13/36] (4.13ns)   --->   "%rem_V = urem i32 %tmp, i32 31"   --->   Operation 125 'urem' 'rem_V' <Predicate = true> <Delay = 4.13> <CoreInst = "DivnS_SEQ">   --->   Core 7 'DivnS_SEQ' <Latency = 35> <II = 32> <Delay = 4.13> <FuncUnit> <Opcode : 'sdiv' 'srem' 'udiv' 'urem'> <InPorts = 2> <OutPorts = 1>

State 33 <SV = 29> <Delay = 4.13>
ST_33 : Operation 126 [12/36] (4.13ns)   --->   "%rem_V = urem i32 %tmp, i32 31"   --->   Operation 126 'urem' 'rem_V' <Predicate = true> <Delay = 4.13> <CoreInst = "DivnS_SEQ">   --->   Core 7 'DivnS_SEQ' <Latency = 35> <II = 32> <Delay = 4.13> <FuncUnit> <Opcode : 'sdiv' 'srem' 'udiv' 'urem'> <InPorts = 2> <OutPorts = 1>

State 34 <SV = 30> <Delay = 4.13>
ST_34 : Operation 127 [11/36] (4.13ns)   --->   "%rem_V = urem i32 %tmp, i32 31"   --->   Operation 127 'urem' 'rem_V' <Predicate = true> <Delay = 4.13> <CoreInst = "DivnS_SEQ">   --->   Core 7 'DivnS_SEQ' <Latency = 35> <II = 32> <Delay = 4.13> <FuncUnit> <Opcode : 'sdiv' 'srem' 'udiv' 'urem'> <InPorts = 2> <OutPorts = 1>

State 35 <SV = 31> <Delay = 4.13>
ST_35 : Operation 128 [10/36] (4.13ns)   --->   "%rem_V = urem i32 %tmp, i32 31"   --->   Operation 128 'urem' 'rem_V' <Predicate = true> <Delay = 4.13> <CoreInst = "DivnS_SEQ">   --->   Core 7 'DivnS_SEQ' <Latency = 35> <II = 32> <Delay = 4.13> <FuncUnit> <Opcode : 'sdiv' 'srem' 'udiv' 'urem'> <InPorts = 2> <OutPorts = 1>

State 36 <SV = 32> <Delay = 4.13>
ST_36 : Operation 129 [9/36] (4.13ns)   --->   "%rem_V = urem i32 %tmp, i32 31"   --->   Operation 129 'urem' 'rem_V' <Predicate = true> <Delay = 4.13> <CoreInst = "DivnS_SEQ">   --->   Core 7 'DivnS_SEQ' <Latency = 35> <II = 32> <Delay = 4.13> <FuncUnit> <Opcode : 'sdiv' 'srem' 'udiv' 'urem'> <InPorts = 2> <OutPorts = 1>

State 37 <SV = 33> <Delay = 4.13>
ST_37 : Operation 130 [8/36] (4.13ns)   --->   "%rem_V = urem i32 %tmp, i32 31"   --->   Operation 130 'urem' 'rem_V' <Predicate = true> <Delay = 4.13> <CoreInst = "DivnS_SEQ">   --->   Core 7 'DivnS_SEQ' <Latency = 35> <II = 32> <Delay = 4.13> <FuncUnit> <Opcode : 'sdiv' 'srem' 'udiv' 'urem'> <InPorts = 2> <OutPorts = 1>

State 38 <SV = 34> <Delay = 4.13>
ST_38 : Operation 131 [7/36] (4.13ns)   --->   "%rem_V = urem i32 %tmp, i32 31"   --->   Operation 131 'urem' 'rem_V' <Predicate = true> <Delay = 4.13> <CoreInst = "DivnS_SEQ">   --->   Core 7 'DivnS_SEQ' <Latency = 35> <II = 32> <Delay = 4.13> <FuncUnit> <Opcode : 'sdiv' 'srem' 'udiv' 'urem'> <InPorts = 2> <OutPorts = 1>

State 39 <SV = 35> <Delay = 4.13>
ST_39 : Operation 132 [6/36] (4.13ns)   --->   "%rem_V = urem i32 %tmp, i32 31"   --->   Operation 132 'urem' 'rem_V' <Predicate = true> <Delay = 4.13> <CoreInst = "DivnS_SEQ">   --->   Core 7 'DivnS_SEQ' <Latency = 35> <II = 32> <Delay = 4.13> <FuncUnit> <Opcode : 'sdiv' 'srem' 'udiv' 'urem'> <InPorts = 2> <OutPorts = 1>

State 40 <SV = 36> <Delay = 4.13>
ST_40 : Operation 133 [5/36] (4.13ns)   --->   "%rem_V = urem i32 %tmp, i32 31"   --->   Operation 133 'urem' 'rem_V' <Predicate = true> <Delay = 4.13> <CoreInst = "DivnS_SEQ">   --->   Core 7 'DivnS_SEQ' <Latency = 35> <II = 32> <Delay = 4.13> <FuncUnit> <Opcode : 'sdiv' 'srem' 'udiv' 'urem'> <InPorts = 2> <OutPorts = 1>

State 41 <SV = 37> <Delay = 4.13>
ST_41 : Operation 134 [4/36] (4.13ns)   --->   "%rem_V = urem i32 %tmp, i32 31"   --->   Operation 134 'urem' 'rem_V' <Predicate = true> <Delay = 4.13> <CoreInst = "DivnS_SEQ">   --->   Core 7 'DivnS_SEQ' <Latency = 35> <II = 32> <Delay = 4.13> <FuncUnit> <Opcode : 'sdiv' 'srem' 'udiv' 'urem'> <InPorts = 2> <OutPorts = 1>

State 42 <SV = 38> <Delay = 4.13>
ST_42 : Operation 135 [3/36] (4.13ns)   --->   "%rem_V = urem i32 %tmp, i32 31"   --->   Operation 135 'urem' 'rem_V' <Predicate = true> <Delay = 4.13> <CoreInst = "DivnS_SEQ">   --->   Core 7 'DivnS_SEQ' <Latency = 35> <II = 32> <Delay = 4.13> <FuncUnit> <Opcode : 'sdiv' 'srem' 'udiv' 'urem'> <InPorts = 2> <OutPorts = 1>

State 43 <SV = 39> <Delay = 4.13>
ST_43 : Operation 136 [2/36] (4.13ns)   --->   "%rem_V = urem i32 %tmp, i32 31"   --->   Operation 136 'urem' 'rem_V' <Predicate = true> <Delay = 4.13> <CoreInst = "DivnS_SEQ">   --->   Core 7 'DivnS_SEQ' <Latency = 35> <II = 32> <Delay = 4.13> <FuncUnit> <Opcode : 'sdiv' 'srem' 'udiv' 'urem'> <InPorts = 2> <OutPorts = 1>

State 44 <SV = 40> <Delay = 4.13>
ST_44 : Operation 137 [1/36] (4.13ns)   --->   "%rem_V = urem i32 %tmp, i32 31"   --->   Operation 137 'urem' 'rem_V' <Predicate = true> <Delay = 4.13> <CoreInst = "DivnS_SEQ">   --->   Core 7 'DivnS_SEQ' <Latency = 35> <II = 32> <Delay = 4.13> <FuncUnit> <Opcode : 'sdiv' 'srem' 'udiv' 'urem'> <InPorts = 2> <OutPorts = 1>
ST_44 : Operation 138 [1/1] (0.00ns)   --->   "%trunc_ln167 = trunc i32 %rem_V"   --->   Operation 138 'trunc' 'trunc_ln167' <Predicate = true> <Delay = 0.00>
ST_44 : Operation 139 [1/1] (0.00ns)   --->   "%r_sig_V = bitselect i1 @_ssdm_op_BitSelect.i1.i32.i32, i32 %rem_V, i32 4"   --->   Operation 139 'bitselect' 'r_sig_V' <Predicate = true> <Delay = 0.00>

State 45 <SV = 41> <Delay = 6.87>
ST_45 : Operation 140 [1/1] (0.00ns)   --->   "%zext_ln159 = zext i5 %trunc_ln167" [/wrk/ci/prod/2020.2/rdi_builds/continuous/2020_11_18_3064766/src/shared/hls/clib/hlsmath/include/hls_fmod_rem_quo_remainder_divide_apfixed.h:159->/wrk/ci/prod/2020.2/rdi_builds/continuous/2020_11_18_3064766/src/shared/hls/clib/hlsmath/include/hls_fmod_rem_quo_remainder_divide_apfixed.h:205]   --->   Operation 140 'zext' 'zext_ln159' <Predicate = (!empty_45 & !r_sig_V)> <Delay = 0.00>
ST_45 : Operation 141 [1/1] (0.00ns) (grouped into LUT with out node sub_ln657)   --->   "%rem_V_10 = xor i5 %trunc_ln167, i5 31"   --->   Operation 141 'xor' 'rem_V_10' <Predicate = (!empty_45 & r_sig_V)> <Delay = 0.00> <CoreInst = "LogicGate">   --->   Core 74 'LogicGate' <Latency = 0> <II = 1> <Delay = 0.78> <FuncUnit> <Opcode : 'and' 'or' 'xor'> <InPorts = 2> <OutPorts = 1>
ST_45 : Operation 142 [1/1] (0.00ns) (grouped into LUT with out node sub_ln657)   --->   "%rem_V_12 = select i1 %r_sig_V, i5 %rem_V_10, i5 %trunc_ln167" [/wrk/ci/prod/2020.2/rdi_builds/continuous/2020_11_18_3064766/src/shared/hls/clib/hlsmath/include/hls_fmod_rem_quo_remainder_divide_apfixed.h:164->/wrk/ci/prod/2020.2/rdi_builds/continuous/2020_11_18_3064766/src/shared/hls/clib/hlsmath/include/hls_fmod_rem_quo_remainder_divide_apfixed.h:205]   --->   Operation 142 'select' 'rem_V_12' <Predicate = (!empty_45 & r_sig_V)> <Delay = 0.00> <CoreInst = "Sel">   --->   Core 73 'Sel' <Latency = 0> <II = 1> <Delay = 1.18> <FuncUnit> <Opcode : 'select'> <InPorts = 3> <OutPorts = 1>
ST_45 : Operation 143 [1/1] (0.00ns) (grouped into LUT with out node sub_ln657)   --->   "%zext_ln164 = zext i5 %rem_V_12" [/wrk/ci/prod/2020.2/rdi_builds/continuous/2020_11_18_3064766/src/shared/hls/clib/hlsmath/include/hls_fmod_rem_quo_remainder_divide_apfixed.h:164->/wrk/ci/prod/2020.2/rdi_builds/continuous/2020_11_18_3064766/src/shared/hls/clib/hlsmath/include/hls_fmod_rem_quo_remainder_divide_apfixed.h:205]   --->   Operation 143 'zext' 'zext_ln164' <Predicate = (!empty_45 & r_sig_V)> <Delay = 0.00>
ST_45 : Operation 144 [1/1] (1.78ns) (out node of the LUT)   --->   "%sub_ln657 = sub i6 0, i6 %zext_ln164"   --->   Operation 144 'sub' 'sub_ln657' <Predicate = (!empty_45 & r_sig_V)> <Delay = 1.78> <CoreInst = "Adder">   --->   Core 1 'Adder' <Latency = 0> <II = 1> <Delay = 1.78> <FuncUnit> <Opcode : 'add' 'sub'> <InPorts = 2> <OutPorts = 1>
ST_45 : Operation 145 [1/1] (1.18ns)   --->   "%select_ln175 = select i1 %r_sig_V, i6 %sub_ln657, i6 %zext_ln159" [/wrk/ci/prod/2020.2/rdi_builds/continuous/2020_11_18_3064766/src/shared/hls/clib/hlsmath/include/hls_fmod_rem_quo_remainder_divide_apfixed.h:175->/wrk/ci/prod/2020.2/rdi_builds/continuous/2020_11_18_3064766/src/shared/hls/clib/hlsmath/include/hls_fmod_rem_quo_remainder_divide_apfixed.h:205]   --->   Operation 145 'select' 'select_ln175' <Predicate = (!empty_45)> <Delay = 1.18> <CoreInst = "Sel">   --->   Core 73 'Sel' <Latency = 0> <II = 1> <Delay = 1.18> <FuncUnit> <Opcode : 'select'> <InPorts = 3> <OutPorts = 1>
ST_45 : Operation 146 [1/1] (1.58ns)   --->   "%br_ln175 = br void %generic_remquo<33, 33>.exit" [/wrk/ci/prod/2020.2/rdi_builds/continuous/2020_11_18_3064766/src/shared/hls/clib/hlsmath/include/hls_fmod_rem_quo_remainder_divide_apfixed.h:175->/wrk/ci/prod/2020.2/rdi_builds/continuous/2020_11_18_3064766/src/shared/hls/clib/hlsmath/include/hls_fmod_rem_quo_remainder_divide_apfixed.h:205]   --->   Operation 146 'br' 'br_ln175' <Predicate = (!empty_45)> <Delay = 1.58>
ST_45 : Operation 147 [1/1] (0.00ns)   --->   "%p_Val2_s = phi i6 %select_ln175, void %_ZN8ap_fixedILi33ELi33EL9ap_q_mode5EL9ap_o_mode3ELi0EEC2Ei.exit.i, i6 0, void %.split" [/wrk/ci/prod/2020.2/rdi_builds/continuous/2020_11_18_3064766/src/shared/hls/clib/hlsmath/include/hls_fmod_rem_quo_remainder_divide_apfixed.h:175->/wrk/ci/prod/2020.2/rdi_builds/continuous/2020_11_18_3064766/src/shared/hls/clib/hlsmath/include/hls_fmod_rem_quo_remainder_divide_apfixed.h:205]   --->   Operation 147 'phi' 'p_Val2_s' <Predicate = true> <Delay = 0.00>
ST_45 : Operation 148 [1/1] (0.00ns)   --->   "%out_addr = getelementptr i6 %out_r, i64 0, i64 %zext_ln112" [computeP2/c/computeP2.cpp:116]   --->   Operation 148 'getelementptr' 'out_addr' <Predicate = true> <Delay = 0.00>
ST_45 : Operation 149 [1/1] (2.32ns)   --->   "%store_ln116 = store i6 %p_Val2_s, i6 %out_addr" [computeP2/c/computeP2.cpp:116]   --->   Operation 149 'store' 'store_ln116' <Predicate = true> <Delay = 2.32> <CoreInst = "RAM">   --->   Core 82 'RAM' <Latency = 1> <II = 1> <Delay = 2.32> <Storage> <Opcode : 'load' 'store'> <Ports = 2> <Width = 6> <Depth = 60> <RAM>
ST_45 : Operation 150 [1/1] (0.00ns)   --->   "%br_ln0 = br void %._crit_edge.loopexit"   --->   Operation 150 'br' 'br_ln0' <Predicate = true> <Delay = 0.00>


============================================================
+ Verbose Summary: Binding
============================================================
STG Binding: 
---------------- STG Properties BEGIN ----------------
- Is combinational: 0
- Is one-state seq: 0
- Is datapath-only: 0
- Is pipelined: 0
- Is top level: 0
Port [ Return ] is wired: 1; IO mode=ap_ctrl_hs:ce=0
Port [ vecs_read]:  wired=1; compound=0; hidden=0; nouse=0; global=0; static=0; extern=0; dir=0; type=0; pingpong=0; private_global=0; IO mode=ap_none:ce=0
Port [ coeffs_read]:  wired=1; compound=0; hidden=0; nouse=0; global=0; static=0; extern=0; dir=0; type=0; pingpong=0; private_global=0; IO mode=ap_none:ce=0
Port [ len]:  wired=1; compound=0; hidden=0; nouse=0; global=0; static=0; extern=0; dir=0; type=0; pingpong=0; private_global=0; IO mode=ap_none:ce=0
Port [ out_r]:  wired=1; compound=1; hidden=0; nouse=0; global=0; static=0; extern=0; dir=1; type=1; pingpong=0; private_global=0; MemPort=[03]; IO mode=ap_memory:ce=0
---------------- STG Properties END ------------------

---------------- Datapath Model BEGIN ----------------

<LifeTime>
<method=bitvector/>
len_read            (read             ) [ 0011111000000000000000000000000000000000000000]
coeffs_read_3       (read             ) [ 0010000000000000000000000000000000000000000000]
vecs_read_1         (read             ) [ 0010000000000000000000000000000000000000000000]
accumulators        (alloca           ) [ 0011111111111111111111111111111111111111111111]
br_ln100            (br               ) [ 0110000000000000000000000000000000000000000000]
empty               (phi              ) [ 0010000000000000000000000000000000000000000000]
empty_38            (add              ) [ 0110000000000000000000000000000000000000000000]
p_cast              (zext             ) [ 0000000000000000000000000000000000000000000000]
exitcond136         (icmp             ) [ 0010000000000000000000000000000000000000000000]
empty_39            (speclooptripcount) [ 0000000000000000000000000000000000000000000000]
br_ln0              (br               ) [ 0000000000000000000000000000000000000000000000]
accumulators_addr   (getelementptr    ) [ 0000000000000000000000000000000000000000000000]
store_ln0           (store            ) [ 0000000000000000000000000000000000000000000000]
br_ln0              (br               ) [ 0110000000000000000000000000000000000000000000]
zext_ln108          (zext             ) [ 0000000000000000000000000000000000000000000000]
zext_ln108_5        (zext             ) [ 0000000000000000000000000000000000000000000000]
mul_ln108           (mul              ) [ 0000000000000000000000000000000000000000000000]
zext_ln102          (zext             ) [ 0001111000000000000000000000000000000000000000]
br_ln102            (br               ) [ 0011111000000000000000000000000000000000000000]
i                   (phi              ) [ 0001000000000000000000000000000000000000000000]
add_ln102           (add              ) [ 0011111000000000000000000000000000000000000000]
icmp_ln102          (icmp             ) [ 0001111000000000000000000000000000000000000000]
empty_40            (speclooptripcount) [ 0000000000000000000000000000000000000000000000]
br_ln102            (br               ) [ 0000000000000000000000000000000000000000000000]
specloopname_ln102  (specloopname     ) [ 0000000000000000000000000000000000000000000000]
br_ln106            (br               ) [ 0001111000000000000000000000000000000000000000]
br_ln112            (br               ) [ 0001111111111111111111111111111111111111111111]
j                   (phi              ) [ 0000100000000000000000000000000000000000000000]
add_ln106           (add              ) [ 0001111000000000000000000000000000000000000000]
zext_ln106          (zext             ) [ 0000000000000000000000000000000000000000000000]
icmp_ln106          (icmp             ) [ 0001111000000000000000000000000000000000000000]
empty_41            (speclooptripcount) [ 0000000000000000000000000000000000000000000000]
br_ln106            (br               ) [ 0000000000000000000000000000000000000000000000]
accumulators_addr_6 (getelementptr    ) [ 0000011000000000000000000000000000000000000000]
br_ln0              (br               ) [ 0011111000000000000000000000000000000000000000]
accumulators_load   (load             ) [ 0000000000000000000000000000000000000000000000]
add_ln108           (add              ) [ 0000001000000000000000000000000000000000000000]
specloopname_ln106  (specloopname     ) [ 0000000000000000000000000000000000000000000000]
store_ln108         (store            ) [ 0000000000000000000000000000000000000000000000]
br_ln0              (br               ) [ 0001111000000000000000000000000000000000000000]
i_3                 (phi              ) [ 0000000100000000000000000000000000000000000000]
add_ln112           (add              ) [ 0001000111111111111111111111111111111111111111]
zext_ln112          (zext             ) [ 0000000011111111111111111111111111111111111111]
icmp_ln112          (icmp             ) [ 0000000111111111111111111111111111111111111111]
empty_42            (speclooptripcount) [ 0000000000000000000000000000000000000000000000]
br_ln112            (br               ) [ 0000000000000000000000000000000000000000000000]
accumulators_addr_5 (getelementptr    ) [ 0000000010000000000000000000000000000000000000]
ret_ln118           (ret              ) [ 0000000000000000000000000000000000000000000000]
tmp                 (load             ) [ 0000000001111111111111111111111111111111111110]
specloopname_ln112  (specloopname     ) [ 0000000000000000000000000000000000000000000000]
empty_43            (icmp             ) [ 0000000000000000000000000000000000000000000000]
empty_44            (icmp             ) [ 0000000000000000000000000000000000000000000000]
empty_45            (or               ) [ 0000000111111111111111111111111111111111111111]
br_ln116            (br               ) [ 0000000111111111111111111111111111111111111111]
rem_V               (urem             ) [ 0000000000000000000000000000000000000000000000]
trunc_ln167         (trunc            ) [ 0000000111000000000000000000000000000000000001]
r_sig_V             (bitselect        ) [ 0000000111000000000000000000000000000000000001]
zext_ln159          (zext             ) [ 0000000000000000000000000000000000000000000000]
rem_V_10            (xor              ) [ 0000000000000000000000000000000000000000000000]
rem_V_12            (select           ) [ 0000000000000000000000000000000000000000000000]
zext_ln164          (zext             ) [ 0000000000000000000000000000000000000000000000]
sub_ln657           (sub              ) [ 0000000000000000000000000000000000000000000000]
select_ln175        (select           ) [ 0000000000000000000000000000000000000000000000]
br_ln175            (br               ) [ 0000000000000000000000000000000000000000000000]
p_Val2_s            (phi              ) [ 0000000000000000000000000000000000000000000001]
out_addr            (getelementptr    ) [ 0000000000000000000000000000000000000000000000]
store_ln116         (store            ) [ 0000000000000000000000000000000000000000000000]
br_ln0              (br               ) [ 0001000111111111111111111111111111111111111111]
</LifeTime>

<model>

<comp_list>
<comp id="0" class="1000" name="vecs_read">
<pin_list>
<pin id="1" dir="1" index="0" bw="1" slack="0"/>
</pin_list>
<bind>
<StgValue><ssdm name="vecs_read"/></StgValue>
</bind>
</comp>

<comp id="2" class="1000" name="coeffs_read">
<pin_list>
<pin id="3" dir="1" index="0" bw="1" slack="0"/>
</pin_list>
<bind>
<StgValue><ssdm name="coeffs_read"/></StgValue>
</bind>
</comp>

<comp id="4" class="1000" name="len">
<pin_list>
<pin id="5" dir="1" index="0" bw="1" slack="0"/>
</pin_list>
<bind>
<StgValue><ssdm name="len"/></StgValue>
</bind>
</comp>

<comp id="6" class="1000" name="out_r">
<pin_list>
<pin id="7" dir="1" index="0" bw="1" slack="0"/>
</pin_list>
<bind>
<StgValue><ssdm name="out_r"/><MemPortTyVec>0 3 </MemPortTyVec>
</StgValue>
</bind>
</comp>

<comp id="8" class="1001" name="const_8">
<pin_list>
<pin id="9" dir="1" index="0" bw="1" slack="0"/>
</pin_list>
<bind>
<StgValue><ssdm name="_ssdm_op_Read.ap_auto.i6"/></StgValue>
</bind>
</comp>

<comp id="10" class="1001" name="const_10">
<pin_list>
<pin id="11" dir="1" index="0" bw="1" slack="0"/>
</pin_list>
<bind>
<StgValue><ssdm name="_ssdm_op_Read.ap_auto.i8"/></StgValue>
</bind>
</comp>

<comp id="12" class="1001" name="const_12">
<pin_list>
<pin id="13" dir="1" index="0" bw="1" slack="0"/>
</pin_list>
<bind>
<StgValue><ssdm name=""/></StgValue>
</bind>
</comp>

<comp id="14" class="1001" name="const_14">
<pin_list>
<pin id="15" dir="1" index="0" bw="1" slack="0"/>
</pin_list>
<bind>
<StgValue><ssdm name=""/></StgValue>
</bind>
</comp>

<comp id="16" class="1001" name="const_16">
<pin_list>
<pin id="17" dir="1" index="0" bw="1" slack="0"/>
</pin_list>
<bind>
<StgValue><ssdm name=""/></StgValue>
</bind>
</comp>

<comp id="18" class="1001" name="const_18">
<pin_list>
<pin id="19" dir="1" index="0" bw="1" slack="0"/>
</pin_list>
<bind>
<StgValue><ssdm name=""/></StgValue>
</bind>
</comp>

<comp id="20" class="1001" name="const_20">
<pin_list>
<pin id="21" dir="1" index="0" bw="1" slack="2147483647"/>
</pin_list>
<bind>
<StgValue><ssdm name="_ssdm_op_SpecLoopTripCount"/></StgValue>
</bind>
</comp>

<comp id="22" class="1001" name="const_22">
<pin_list>
<pin id="23" dir="1" index="0" bw="1" slack="2147483647"/>
</pin_list>
<bind>
<StgValue><ssdm name=""/></StgValue>
</bind>
</comp>

<comp id="24" class="1001" name="const_24">
<pin_list>
<pin id="25" dir="1" index="0" bw="1" slack="0"/>
</pin_list>
<bind>
<StgValue><ssdm name=""/></StgValue>
</bind>
</comp>

<comp id="26" class="1001" name="const_26">
<pin_list>
<pin id="27" dir="1" index="0" bw="1" slack="0"/>
</pin_list>
<bind>
<StgValue><ssdm name=""/></StgValue>
</bind>
</comp>

<comp id="28" class="1001" name="const_28">
<pin_list>
<pin id="29" dir="1" index="0" bw="1" slack="2147483647"/>
</pin_list>
<bind>
<StgValue><ssdm name=""/></StgValue>
</bind>
</comp>

<comp id="30" class="1001" name="const_30">
<pin_list>
<pin id="31" dir="1" index="0" bw="1" slack="2147483647"/>
</pin_list>
<bind>
<StgValue><ssdm name="_ssdm_op_SpecLoopName"/></StgValue>
</bind>
</comp>

<comp id="32" class="1001" name="const_32">
<pin_list>
<pin id="33" dir="1" index="0" bw="1" slack="2147483647"/>
</pin_list>
<bind>
<StgValue><ssdm name="empty_7"/></StgValue>
</bind>
</comp>

<comp id="34" class="1001" name="const_34">
<pin_list>
<pin id="35" dir="1" index="0" bw="1" slack="2147483647"/>
</pin_list>
<bind>
<StgValue><ssdm name="empty_6"/></StgValue>
</bind>
</comp>

<comp id="36" class="1001" name="const_36">
<pin_list>
<pin id="37" dir="1" index="0" bw="1" slack="2147483647"/>
</pin_list>
<bind>
<StgValue><ssdm name="empty_5"/></StgValue>
</bind>
</comp>

<comp id="38" class="1001" name="const_38">
<pin_list>
<pin id="39" dir="1" index="0" bw="1" slack="0"/>
</pin_list>
<bind>
<StgValue><ssdm name=""/></StgValue>
</bind>
</comp>

<comp id="40" class="1001" name="const_40">
<pin_list>
<pin id="41" dir="1" index="0" bw="1" slack="0"/>
</pin_list>
<bind>
<StgValue><ssdm name="_ssdm_op_BitSelect.i1.i32.i32"/></StgValue>
</bind>
</comp>

<comp id="42" class="1001" name="const_42">
<pin_list>
<pin id="43" dir="1" index="0" bw="1" slack="0"/>
</pin_list>
<bind>
<StgValue><ssdm name=""/></StgValue>
</bind>
</comp>

<comp id="44" class="1001" name="const_44">
<pin_list>
<pin id="45" dir="1" index="0" bw="1" slack="0"/>
</pin_list>
<bind>
<StgValue><ssdm name=""/></StgValue>
</bind>
</comp>

<comp id="46" class="1004" name="accumulators_alloca_fu_46">
<pin_list>
<pin id="47" dir="0" index="0" bw="1" slack="0"/>
<pin id="48" dir="1" index="1" bw="32" slack="2147483647"/>
</pin_list>
<bind>
<opcode="alloca(26) " fcode="alloca"/>
<opset="accumulators/1 "/>
</bind>
</comp>

<comp id="50" class="1004" name="len_read_read_fu_50">
<pin_list>
<pin id="51" dir="0" index="0" bw="6" slack="0"/>
<pin id="52" dir="0" index="1" bw="6" slack="0"/>
<pin id="53" dir="1" index="2" bw="6" slack="2"/>
</pin_list>
<bind>
<opcode="read(1150) " fcode="read"/>
<opset="len_read/1 "/>
</bind>
</comp>

<comp id="56" class="1004" name="coeffs_read_3_read_fu_56">
<pin_list>
<pin id="57" dir="0" index="0" bw="8" slack="0"/>
<pin id="58" dir="0" index="1" bw="8" slack="0"/>
<pin id="59" dir="1" index="2" bw="8" slack="1"/>
</pin_list>
<bind>
<opcode="read(1150) " fcode="read"/>
<opset="coeffs_read_3/1 "/>
</bind>
</comp>

<comp id="62" class="1004" name="vecs_read_1_read_fu_62">
<pin_list>
<pin id="63" dir="0" index="0" bw="8" slack="0"/>
<pin id="64" dir="0" index="1" bw="8" slack="0"/>
<pin id="65" dir="1" index="2" bw="8" slack="1"/>
</pin_list>
<bind>
<opcode="read(1150) " fcode="read"/>
<opset="vecs_read_1/1 "/>
</bind>
</comp>

<comp id="68" class="1004" name="accumulators_addr_gep_fu_68">
<pin_list>
<pin id="69" dir="0" index="0" bw="32" slack="2147483647"/>
<pin id="70" dir="0" index="1" bw="1" slack="0"/>
<pin id="71" dir="0" index="2" bw="6" slack="0"/>
<pin id="72" dir="1" index="3" bw="6" slack="0"/>
</pin_list>
<bind>
<opcode="getelementptr(29) " fcode="getelementptr"/>
<opset="accumulators_addr/2 "/>
</bind>
</comp>

<comp id="74" class="1004" name="grp_access_fu_74">
<pin_list>
<pin id="75" dir="0" index="0" bw="6" slack="0"/>
<pin id="76" dir="0" index="1" bw="32" slack="0"/>
<pin id="77" dir="0" index="2" bw="0" slack="2147483647"/>
<pin id="78" dir="1" index="3" bw="32" slack="0"/>
</pin_list>
<bind>
<opcode="load(27) store(28) " fcode="load"/>
<opset="store_ln0/2 accumulators_load/4 store_ln108/6 tmp/7 "/>
</bind>
</comp>

<comp id="81" class="1004" name="accumulators_addr_6_gep_fu_81">
<pin_list>
<pin id="82" dir="0" index="0" bw="32" slack="2147483647"/>
<pin id="83" dir="0" index="1" bw="1" slack="0"/>
<pin id="84" dir="0" index="2" bw="6" slack="0"/>
<pin id="85" dir="1" index="3" bw="6" slack="0"/>
</pin_list>
<bind>
<opcode="getelementptr(29) " fcode="getelementptr"/>
<opset="accumulators_addr_6/4 "/>
</bind>
</comp>

<comp id="88" class="1004" name="accumulators_addr_5_gep_fu_88">
<pin_list>
<pin id="89" dir="0" index="0" bw="32" slack="2147483647"/>
<pin id="90" dir="0" index="1" bw="1" slack="0"/>
<pin id="91" dir="0" index="2" bw="6" slack="0"/>
<pin id="92" dir="1" index="3" bw="6" slack="0"/>
</pin_list>
<bind>
<opcode="getelementptr(29) " fcode="getelementptr"/>
<opset="accumulators_addr_5/7 "/>
</bind>
</comp>

<comp id="95" class="1004" name="out_addr_gep_fu_95">
<pin_list>
<pin id="96" dir="0" index="0" bw="6" slack="0"/>
<pin id="97" dir="0" index="1" bw="1" slack="0"/>
<pin id="98" dir="0" index="2" bw="6" slack="38"/>
<pin id="99" dir="1" index="3" bw="6" slack="0"/>
</pin_list>
<bind>
<opcode="getelementptr(29) " fcode="getelementptr"/>
<opset="out_addr/45 "/>
</bind>
</comp>

<comp id="102" class="1004" name="store_ln116_access_fu_102">
<pin_list>
<pin id="103" dir="0" index="0" bw="6" slack="0"/>
<pin id="104" dir="0" index="1" bw="6" slack="0"/>
<pin id="105" dir="0" index="2" bw="0" slack="2147483647"/>
<pin id="106" dir="1" index="3" bw="6" slack="2147483647"/>
</pin_list>
<bind>
<opcode="store(28) " fcode="store"/>
<opset="store_ln116/45 "/>
</bind>
</comp>

<comp id="108" class="1005" name="empty_reg_108">
<pin_list>
<pin id="109" dir="0" index="0" bw="6" slack="1"/>
<pin id="110" dir="1" index="1" bw="6" slack="1"/>
</pin_list>
<bind>
<opset="empty (phireg) "/>
</bind>
</comp>

<comp id="112" class="1004" name="empty_phi_fu_112">
<pin_list>
<pin id="113" dir="0" index="0" bw="1" slack="1"/>
<pin id="114" dir="0" index="1" bw="0" slack="2147483647"/>
<pin id="115" dir="0" index="2" bw="6" slack="0"/>
<pin id="116" dir="0" index="3" bw="0" slack="2147483647"/>
<pin id="117" dir="1" index="4" bw="6" slack="0"/>
</pin_list>
<bind>
<opcode="phi(47) " fcode="phi"/>
<opset="empty/2 "/>
</bind>
</comp>

<comp id="119" class="1005" name="i_reg_119">
<pin_list>
<pin id="120" dir="0" index="0" bw="6" slack="1"/>
<pin id="121" dir="1" index="1" bw="6" slack="1"/>
</pin_list>
<bind>
<opset="i (phireg) "/>
</bind>
</comp>

<comp id="123" class="1004" name="i_phi_fu_123">
<pin_list>
<pin id="124" dir="0" index="0" bw="6" slack="0"/>
<pin id="125" dir="0" index="1" bw="0" slack="2147483647"/>
<pin id="126" dir="0" index="2" bw="1" slack="1"/>
<pin id="127" dir="0" index="3" bw="0" slack="2147483647"/>
<pin id="128" dir="1" index="4" bw="6" slack="0"/>
</pin_list>
<bind>
<opcode="phi(47) " fcode="phi"/>
<opset="i/3 "/>
</bind>
</comp>

<comp id="130" class="1005" name="j_reg_130">
<pin_list>
<pin id="131" dir="0" index="0" bw="6" slack="1"/>
<pin id="132" dir="1" index="1" bw="6" slack="1"/>
</pin_list>
<bind>
<opset="j (phireg) "/>
</bind>
</comp>

<comp id="134" class="1004" name="j_phi_fu_134">
<pin_list>
<pin id="135" dir="0" index="0" bw="6" slack="0"/>
<pin id="136" dir="0" index="1" bw="0" slack="2147483647"/>
<pin id="137" dir="0" index="2" bw="1" slack="1"/>
<pin id="138" dir="0" index="3" bw="0" slack="2147483647"/>
<pin id="139" dir="1" index="4" bw="6" slack="0"/>
</pin_list>
<bind>
<opcode="phi(47) " fcode="phi"/>
<opset="j/4 "/>
</bind>
</comp>

<comp id="141" class="1005" name="i_3_reg_141">
<pin_list>
<pin id="142" dir="0" index="0" bw="6" slack="1"/>
<pin id="143" dir="1" index="1" bw="6" slack="1"/>
</pin_list>
<bind>
<opset="i_3 (phireg) "/>
</bind>
</comp>

<comp id="145" class="1004" name="i_3_phi_fu_145">
<pin_list>
<pin id="146" dir="0" index="0" bw="6" slack="0"/>
<pin id="147" dir="0" index="1" bw="0" slack="2147483647"/>
<pin id="148" dir="0" index="2" bw="1" slack="1"/>
<pin id="149" dir="0" index="3" bw="0" slack="2147483647"/>
<pin id="150" dir="1" index="4" bw="6" slack="0"/>
</pin_list>
<bind>
<opcode="phi(47) " fcode="phi"/>
<opset="i_3/7 "/>
</bind>
</comp>

<comp id="152" class="1005" name="p_Val2_s_reg_152">
<pin_list>
<pin id="153" dir="0" index="0" bw="6" slack="36"/>
<pin id="154" dir="1" index="1" bw="6" slack="36"/>
</pin_list>
<bind>
<opset="p_Val2_s (phireg) "/>
</bind>
</comp>

<comp id="156" class="1004" name="p_Val2_s_phi_fu_156">
<pin_list>
<pin id="157" dir="0" index="0" bw="6" slack="0"/>
<pin id="158" dir="0" index="1" bw="0" slack="2147483647"/>
<pin id="159" dir="0" index="2" bw="1" slack="36"/>
<pin id="160" dir="0" index="3" bw="0" slack="2147483647"/>
<pin id="161" dir="1" index="4" bw="6" slack="0"/>
</pin_list>
<bind>
<opcode="phi(47) " fcode="phi"/>
<opset="p_Val2_s/45 "/>
</bind>
</comp>

<comp id="164" class="1004" name="empty_38_fu_164">
<pin_list>
<pin id="165" dir="0" index="0" bw="6" slack="0"/>
<pin id="166" dir="0" index="1" bw="1" slack="0"/>
<pin id="167" dir="1" index="2" bw="6" slack="0"/>
</pin_list>
<bind>
<opcode="add(8) " fcode="add"/>
<opset="empty_38/2 "/>
</bind>
</comp>

<comp id="170" class="1004" name="p_cast_fu_170">
<pin_list>
<pin id="171" dir="0" index="0" bw="6" slack="0"/>
<pin id="172" dir="1" index="1" bw="64" slack="0"/>
</pin_list>
<bind>
<opcode="zext(34) " fcode="zext"/>
<opset="p_cast/2 "/>
</bind>
</comp>

<comp id="175" class="1004" name="exitcond136_fu_175">
<pin_list>
<pin id="176" dir="0" index="0" bw="6" slack="0"/>
<pin id="177" dir="0" index="1" bw="3" slack="0"/>
<pin id="178" dir="1" index="2" bw="1" slack="2147483647"/>
</pin_list>
<bind>
<opcode="icmp(45) " fcode="icmp"/>
<opset="exitcond136/2 "/>
</bind>
</comp>

<comp id="181" class="1004" name="zext_ln108_fu_181">
<pin_list>
<pin id="182" dir="0" index="0" bw="8" slack="1"/>
<pin id="183" dir="1" index="1" bw="16" slack="0"/>
</pin_list>
<bind>
<opcode="zext(34) " fcode="zext"/>
<opset="zext_ln108/2 "/>
</bind>
</comp>

<comp id="184" class="1004" name="zext_ln108_5_fu_184">
<pin_list>
<pin id="185" dir="0" index="0" bw="8" slack="1"/>
<pin id="186" dir="1" index="1" bw="16" slack="0"/>
</pin_list>
<bind>
<opcode="zext(34) " fcode="zext"/>
<opset="zext_ln108_5/2 "/>
</bind>
</comp>

<comp id="187" class="1004" name="mul_ln108_fu_187">
<pin_list>
<pin id="188" dir="0" index="0" bw="8" slack="0"/>
<pin id="189" dir="0" index="1" bw="8" slack="0"/>
<pin id="190" dir="1" index="2" bw="16" slack="0"/>
</pin_list>
<bind>
<opcode="mul(12) " fcode="mul"/>
<opset="mul_ln108/2 "/>
</bind>
</comp>

<comp id="193" class="1004" name="zext_ln102_fu_193">
<pin_list>
<pin id="194" dir="0" index="0" bw="16" slack="0"/>
<pin id="195" dir="1" index="1" bw="32" slack="3"/>
</pin_list>
<bind>
<opcode="zext(34) " fcode="zext"/>
<opset="zext_ln102/2 "/>
</bind>
</comp>

<comp id="197" class="1004" name="add_ln102_fu_197">
<pin_list>
<pin id="198" dir="0" index="0" bw="6" slack="0"/>
<pin id="199" dir="0" index="1" bw="1" slack="0"/>
<pin id="200" dir="1" index="2" bw="6" slack="0"/>
</pin_list>
<bind>
<opcode="add(8) " fcode="add"/>
<opset="add_ln102/3 "/>
</bind>
</comp>

<comp id="203" class="1004" name="icmp_ln102_fu_203">
<pin_list>
<pin id="204" dir="0" index="0" bw="6" slack="0"/>
<pin id="205" dir="0" index="1" bw="6" slack="2"/>
<pin id="206" dir="1" index="2" bw="1" slack="2147483647"/>
</pin_list>
<bind>
<opcode="icmp(45) " fcode="icmp"/>
<opset="icmp_ln102/3 "/>
</bind>
</comp>

<comp id="208" class="1004" name="add_ln106_fu_208">
<pin_list>
<pin id="209" dir="0" index="0" bw="6" slack="0"/>
<pin id="210" dir="0" index="1" bw="1" slack="0"/>
<pin id="211" dir="1" index="2" bw="6" slack="0"/>
</pin_list>
<bind>
<opcode="add(8) " fcode="add"/>
<opset="add_ln106/4 "/>
</bind>
</comp>

<comp id="214" class="1004" name="zext_ln106_fu_214">
<pin_list>
<pin id="215" dir="0" index="0" bw="6" slack="0"/>
<pin id="216" dir="1" index="1" bw="64" slack="0"/>
</pin_list>
<bind>
<opcode="zext(34) " fcode="zext"/>
<opset="zext_ln106/4 "/>
</bind>
</comp>

<comp id="219" class="1004" name="icmp_ln106_fu_219">
<pin_list>
<pin id="220" dir="0" index="0" bw="6" slack="0"/>
<pin id="221" dir="0" index="1" bw="3" slack="0"/>
<pin id="222" dir="1" index="2" bw="1" slack="2147483647"/>
</pin_list>
<bind>
<opcode="icmp(45) " fcode="icmp"/>
<opset="icmp_ln106/4 "/>
</bind>
</comp>

<comp id="225" class="1004" name="add_ln108_fu_225">
<pin_list>
<pin id="226" dir="0" index="0" bw="32" slack="0"/>
<pin id="227" dir="0" index="1" bw="16" slack="3"/>
<pin id="228" dir="1" index="2" bw="32" slack="1"/>
</pin_list>
<bind>
<opcode="add(8) " fcode="add"/>
<opset="add_ln108/5 "/>
</bind>
</comp>

<comp id="230" class="1004" name="add_ln112_fu_230">
<pin_list>
<pin id="231" dir="0" index="0" bw="6" slack="0"/>
<pin id="232" dir="0" index="1" bw="1" slack="0"/>
<pin id="233" dir="1" index="2" bw="6" slack="0"/>
</pin_list>
<bind>
<opcode="add(8) " fcode="add"/>
<opset="add_ln112/7 "/>
</bind>
</comp>

<comp id="236" class="1004" name="zext_ln112_fu_236">
<pin_list>
<pin id="237" dir="0" index="0" bw="6" slack="0"/>
<pin id="238" dir="1" index="1" bw="64" slack="0"/>
</pin_list>
<bind>
<opcode="zext(34) " fcode="zext"/>
<opset="zext_ln112/7 "/>
</bind>
</comp>

<comp id="241" class="1004" name="icmp_ln112_fu_241">
<pin_list>
<pin id="242" dir="0" index="0" bw="6" slack="0"/>
<pin id="243" dir="0" index="1" bw="3" slack="0"/>
<pin id="244" dir="1" index="2" bw="1" slack="2147483647"/>
</pin_list>
<bind>
<opcode="icmp(45) " fcode="icmp"/>
<opset="icmp_ln112/7 "/>
</bind>
</comp>

<comp id="247" class="1004" name="empty_43_fu_247">
<pin_list>
<pin id="248" dir="0" index="0" bw="32" slack="1"/>
<pin id="249" dir="0" index="1" bw="6" slack="0"/>
<pin id="250" dir="1" index="2" bw="1" slack="0"/>
</pin_list>
<bind>
<opcode="icmp(45) " fcode="icmp"/>
<opset="empty_43/9 "/>
</bind>
</comp>

<comp id="252" class="1004" name="empty_44_fu_252">
<pin_list>
<pin id="253" dir="0" index="0" bw="32" slack="1"/>
<pin id="254" dir="0" index="1" bw="1" slack="0"/>
<pin id="255" dir="1" index="2" bw="1" slack="0"/>
</pin_list>
<bind>
<opcode="icmp(45) " fcode="icmp"/>
<opset="empty_44/9 "/>
</bind>
</comp>

<comp id="257" class="1004" name="empty_45_fu_257">
<pin_list>
<pin id="258" dir="0" index="0" bw="1" slack="0"/>
<pin id="259" dir="0" index="1" bw="1" slack="0"/>
<pin id="260" dir="1" index="2" bw="1" slack="36"/>
</pin_list>
<bind>
<opcode="or(24) " fcode="or"/>
<opset="empty_45/9 "/>
</bind>
</comp>

<comp id="263" class="1004" name="grp_fu_263">
<pin_list>
<pin id="264" dir="0" index="0" bw="32" slack="1"/>
<pin id="265" dir="0" index="1" bw="6" slack="0"/>
<pin id="266" dir="1" index="2" bw="32" slack="0"/>
</pin_list>
<bind>
<opcode="urem(17) " fcode="urem"/>
<opset="rem_V/9 "/>
</bind>
</comp>

<comp id="268" class="1004" name="trunc_ln167_fu_268">
<pin_list>
<pin id="269" dir="0" index="0" bw="6" slack="0"/>
<pin id="270" dir="1" index="1" bw="5" slack="1"/>
</pin_list>
<bind>
<opcode="trunc(33) " fcode="trunc"/>
<opset="trunc_ln167/44 "/>
</bind>
</comp>

<comp id="272" class="1004" name="r_sig_V_fu_272">
<pin_list>
<pin id="273" dir="0" index="0" bw="1" slack="0"/>
<pin id="274" dir="0" index="1" bw="6" slack="0"/>
<pin id="275" dir="0" index="2" bw="4" slack="0"/>
<pin id="276" dir="1" index="3" bw="1" slack="1"/>
</pin_list>
<bind>
<opcode="bitselect(1000) " fcode="bitselect"/>
<opset="r_sig_V/44 "/>
</bind>
</comp>

<comp id="280" class="1004" name="zext_ln159_fu_280">
<pin_list>
<pin id="281" dir="0" index="0" bw="5" slack="1"/>
<pin id="282" dir="1" index="1" bw="6" slack="0"/>
</pin_list>
<bind>
<opcode="zext(34) " fcode="zext"/>
<opset="zext_ln159/45 "/>
</bind>
</comp>

<comp id="283" class="1004" name="rem_V_10_fu_283">
<pin_list>
<pin id="284" dir="0" index="0" bw="5" slack="1"/>
<pin id="285" dir="0" index="1" bw="1" slack="0"/>
<pin id="286" dir="1" index="2" bw="5" slack="0"/>
</pin_list>
<bind>
<opcode="xor(25) " fcode="xor"/>
<opset="rem_V_10/45 "/>
</bind>
</comp>

<comp id="288" class="1004" name="rem_V_12_fu_288">
<pin_list>
<pin id="289" dir="0" index="0" bw="1" slack="1"/>
<pin id="290" dir="0" index="1" bw="5" slack="0"/>
<pin id="291" dir="0" index="2" bw="5" slack="1"/>
<pin id="292" dir="1" index="3" bw="5" slack="0"/>
</pin_list>
<bind>
<opcode="select(49) " fcode="select"/>
<opset="rem_V_12/45 "/>
</bind>
</comp>

<comp id="294" class="1004" name="zext_ln164_fu_294">
<pin_list>
<pin id="295" dir="0" index="0" bw="5" slack="0"/>
<pin id="296" dir="1" index="1" bw="6" slack="0"/>
</pin_list>
<bind>
<opcode="zext(34) " fcode="zext"/>
<opset="zext_ln164/45 "/>
</bind>
</comp>

<comp id="298" class="1004" name="sub_ln657_fu_298">
<pin_list>
<pin id="299" dir="0" index="0" bw="1" slack="0"/>
<pin id="300" dir="0" index="1" bw="5" slack="0"/>
<pin id="301" dir="1" index="2" bw="6" slack="0"/>
</pin_list>
<bind>
<opcode="sub(10) " fcode="sub"/>
<opset="sub_ln657/45 "/>
</bind>
</comp>

<comp id="304" class="1004" name="select_ln175_fu_304">
<pin_list>
<pin id="305" dir="0" index="0" bw="1" slack="1"/>
<pin id="306" dir="0" index="1" bw="6" slack="0"/>
<pin id="307" dir="0" index="2" bw="5" slack="0"/>
<pin id="308" dir="1" index="3" bw="6" slack="0"/>
</pin_list>
<bind>
<opcode="select(49) " fcode="select"/>
<opset="select_ln175/45 "/>
</bind>
</comp>

<comp id="312" class="1005" name="len_read_reg_312">
<pin_list>
<pin id="313" dir="0" index="0" bw="6" slack="2"/>
<pin id="314" dir="1" index="1" bw="6" slack="2"/>
</pin_list>
<bind>
<opset="len_read "/>
</bind>
</comp>

<comp id="317" class="1005" name="coeffs_read_3_reg_317">
<pin_list>
<pin id="318" dir="0" index="0" bw="8" slack="1"/>
<pin id="319" dir="1" index="1" bw="8" slack="1"/>
</pin_list>
<bind>
<opset="coeffs_read_3 "/>
</bind>
</comp>

<comp id="322" class="1005" name="vecs_read_1_reg_322">
<pin_list>
<pin id="323" dir="0" index="0" bw="8" slack="1"/>
<pin id="324" dir="1" index="1" bw="8" slack="1"/>
</pin_list>
<bind>
<opset="vecs_read_1 "/>
</bind>
</comp>

<comp id="327" class="1005" name="empty_38_reg_327">
<pin_list>
<pin id="328" dir="0" index="0" bw="6" slack="0"/>
<pin id="329" dir="1" index="1" bw="6" slack="0"/>
</pin_list>
<bind>
<opset="empty_38 "/>
</bind>
</comp>

<comp id="335" class="1005" name="zext_ln102_reg_335">
<pin_list>
<pin id="336" dir="0" index="0" bw="32" slack="3"/>
<pin id="337" dir="1" index="1" bw="32" slack="3"/>
</pin_list>
<bind>
<opset="zext_ln102 "/>
</bind>
</comp>

<comp id="340" class="1005" name="add_ln102_reg_340">
<pin_list>
<pin id="341" dir="0" index="0" bw="6" slack="0"/>
<pin id="342" dir="1" index="1" bw="6" slack="0"/>
</pin_list>
<bind>
<opset="add_ln102 "/>
</bind>
</comp>

<comp id="348" class="1005" name="add_ln106_reg_348">
<pin_list>
<pin id="349" dir="0" index="0" bw="6" slack="0"/>
<pin id="350" dir="1" index="1" bw="6" slack="0"/>
</pin_list>
<bind>
<opset="add_ln106 "/>
</bind>
</comp>

<comp id="356" class="1005" name="accumulators_addr_6_reg_356">
<pin_list>
<pin id="357" dir="0" index="0" bw="6" slack="1"/>
<pin id="358" dir="1" index="1" bw="6" slack="1"/>
</pin_list>
<bind>
<opset="accumulators_addr_6 "/>
</bind>
</comp>

<comp id="361" class="1005" name="add_ln108_reg_361">
<pin_list>
<pin id="362" dir="0" index="0" bw="32" slack="1"/>
<pin id="363" dir="1" index="1" bw="32" slack="1"/>
</pin_list>
<bind>
<opset="add_ln108 "/>
</bind>
</comp>

<comp id="366" class="1005" name="add_ln112_reg_366">
<pin_list>
<pin id="367" dir="0" index="0" bw="6" slack="0"/>
<pin id="368" dir="1" index="1" bw="6" slack="0"/>
</pin_list>
<bind>
<opset="add_ln112 "/>
</bind>
</comp>

<comp id="371" class="1005" name="zext_ln112_reg_371">
<pin_list>
<pin id="372" dir="0" index="0" bw="64" slack="38"/>
<pin id="373" dir="1" index="1" bw="64" slack="38"/>
</pin_list>
<bind>
<opset="zext_ln112 "/>
</bind>
</comp>

<comp id="379" class="1005" name="accumulators_addr_5_reg_379">
<pin_list>
<pin id="380" dir="0" index="0" bw="6" slack="1"/>
<pin id="381" dir="1" index="1" bw="6" slack="1"/>
</pin_list>
<bind>
<opset="accumulators_addr_5 "/>
</bind>
</comp>

<comp id="384" class="1005" name="tmp_reg_384">
<pin_list>
<pin id="385" dir="0" index="0" bw="32" slack="1"/>
<pin id="386" dir="1" index="1" bw="32" slack="1"/>
</pin_list>
<bind>
<opset="tmp "/>
</bind>
</comp>

<comp id="391" class="1005" name="empty_45_reg_391">
<pin_list>
<pin id="392" dir="0" index="0" bw="1" slack="36"/>
<pin id="393" dir="1" index="1" bw="1" slack="2147483647"/>
</pin_list>
<bind>
<opset="empty_45 "/>
</bind>
</comp>

<comp id="395" class="1005" name="trunc_ln167_reg_395">
<pin_list>
<pin id="396" dir="0" index="0" bw="5" slack="1"/>
<pin id="397" dir="1" index="1" bw="5" slack="1"/>
</pin_list>
<bind>
<opset="trunc_ln167 "/>
</bind>
</comp>

<comp id="402" class="1005" name="r_sig_V_reg_402">
<pin_list>
<pin id="403" dir="0" index="0" bw="1" slack="1"/>
<pin id="404" dir="1" index="1" bw="1" slack="1"/>
</pin_list>
<bind>
<opset="r_sig_V "/>
</bind>
</comp>

</comp_list>

<net_list>
<net id="49"><net_src comp="12" pin="0"/><net_sink comp="46" pin=0"/></net>

<net id="54"><net_src comp="8" pin="0"/><net_sink comp="50" pin=0"/></net>

<net id="55"><net_src comp="4" pin="0"/><net_sink comp="50" pin=1"/></net>

<net id="60"><net_src comp="10" pin="0"/><net_sink comp="56" pin=0"/></net>

<net id="61"><net_src comp="2" pin="0"/><net_sink comp="56" pin=1"/></net>

<net id="66"><net_src comp="10" pin="0"/><net_sink comp="62" pin=0"/></net>

<net id="67"><net_src comp="0" pin="0"/><net_sink comp="62" pin=1"/></net>

<net id="73"><net_src comp="24" pin="0"/><net_sink comp="68" pin=1"/></net>

<net id="79"><net_src comp="26" pin="0"/><net_sink comp="74" pin=1"/></net>

<net id="80"><net_src comp="68" pin="3"/><net_sink comp="74" pin=0"/></net>

<net id="86"><net_src comp="24" pin="0"/><net_sink comp="81" pin=1"/></net>

<net id="87"><net_src comp="81" pin="3"/><net_sink comp="74" pin=0"/></net>

<net id="93"><net_src comp="24" pin="0"/><net_sink comp="88" pin=1"/></net>

<net id="94"><net_src comp="88" pin="3"/><net_sink comp="74" pin=0"/></net>

<net id="100"><net_src comp="6" pin="0"/><net_sink comp="95" pin=0"/></net>

<net id="101"><net_src comp="24" pin="0"/><net_sink comp="95" pin=1"/></net>

<net id="107"><net_src comp="95" pin="3"/><net_sink comp="102" pin=0"/></net>

<net id="111"><net_src comp="14" pin="0"/><net_sink comp="108" pin=0"/></net>

<net id="118"><net_src comp="108" pin="1"/><net_sink comp="112" pin=0"/></net>

<net id="122"><net_src comp="14" pin="0"/><net_sink comp="119" pin=0"/></net>

<net id="129"><net_src comp="119" pin="1"/><net_sink comp="123" pin=2"/></net>

<net id="133"><net_src comp="14" pin="0"/><net_sink comp="130" pin=0"/></net>

<net id="140"><net_src comp="130" pin="1"/><net_sink comp="134" pin=2"/></net>

<net id="144"><net_src comp="14" pin="0"/><net_sink comp="141" pin=0"/></net>

<net id="151"><net_src comp="141" pin="1"/><net_sink comp="145" pin=2"/></net>

<net id="155"><net_src comp="14" pin="0"/><net_sink comp="152" pin=0"/></net>

<net id="162"><net_src comp="152" pin="1"/><net_sink comp="156" pin=2"/></net>

<net id="163"><net_src comp="156" pin="4"/><net_sink comp="102" pin=1"/></net>

<net id="168"><net_src comp="112" pin="4"/><net_sink comp="164" pin=0"/></net>

<net id="169"><net_src comp="16" pin="0"/><net_sink comp="164" pin=1"/></net>

<net id="173"><net_src comp="112" pin="4"/><net_sink comp="170" pin=0"/></net>

<net id="174"><net_src comp="170" pin="1"/><net_sink comp="68" pin=2"/></net>

<net id="179"><net_src comp="112" pin="4"/><net_sink comp="175" pin=0"/></net>

<net id="180"><net_src comp="18" pin="0"/><net_sink comp="175" pin=1"/></net>

<net id="191"><net_src comp="184" pin="1"/><net_sink comp="187" pin=0"/></net>

<net id="192"><net_src comp="181" pin="1"/><net_sink comp="187" pin=1"/></net>

<net id="196"><net_src comp="187" pin="2"/><net_sink comp="193" pin=0"/></net>

<net id="201"><net_src comp="123" pin="4"/><net_sink comp="197" pin=0"/></net>

<net id="202"><net_src comp="16" pin="0"/><net_sink comp="197" pin=1"/></net>

<net id="207"><net_src comp="123" pin="4"/><net_sink comp="203" pin=0"/></net>

<net id="212"><net_src comp="134" pin="4"/><net_sink comp="208" pin=0"/></net>

<net id="213"><net_src comp="16" pin="0"/><net_sink comp="208" pin=1"/></net>

<net id="217"><net_src comp="134" pin="4"/><net_sink comp="214" pin=0"/></net>

<net id="218"><net_src comp="214" pin="1"/><net_sink comp="81" pin=2"/></net>

<net id="223"><net_src comp="134" pin="4"/><net_sink comp="219" pin=0"/></net>

<net id="224"><net_src comp="18" pin="0"/><net_sink comp="219" pin=1"/></net>

<net id="229"><net_src comp="74" pin="3"/><net_sink comp="225" pin=0"/></net>

<net id="234"><net_src comp="145" pin="4"/><net_sink comp="230" pin=0"/></net>

<net id="235"><net_src comp="16" pin="0"/><net_sink comp="230" pin=1"/></net>

<net id="239"><net_src comp="145" pin="4"/><net_sink comp="236" pin=0"/></net>

<net id="240"><net_src comp="236" pin="1"/><net_sink comp="88" pin=2"/></net>

<net id="245"><net_src comp="145" pin="4"/><net_sink comp="241" pin=0"/></net>

<net id="246"><net_src comp="18" pin="0"/><net_sink comp="241" pin=1"/></net>

<net id="251"><net_src comp="38" pin="0"/><net_sink comp="247" pin=1"/></net>

<net id="256"><net_src comp="26" pin="0"/><net_sink comp="252" pin=1"/></net>

<net id="261"><net_src comp="252" pin="2"/><net_sink comp="257" pin=0"/></net>

<net id="262"><net_src comp="247" pin="2"/><net_sink comp="257" pin=1"/></net>

<net id="267"><net_src comp="38" pin="0"/><net_sink comp="263" pin=1"/></net>

<net id="271"><net_src comp="263" pin="2"/><net_sink comp="268" pin=0"/></net>

<net id="277"><net_src comp="40" pin="0"/><net_sink comp="272" pin=0"/></net>

<net id="278"><net_src comp="263" pin="2"/><net_sink comp="272" pin=1"/></net>

<net id="279"><net_src comp="42" pin="0"/><net_sink comp="272" pin=2"/></net>

<net id="287"><net_src comp="44" pin="0"/><net_sink comp="283" pin=1"/></net>

<net id="293"><net_src comp="283" pin="2"/><net_sink comp="288" pin=1"/></net>

<net id="297"><net_src comp="288" pin="3"/><net_sink comp="294" pin=0"/></net>

<net id="302"><net_src comp="14" pin="0"/><net_sink comp="298" pin=0"/></net>

<net id="303"><net_src comp="294" pin="1"/><net_sink comp="298" pin=1"/></net>

<net id="309"><net_src comp="298" pin="2"/><net_sink comp="304" pin=1"/></net>

<net id="310"><net_src comp="280" pin="1"/><net_sink comp="304" pin=2"/></net>

<net id="311"><net_src comp="304" pin="3"/><net_sink comp="156" pin=0"/></net>

<net id="315"><net_src comp="50" pin="2"/><net_sink comp="312" pin=0"/></net>

<net id="316"><net_src comp="312" pin="1"/><net_sink comp="203" pin=1"/></net>

<net id="320"><net_src comp="56" pin="2"/><net_sink comp="317" pin=0"/></net>

<net id="321"><net_src comp="317" pin="1"/><net_sink comp="181" pin=0"/></net>

<net id="325"><net_src comp="62" pin="2"/><net_sink comp="322" pin=0"/></net>

<net id="326"><net_src comp="322" pin="1"/><net_sink comp="184" pin=0"/></net>

<net id="330"><net_src comp="164" pin="2"/><net_sink comp="327" pin=0"/></net>

<net id="331"><net_src comp="327" pin="1"/><net_sink comp="112" pin=2"/></net>

<net id="338"><net_src comp="193" pin="1"/><net_sink comp="335" pin=0"/></net>

<net id="339"><net_src comp="335" pin="1"/><net_sink comp="225" pin=1"/></net>

<net id="343"><net_src comp="197" pin="2"/><net_sink comp="340" pin=0"/></net>

<net id="344"><net_src comp="340" pin="1"/><net_sink comp="123" pin=0"/></net>

<net id="351"><net_src comp="208" pin="2"/><net_sink comp="348" pin=0"/></net>

<net id="352"><net_src comp="348" pin="1"/><net_sink comp="134" pin=0"/></net>

<net id="359"><net_src comp="81" pin="3"/><net_sink comp="356" pin=0"/></net>

<net id="360"><net_src comp="356" pin="1"/><net_sink comp="74" pin=0"/></net>

<net id="364"><net_src comp="225" pin="2"/><net_sink comp="361" pin=0"/></net>

<net id="365"><net_src comp="361" pin="1"/><net_sink comp="74" pin=1"/></net>

<net id="369"><net_src comp="230" pin="2"/><net_sink comp="366" pin=0"/></net>

<net id="370"><net_src comp="366" pin="1"/><net_sink comp="145" pin=0"/></net>

<net id="374"><net_src comp="236" pin="1"/><net_sink comp="371" pin=0"/></net>

<net id="375"><net_src comp="371" pin="1"/><net_sink comp="95" pin=2"/></net>

<net id="382"><net_src comp="88" pin="3"/><net_sink comp="379" pin=0"/></net>

<net id="383"><net_src comp="379" pin="1"/><net_sink comp="74" pin=0"/></net>

<net id="387"><net_src comp="74" pin="3"/><net_sink comp="384" pin=0"/></net>

<net id="388"><net_src comp="384" pin="1"/><net_sink comp="247" pin=0"/></net>

<net id="389"><net_src comp="384" pin="1"/><net_sink comp="252" pin=0"/></net>

<net id="390"><net_src comp="384" pin="1"/><net_sink comp="263" pin=0"/></net>

<net id="394"><net_src comp="257" pin="2"/><net_sink comp="391" pin=0"/></net>

<net id="398"><net_src comp="268" pin="1"/><net_sink comp="395" pin=0"/></net>

<net id="399"><net_src comp="395" pin="1"/><net_sink comp="280" pin=0"/></net>

<net id="400"><net_src comp="395" pin="1"/><net_sink comp="283" pin=0"/></net>

<net id="401"><net_src comp="395" pin="1"/><net_sink comp="288" pin=2"/></net>

<net id="405"><net_src comp="272" pin="3"/><net_sink comp="402" pin=0"/></net>

<net id="406"><net_src comp="402" pin="1"/><net_sink comp="288" pin=0"/></net>

<net id="407"><net_src comp="402" pin="1"/><net_sink comp="304" pin=0"/></net>

</net_list>

</model> 
---------------- Datapath Model END ------------------

* FSMD analyzer results:
  - Output states:
	Port: out_r | {45 }
 - Input state : 
	Port: linear_combination : vecs_read | {1 }
	Port: linear_combination : coeffs_read | {1 }
	Port: linear_combination : len | {1 }
  - Chain level:
	State 1
	State 2
		empty_38 : 1
		p_cast : 1
		exitcond136 : 1
		br_ln0 : 2
		accumulators_addr : 2
		store_ln0 : 3
		mul_ln108 : 1
		zext_ln102 : 2
	State 3
		add_ln102 : 1
		icmp_ln102 : 1
		br_ln102 : 2
	State 4
		add_ln106 : 1
		zext_ln106 : 1
		icmp_ln106 : 1
		br_ln106 : 2
		accumulators_addr_6 : 2
		accumulators_load : 3
	State 5
		add_ln108 : 1
	State 6
	State 7
		add_ln112 : 1
		zext_ln112 : 1
		icmp_ln112 : 1
		br_ln112 : 2
		accumulators_addr_5 : 2
		tmp : 3
	State 8
	State 9
		empty_45 : 1
		br_ln116 : 1
	State 10
	State 11
	State 12
	State 13
	State 14
	State 15
	State 16
	State 17
	State 18
	State 19
	State 20
	State 21
	State 22
	State 23
	State 24
	State 25
	State 26
	State 27
	State 28
	State 29
	State 30
	State 31
	State 32
	State 33
	State 34
	State 35
	State 36
	State 37
	State 38
	State 39
	State 40
	State 41
	State 42
	State 43
	State 44
		trunc_ln167 : 1
		r_sig_V : 1
	State 45
		zext_ln164 : 1
		sub_ln657 : 2
		select_ln175 : 3
		p_Val2_s : 4
		store_ln116 : 5


============================================================
+ Verbose Summary: Datapath Resource usage 
============================================================

* Functional unit list:
|----------|--------------------------|---------|---------|---------|
| Operation|      Functional Unit     |   DSP   |    FF   |   LUT   |
|----------|--------------------------|---------|---------|---------|
|   urem   |        grp_fu_263        |    0    |   394   |   238   |
|----------|--------------------------|---------|---------|---------|
|          |      empty_38_fu_164     |    0    |    0    |    14   |
|          |     add_ln102_fu_197     |    0    |    0    |    14   |
|    add   |     add_ln106_fu_208     |    0    |    0    |    14   |
|          |     add_ln108_fu_225     |    0    |    0    |    39   |
|          |     add_ln112_fu_230     |    0    |    0    |    14   |
|----------|--------------------------|---------|---------|---------|
|          |    exitcond136_fu_175    |    0    |    0    |    10   |
|          |     icmp_ln102_fu_203    |    0    |    0    |    10   |
|   icmp   |     icmp_ln106_fu_219    |    0    |    0    |    10   |
|          |     icmp_ln112_fu_241    |    0    |    0    |    10   |
|          |      empty_43_fu_247     |    0    |    0    |    18   |
|          |      empty_44_fu_252     |    0    |    0    |    18   |
|----------|--------------------------|---------|---------|---------|
|    mul   |     mul_ln108_fu_187     |    0    |    0    |    41   |
|----------|--------------------------|---------|---------|---------|
|    sub   |     sub_ln657_fu_298     |    0    |    0    |    13   |
|----------|--------------------------|---------|---------|---------|
|  select  |      rem_V_12_fu_288     |    0    |    0    |    5    |
|          |    select_ln175_fu_304   |    0    |    0    |    6    |
|----------|--------------------------|---------|---------|---------|
|    xor   |      rem_V_10_fu_283     |    0    |    0    |    5    |
|----------|--------------------------|---------|---------|---------|
|    or    |      empty_45_fu_257     |    0    |    0    |    2    |
|----------|--------------------------|---------|---------|---------|
|          |    len_read_read_fu_50   |    0    |    0    |    0    |
|   read   | coeffs_read_3_read_fu_56 |    0    |    0    |    0    |
|          |  vecs_read_1_read_fu_62  |    0    |    0    |    0    |
|----------|--------------------------|---------|---------|---------|
|          |       p_cast_fu_170      |    0    |    0    |    0    |
|          |     zext_ln108_fu_181    |    0    |    0    |    0    |
|          |    zext_ln108_5_fu_184   |    0    |    0    |    0    |
|   zext   |     zext_ln102_fu_193    |    0    |    0    |    0    |
|          |     zext_ln106_fu_214    |    0    |    0    |    0    |
|          |     zext_ln112_fu_236    |    0    |    0    |    0    |
|          |     zext_ln159_fu_280    |    0    |    0    |    0    |
|          |     zext_ln164_fu_294    |    0    |    0    |    0    |
|----------|--------------------------|---------|---------|---------|
|   trunc  |    trunc_ln167_fu_268    |    0    |    0    |    0    |
|----------|--------------------------|---------|---------|---------|
| bitselect|      r_sig_V_fu_272      |    0    |    0    |    0    |
|----------|--------------------------|---------|---------|---------|
|   Total  |                          |    0    |   394   |   481   |
|----------|--------------------------|---------|---------|---------|

Memories:
+------------+--------+--------+--------+
|            |  BRAM  |   FF   |   LUT  |
+------------+--------+--------+--------+
|accumulators|    1   |    0   |    0   |
+------------+--------+--------+--------+
|    Total   |    1   |    0   |    0   |
+------------+--------+--------+--------+

* Register list:
+---------------------------+--------+
|                           |   FF   |
+---------------------------+--------+
|accumulators_addr_5_reg_379|    6   |
|accumulators_addr_6_reg_356|    6   |
|     add_ln102_reg_340     |    6   |
|     add_ln106_reg_348     |    6   |
|     add_ln108_reg_361     |   32   |
|     add_ln112_reg_366     |    6   |
|   coeffs_read_3_reg_317   |    8   |
|      empty_38_reg_327     |    6   |
|      empty_45_reg_391     |    1   |
|       empty_reg_108       |    6   |
|        i_3_reg_141        |    6   |
|         i_reg_119         |    6   |
|         j_reg_130         |    6   |
|      len_read_reg_312     |    6   |
|      p_Val2_s_reg_152     |    6   |
|      r_sig_V_reg_402      |    1   |
|        tmp_reg_384        |   32   |
|    trunc_ln167_reg_395    |    5   |
|    vecs_read_1_reg_322    |    8   |
|     zext_ln102_reg_335    |   32   |
|     zext_ln112_reg_371    |   64   |
+---------------------------+--------+
|           Total           |   255  |
+---------------------------+--------+

* Multiplexer (MUX) list: 
|------------------|------|------|------|--------||---------||---------|
|       Comp       |  Pin | Size |  BW  | S x BW ||  Delay  ||   LUT   |
|------------------|------|------|------|--------||---------||---------|
| grp_access_fu_74 |  p0  |   5  |   6  |   30   ||    25   |
| grp_access_fu_74 |  p1  |   2  |  32  |   64   ||    9    |
|------------------|------|------|------|--------||---------||---------|
|       Total      |      |      |      |   94   ||  3.5339 ||    34   |
|------------------|------|------|------|--------||---------||---------|



* Summary:
+-----------+--------+--------+--------+--------+--------+
|           |  BRAM  |   DSP  |  Delay |   FF   |   LUT  |
+-----------+--------+--------+--------+--------+--------+
|  Function |    -   |    0   |    -   |   394  |   481  |
|   Memory  |    1   |    -   |    -   |    0   |    0   |
|Multiplexer|    -   |    -   |    3   |    -   |   34   |
|  Register |    -   |    -   |    -   |   255  |    -   |
+-----------+--------+--------+--------+--------+--------+
|   Total   |    1   |    0   |    3   |   649  |   515  |
+-----------+--------+--------+--------+--------+--------+
